../Drivers/STM32F4xx_HAL_Driver/Inc/stm32f4xx_ll_gpio.h:881:22:LL_GPIO_SetOutputPin	16	static
../Drivers/STM32F4xx_HAL_Driver/Inc/stm32f4xx_ll_gpio.h:910:22:LL_GPIO_ResetOutputPin	16	static
../Core/LED/status_led.c:58:6:status_led_set_status	16	static
../Core/LED/status_led.c:63:6:status_led_init	8	static
../Core/LED/status_led.c:73:13:status_led_off	8	static
../Core/LED/status_led.c:79:13:status_led_on	8	static
../Core/LED/status_led.c:85:6:status_led_update	8	static
../Core/LED/status_led.c:101:13:status_led_powerup	8	static
../Core/LED/status_led.c:161:13:status_led_normal	4	static
../Core/LED/status_led.c:183:6:status_led_create_task	8	static
