Archive member included to satisfy reference by file (symbol)

C:/ST/STM32CubeIDE_1.15.1/STM32CubeIDE/plugins/com.st.stm32cube.ide.mcu.externaltools.gnu-tools-for-stm32.12.3.rel1.win32_1.0.100.202403111256/tools/bin/../lib/gcc/arm-none-eabi/12.3.1/../../../../arm-none-eabi/lib/thumb/v7e-m+fp/hard\libc_nano.a(libc_a-atoi.o)
                              ./Core/CMDLine/cmd_IOU/iou_cmd.o (atoi)
C:/ST/STM32CubeIDE_1.15.1/STM32CubeIDE/plugins/com.st.stm32cube.ide.mcu.externaltools.gnu-tools-for-stm32.12.3.rel1.win32_1.0.100.202403111256/tools/bin/../lib/gcc/arm-none-eabi/12.3.1/../../../../arm-none-eabi/lib/thumb/v7e-m+fp/hard\libc_nano.a(libc_a-exit.o)
                              C:/ST/STM32CubeIDE_1.15.1/STM32CubeIDE/plugins/com.st.stm32cube.ide.mcu.externaltools.gnu-tools-for-stm32.12.3.rel1.win32_1.0.100.202403111256/tools/bin/../lib/gcc/arm-none-eabi/12.3.1/../../../../arm-none-eabi/lib/thumb/v7e-m+fp/hard/crt0.o (exit)
C:/ST/STM32CubeIDE_1.15.1/STM32CubeIDE/plugins/com.st.stm32cube.ide.mcu.externaltools.gnu-tools-for-stm32.12.3.rel1.win32_1.0.100.202403111256/tools/bin/../lib/gcc/arm-none-eabi/12.3.1/../../../../arm-none-eabi/lib/thumb/v7e-m+fp/hard\libc_nano.a(libc_a-strtol.o)
                              C:/ST/STM32CubeIDE_1.15.1/STM32CubeIDE/plugins/com.st.stm32cube.ide.mcu.externaltools.gnu-tools-for-stm32.12.3.rel1.win32_1.0.100.202403111256/tools/bin/../lib/gcc/arm-none-eabi/12.3.1/../../../../arm-none-eabi/lib/thumb/v7e-m+fp/hard\libc_nano.a(libc_a-atoi.o) (_strtol_r)
C:/ST/STM32CubeIDE_1.15.1/STM32CubeIDE/plugins/com.st.stm32cube.ide.mcu.externaltools.gnu-tools-for-stm32.12.3.rel1.win32_1.0.100.202403111256/tools/bin/../lib/gcc/arm-none-eabi/12.3.1/../../../../arm-none-eabi/lib/thumb/v7e-m+fp/hard\libc_nano.a(libc_a-ctype_.o)
                              C:/ST/STM32CubeIDE_1.15.1/STM32CubeIDE/plugins/com.st.stm32cube.ide.mcu.externaltools.gnu-tools-for-stm32.12.3.rel1.win32_1.0.100.202403111256/tools/bin/../lib/gcc/arm-none-eabi/12.3.1/../../../../arm-none-eabi/lib/thumb/v7e-m+fp/hard\libc_nano.a(libc_a-strtol.o) (_ctype_)
C:/ST/STM32CubeIDE_1.15.1/STM32CubeIDE/plugins/com.st.stm32cube.ide.mcu.externaltools.gnu-tools-for-stm32.12.3.rel1.win32_1.0.100.202403111256/tools/bin/../lib/gcc/arm-none-eabi/12.3.1/../../../../arm-none-eabi/lib/thumb/v7e-m+fp/hard\libc_nano.a(libc_a-nano-vfprintf_float.o)
                              (_printf_float)
C:/ST/STM32CubeIDE_1.15.1/STM32CubeIDE/plugins/com.st.stm32cube.ide.mcu.externaltools.gnu-tools-for-stm32.12.3.rel1.win32_1.0.100.202403111256/tools/bin/../lib/gcc/arm-none-eabi/12.3.1/../../../../arm-none-eabi/lib/thumb/v7e-m+fp/hard\libc_nano.a(libc_a-nano-vfprintf_i.o)
                              C:/ST/STM32CubeIDE_1.15.1/STM32CubeIDE/plugins/com.st.stm32cube.ide.mcu.externaltools.gnu-tools-for-stm32.12.3.rel1.win32_1.0.100.202403111256/tools/bin/../lib/gcc/arm-none-eabi/12.3.1/../../../../arm-none-eabi/lib/thumb/v7e-m+fp/hard\libc_nano.a(libc_a-nano-vfprintf_float.o) (_printf_common)
C:/ST/STM32CubeIDE_1.15.1/STM32CubeIDE/plugins/com.st.stm32cube.ide.mcu.externaltools.gnu-tools-for-stm32.12.3.rel1.win32_1.0.100.202403111256/tools/bin/../lib/gcc/arm-none-eabi/12.3.1/../../../../arm-none-eabi/lib/thumb/v7e-m+fp/hard\libc_nano.a(libc_a-nano-vfscanf_float.o)
                              (_scanf_float)
C:/ST/STM32CubeIDE_1.15.1/STM32CubeIDE/plugins/com.st.stm32cube.ide.mcu.externaltools.gnu-tools-for-stm32.12.3.rel1.win32_1.0.100.202403111256/tools/bin/../lib/gcc/arm-none-eabi/12.3.1/../../../../arm-none-eabi/lib/thumb/v7e-m+fp/hard\libc_nano.a(libc_a-findfp.o)
                              C:/ST/STM32CubeIDE_1.15.1/STM32CubeIDE/plugins/com.st.stm32cube.ide.mcu.externaltools.gnu-tools-for-stm32.12.3.rel1.win32_1.0.100.202403111256/tools/bin/../lib/gcc/arm-none-eabi/12.3.1/../../../../arm-none-eabi/lib/thumb/v7e-m+fp/hard\libc_nano.a(libc_a-exit.o) (__stdio_exit_handler)
C:/ST/STM32CubeIDE_1.15.1/STM32CubeIDE/plugins/com.st.stm32cube.ide.mcu.externaltools.gnu-tools-for-stm32.12.3.rel1.win32_1.0.100.202403111256/tools/bin/../lib/gcc/arm-none-eabi/12.3.1/../../../../arm-none-eabi/lib/thumb/v7e-m+fp/hard\libc_nano.a(libc_a-fwalk.o)
                              C:/ST/STM32CubeIDE_1.15.1/STM32CubeIDE/plugins/com.st.stm32cube.ide.mcu.externaltools.gnu-tools-for-stm32.12.3.rel1.win32_1.0.100.202403111256/tools/bin/../lib/gcc/arm-none-eabi/12.3.1/../../../../arm-none-eabi/lib/thumb/v7e-m+fp/hard\libc_nano.a(libc_a-findfp.o) (_fwalk_sglue)
C:/ST/STM32CubeIDE_1.15.1/STM32CubeIDE/plugins/com.st.stm32cube.ide.mcu.externaltools.gnu-tools-for-stm32.12.3.rel1.win32_1.0.100.202403111256/tools/bin/../lib/gcc/arm-none-eabi/12.3.1/../../../../arm-none-eabi/lib/thumb/v7e-m+fp/hard\libc_nano.a(libc_a-sprintf.o)
                              ./Core/CMDLine/command.o (sprintf)
[...]
Memory Configuration

Name             Origin             Length             Attributes
CCMRAM           0x10000000         0x00010000         xrw
RAM              0x20000000         0x00020000         xrw
FLASH            0x08000000         0x00100000         xr
*default*        0x00000000         0xffffffff

Linker script and memory map

LOAD C:/ST/STM32CubeIDE_1.15.1/STM32CubeIDE/plugins/com.st.stm32cube.ide.mcu.externaltools.gnu-tools-for-stm32.12.3.rel1.win32_1.0.100.202403111256/tools/bin/../lib/gcc/arm-none-eabi/12.3.1/thumb/v7e-m+fp/hard/crti.o
LOAD C:/ST/STM32CubeIDE_1.15.1/STM32CubeIDE/plugins/com.st.stm32cube.ide.mcu.externaltools.gnu-tools-for-stm32.12.3.rel1.win32_1.0.100.202403111256/tools/bin/../lib/gcc/arm-none-eabi/12.3.1/thumb/v7e-m+fp/hard/crtbegin.o
LOAD C:/ST/STM32CubeIDE_1.15.1/STM32CubeIDE/plugins/com.st.stm32cube.ide.mcu.externaltools.gnu-tools-for-stm32.12.3.rel1.win32_1.0.100.202403111256/tools/bin/../lib/gcc/arm-none-eabi/12.3.1/../../../../arm-none-eabi/lib/thumb/v7e-m+fp/hard/crt0.o
LOAD ./BSP/RTC/ds3231.o
LOAD ./BSP/SysTick/systick.o
LOAD ./BSP/UART/uart.o
LOAD ./Core/CMDLine/ACK_packet/ACKsend_packet.o
LOAD ./Core/CMDLine/cmd_CAM/cam_cmd.o
LOAD ./Core/CMDLine/cmd_IOU/iou_cmd.o
LOAD ./Core/CMDLine/cmd_PDU/pdu_cmd.o
LOAD ./Core/CMDLine/cmd_PMU/pmu_cmd.o
LOAD ./Core/CMDLine/cmdline.o
LOAD ./Core/CMDLine/command.o
LOAD ./Core/CMDLine/rs422.o
LOAD ./Core/CPOC/CPOC.o
LOAD ./Core/LED/status_led.o
LOAD ./Core/SYS/sys.o
LOAD ./Core/Src/main.o
LOAD ./Core/Src/stm32f4xx_it.o
LOAD ./Core/Src/syscalls.o
LOAD ./Core/Src/sysmem.o
LOAD ./Core/Src/system_stm32f4xx.o
LOAD ./Core/Startup/startup_stm32f405rgtx.o
LOAD ./Core/WATCHDOG/watchdog.o
LOAD ./Drivers/STM32F4xx_HAL_Driver/Src/stm32f4xx_ll_dma.o
LOAD ./Drivers/STM32F4xx_HAL_Driver/Src/stm32f4xx_ll_exti.o
LOAD ./Drivers/STM32F4xx_HAL_Driver/Src/stm32f4xx_ll_gpio.o
LOAD ./Drivers/STM32F4xx_HAL_Driver/Src/stm32f4xx_ll_i2c.o
LOAD ./Drivers/STM32F4xx_HAL_Driver/Src/stm32f4xx_ll_rcc.o
LOAD ./Drivers/STM32F4xx_HAL_Driver/Src/stm32f4xx_ll_usart.o
LOAD ./Drivers/STM32F4xx_HAL_Driver/Src/stm32f4xx_ll_utils.o
LOAD ./Scheduler/scheduler.o
LOAD ./ThirdParty/libfsp/crc16.o
LOAD ./ThirdParty/libfsp/fsp.o
START GROUP
LOAD C:/ST/STM32CubeIDE_1.15.1/STM32CubeIDE/plugins/com.st.stm32cube.ide.mcu.externaltools.gnu-tools-for-stm32.12.3.rel1.win32_1.0.100.202403111256/tools/bin/../lib/gcc/arm-none-eabi/12.3.1/../../../../arm-none-eabi/lib/thumb/v7e-m+fp/hard\libc_nano.a
LOAD C:/ST/STM32CubeIDE_1.15.1/STM32CubeIDE/plugins/com.st.stm32cube.ide.mcu.externaltools.gnu-tools-for-stm32.12.3.rel1.win32_1.0.100.202403111256/tools/bin/../lib/gcc/arm-none-eabi/12.3.1/../../../../arm-none-eabi/lib/thumb/v7e-m+fp/hard\libm.a
END GROUP
START GROUP
LOAD C:/ST/STM32CubeIDE_1.15.1/STM32CubeIDE/plugins/com.st.stm32cube.ide.mcu.externaltools.gnu-tools-for-stm32.12.3.rel1.win32_1.0.100.202403111256/tools/bin/../lib/gcc/arm-none-eabi/12.3.1/thumb/v7e-m+fp/hard\libgcc.a
LOAD C:/ST/STM32CubeIDE_1.15.1/STM32CubeIDE/plugins/com.st.stm32cube.ide.mcu.externaltools.gnu-tools-for-stm32.12.3.rel1.win32_1.0.100.202403111256/tools/bin/../lib/gcc/arm-none-eabi/12.3.1/../../../../arm-none-eabi/lib/thumb/v7e-m+fp/hard\libc_nano.a
END GROUP
START GROUP
LOAD C:/ST/STM32CubeIDE_1.15.1/STM32CubeIDE/plugins/com.st.stm32cube.ide.mcu.externaltools.gnu-tools-for-stm32.12.3.rel1.win32_1.0.100.202403111256/tools/bin/../lib/gcc/arm-none-eabi/12.3.1/thumb/v7e-m+fp/hard\libgcc.a
LOAD C:/ST/STM32CubeIDE_1.15.1/STM32CubeIDE/plugins/com.st.stm32cube.ide.mcu.externaltools.gnu-tools-for-stm32.12.3.rel1.win32_1.0.100.202403111256/tools/bin/../lib/gcc/arm-none-eabi/12.3.1/../../../../arm-none-eabi/lib/thumb/v7e-m+fp/hard\libc_nano.a
LOAD C:/ST/STM32CubeIDE_1.15.1/STM32CubeIDE/plugins/com.st.stm32cube.ide.mcu.externaltools.gnu-tools-for-stm32.12.3.rel1.win32_1.0.100.202403111256/tools/bin/../lib/gcc/arm-none-eabi/12.3.1/../../../../arm-none-eabi/lib/thumb/v7e-m+fp/hard\libnosys.a
END GROUP
START GROUP
LOAD C:/ST/STM32CubeIDE_1.15.1/STM32CubeIDE/plugins/com.st.stm32cube.ide.mcu.externaltools.gnu-tools-for-stm32.12.3.rel1.win32_1.0.100.202403111256/tools/bin/../lib/gcc/arm-none-eabi/12.3.1/thumb/v7e-m+fp/hard\libgcc.a
LOAD C:/ST/STM32CubeIDE_1.15.1/STM32CubeIDE/plugins/com.st.stm32cube.ide.mcu.externaltools.gnu-tools-for-stm32.12.3.rel1.win32_1.0.100.202403111256/tools/bin/../lib/gcc/arm-none-eabi/12.3.1/../../../../arm-none-eabi/lib/thumb/v7e-m+fp/hard\libc_nano.a
LOAD C:/ST/STM32CubeIDE_1.15.1/STM32CubeIDE/plugins/com.st.stm32cube.ide.mcu.externaltools.gnu-tools-for-stm32.12.3.rel1.win32_1.0.100.202403111256/tools/bin/../lib/gcc/arm-none-eabi/12.3.1/../../../../arm-none-eabi/lib/thumb/v7e-m+fp/hard\libnosys.a
END GROUP
LOAD C:/ST/STM32CubeIDE_1.15.1/STM32CubeIDE/plugins/com.st.stm32cube.ide.mcu.externaltools.gnu-tools-for-stm32.12.3.rel1.win32_1.0.100.202403111256/tools/bin/../lib/gcc/arm-none-eabi/12.3.1/thumb/v7e-m+fp/hard/crtend.o
LOAD C:/ST/STM32CubeIDE_1.15.1/STM32CubeIDE/plugins/com.st.stm32cube.ide.mcu.externaltools.gnu-tools-for-stm32.12.3.rel1.win32_1.0.100.202403111256/tools/bin/../lib/gcc/arm-none-eabi/12.3.1/thumb/v7e-m+fp/hard/crtn.o
                0x20020000                        _estack = (ORIGIN (RAM) + LENGTH (RAM))
                0x00000200                        _Min_Heap_Size = 0x200
                0x00000400                        _Min_Stack_Size = 0x400

.isr_vector     0x08000000      0x188
                0x08000000                        . = ALIGN (0x4)
 *(.isr_vector)
 .isr_vector    0x08000000      0x188 ./Core/Startup/startup_stm32f405rgtx.o
                0x08000000                g_pfnVectors
                0x08000188                        . = ALIGN (0x4)

.text           0x08000190    0x11d04
                0x08000190                        . = ALIGN (0x4)
 *(.text)
 .text          0x08000190       0x40 C:/ST/STM32CubeIDE_1.15.1/STM32CubeIDE/plugins/com.st.stm32cube.ide.mcu.externaltools.gnu-tools-for-stm32.12.3.rel1.win32_1.0.100.202403111256/tools/bin/../lib/gcc/arm-none-eabi/12.3.1/thumb/v7e-m+fp/hard/crtbegin.o
 .text          0x080001d0       0x14 C:/ST/STM32CubeIDE_1.15.1/STM32CubeIDE/plugins/com.st.stm32cube.ide.mcu.externaltools.gnu-tools-for-stm32.12.3.rel1.win32_1.0.100.202403111256/tools/bin/../lib/gcc/arm-none-eabi/12.3.1/../../../../arm-none-eabi/lib/thumb/v7e-m+fp/hard\libc_nano.a(libc_a-strcmp.o)
                0x080001d0                strcmp
 *fill*         0x080001e4        0xc 
 .text          0x080001f0       0xa0 C:/ST/STM32CubeIDE_1.15.1/STM32CubeIDE/plugins/com.st.stm32cube.ide.mcu.externaltools.gnu-tools-for-stm32.12.3.rel1.win32_1.0.100.202403111256/tools/bin/../lib/gcc/arm-none-eabi/12.3.1/../../../../arm-none-eabi/lib/thumb/v7e-m+fp/hard\libc_nano.a(libc_a-memchr.o)
                0x080001f0                memchr
 .text          0x08000290       0x10 C:/ST/STM32CubeIDE_1.15.1/STM32CubeIDE/plugins/com.st.stm32cube.ide.mcu.externaltools.gnu-tools-for-stm32.12.3.rel1.win32_1.0.100.202403111256/tools/bin/../lib/gcc/arm-none-eabi/12.3.1/../../../../arm-none-eabi/lib/thumb/v7e-m+fp/hard\libc_nano.a(libc_a-strlen.o)
                0x08000290                strlen
 .text          0x080002a0      0x378 C:/ST/STM32CubeIDE_1.15.1/STM32CubeIDE/plugins/com.st.stm32cube.ide.mcu.externaltools.gnu-tools-for-stm32.12.3.rel1.win32_1.0.100.202403111256/tools/bin/../lib/gcc/arm-none-eabi/12.3.1/thumb/v7e-m+fp/hard\libgcc.a(_arm_addsubdf3.o)
                0x080002a0                __aeabi_drsub
                0x080002a8                __aeabi_dsub
                0x080002a8                __subdf3
                0x080002ac                __aeabi_dadd
                0x080002ac                __adddf3
                0x08000524                __floatunsidf
                0x08000524                __aeabi_ui2d
                0x08000544                __floatsidf
                0x08000544                __aeabi_i2d
                0x08000568                __aeabi_f2d
                0x08000568                __extendsfdf2
                0x080005ac                __floatundidf
                0x080005ac                __aeabi_ul2d
                0x080005bc                __floatdidf
                0x080005bc                __aeabi_l2d
 .text          0x08000618      0x424 C:/ST/STM32CubeIDE_1.15.1/STM32CubeIDE/plugins/com.st.stm32cube.ide.mcu.externaltools.gnu-tools-for-stm32.12.3.rel1.win32_1.0.100.202403111256/tools/bin/../lib/gcc/arm-none-eabi/12.3.1/thumb/v7e-m+fp/hard\libgcc.a(_arm_muldivdf3.o)
                0x08000618                __aeabi_dmul
                0x08000618                __muldf3
                0x0800086c                __divdf3
                0x0800086c                __aeabi_ddiv
 .text          0x08000a3c      0x110 C:/ST/STM32CubeIDE_1.15.1/STM32CubeIDE/plugins/com.st.stm32cube.ide.mcu.externaltools.gnu-tools-for-stm32.12.3.rel1.win32_1.0.100.202403111256/tools/bin/../lib/gcc/arm-none-eabi/12.3.1/thumb/v7e-m+fp/hard\libgcc.a(_arm_cmpdf2.o)
                0x08000a3c                __gtdf2
                0x08000a3c                __gedf2
                0x08000a44                __ltdf2
                0x08000a44                __ledf2
                0x08000a4c                __nedf2
                0x08000a4c                __eqdf2
                0x08000a4c                __cmpdf2
                0x08000ac8                __aeabi_cdrcmple
                0x08000ad8                __aeabi_cdcmpeq
                0x08000ad8                __aeabi_cdcmple
                0x08000ae8                __aeabi_dcmpeq
                0x08000afc                __aeabi_dcmplt
                0x08000b10                __aeabi_dcmple
                0x08000b24                __aeabi_dcmpge
                0x08000b38                __aeabi_dcmpgt
 .text          0x08000b4c       0x2c C:/ST/STM32CubeIDE_1.15.1/STM32CubeIDE/plugins/com.st.stm32cube.ide.mcu.externaltools.gnu-tools-for-stm32.12.3.rel1.win32_1.0.100.202403111256/tools/bin/../lib/gcc/arm-none-eabi/12.3.1/thumb/v7e-m+fp/hard\libgcc.a(_arm_unorddf2.o)
                0x08000b4c                __unorddf2
                0x08000b4c                __aeabi_dcmpun
 .text          0x08000b78       0x50 C:/ST/STM32CubeIDE_1.15.1/STM32CubeIDE/plugins/com.st.stm32cube.ide.mcu.externaltools.gnu-tools-for-stm32.12.3.rel1.win32_1.0.100.202403111256/tools/bin/../lib/gcc/arm-none-eabi/12.3.1/thumb/v7e-m+fp/hard\libgcc.a(_arm_fixdfsi.o)
                0x08000b78                __aeabi_d2iz
                0x08000b78                __fixdfsi
 .text          0x08000bc8       0x40 C:/ST/STM32CubeIDE_1.15.1/STM32CubeIDE/plugins/com.st.stm32cube.ide.mcu.externaltools.gnu-tools-for-stm32.12.3.rel1.win32_1.0.100.202403111256/tools/bin/../lib/gcc/arm-none-eabi/12.3.1/thumb/v7e-m+fp/hard\libgcc.a(_arm_fixunsdfsi.o)
                0x08000bc8                __aeabi_d2uiz
                0x08000bc8                __fixunsdfsi
 .text          0x08000c08       0xa0 C:/ST/STM32CubeIDE_1.15.1/STM32CubeIDE/plugins/com.st.stm32cube.ide.mcu.externaltools.gnu-tools-for-stm32.12.3.rel1.win32_1.0.100.202403111256/tools/bin/../lib/gcc/arm-none-eabi/12.3.1/thumb/v7e-m+fp/hard\libgcc.a(_arm_truncdfsf2.o)
                0x08000c08                __truncdfsf2
                0x08000c08                __aeabi_d2f
 .text          0x08000ca8       0x30 C:/ST/STM32CubeIDE_1.15.1/STM32CubeIDE/plugins/com.st.stm32cube.ide.mcu.externaltools.gnu-tools-for-stm32.12.3.rel1.win32_1.0.100.202403111256/tools/bin/../lib/gcc/arm-none-eabi/12.3.1/thumb/v7e-m+fp/hard\libgcc.a(_aeabi_uldivmod.o)
                0x08000ca8                __aeabi_uldivmod
 .text          0x08000cd8       0x30 C:/ST/STM32CubeIDE_1.15.1/STM32CubeIDE/plugins/com.st.stm32cube.ide.mcu.externaltools.gnu-tools-for-stm32.12.3.rel1.win32_1.0.100.202403111256/tools/bin/../lib/gcc/arm-none-eabi/12.3.1/thumb/v7e-m+fp/hard\libgcc.a(_fixdfdi.o)
                0x08000cd8                __fixdfdi
                0x08000cd8                __aeabi_d2lz
 .text          0x08000d08       0x3c C:/ST/STM32CubeIDE_1.15.1/STM32CubeIDE/plugins/com.st.stm32cube.ide.mcu.externaltools.gnu-tools-for-stm32.12.3.rel1.win32_1.0.100.202403111256/tools/bin/../lib/gcc/arm-none-eabi/12.3.1/thumb/v7e-m+fp/hard\libgcc.a(_fixunsdfdi.o)
                0x08000d08                __fixunsdfdi
                0x08000d08                __aeabi_d2ulz
 .text          0x08000d44      0x2bc C:/ST/STM32CubeIDE_1.15.1/STM32CubeIDE/plugins/com.st.stm32cube.ide.mcu.externaltools.gnu-tools-for-stm32.12.3.rel1.win32_1.0.100.202403111256/tools/bin/../lib/gcc/arm-none-eabi/12.3.1/thumb/v7e-m+fp/hard\libgcc.a(_udivmoddi4.o)
                0x08000d44                __udivmoddi4
 .text          0x08001000        0x4 C:/ST/STM32CubeIDE_1.15.1/STM32CubeIDE/plugins/com.st.stm32cube.ide.mcu.externaltools.gnu-tools-for-stm32.12.3.rel1.win32_1.0.100.202403111256/tools/bin/../lib/gcc/arm-none-eabi/12.3.1/thumb/v7e-m+fp/hard\libgcc.a(_dvmd_tls.o)
                0x08001000                __aeabi_idiv0
                0x08001000                __aeabi_ldiv0
 *(.text*)
 .text.LL_I2C_IsActiveFlag_TXE
                0x08001004       0x26 ./BSP/RTC/ds3231.o
 .text.LL_I2C_IsActiveFlag_RXNE
                0x0800102a       0x26 ./BSP/RTC/ds3231.o
 .text.LL_I2C_IsActiveFlag_SB
                0x08001050       0x26 ./BSP/RTC/ds3231.o
 .text.LL_I2C_IsActiveFlag_ADDR
                0x08001076       0x26 ./BSP/RTC/ds3231.o
 .text.LL_I2C_IsActiveFlag_BUSY
                0x0800109c       0x26 ./BSP/RTC/ds3231.o
 .text.LL_I2C_ClearFlag_ADDR
                0x080010c2       0x24 ./BSP/RTC/ds3231.o
 .text.LL_I2C_AcknowledgeNextData
                0x080010e6       0x26 ./BSP/RTC/ds3231.o
 .text.LL_I2C_GenerateStartCondition
                0x0800110c       0x20 ./BSP/RTC/ds3231.o
 .text.LL_I2C_GenerateStopCondition
                0x0800112c       0x20 ./BSP/RTC/ds3231.o
 .text.LL_I2C_ReceiveData8
                0x0800114c       0x1a ./BSP/RTC/ds3231.o
 .text.LL_I2C_TransmitData8
                0x08001166       0x28 ./BSP/RTC/ds3231.o
 *fill*         0x0800118e        0x2 
 .text.DS3231_Write
                0x08001190       0x90 ./BSP/RTC/ds3231.o
                0x08001190                DS3231_Write
 .text.DS3231_Read
                0x08001220       0xc8 ./BSP/RTC/ds3231.o
                0x08001220                DS3231_Read
 .text.DS3231_SetDateTime
                0x080012e8      0x17c ./BSP/RTC/ds3231.o
                0x080012e8                DS3231_SetDateTime
 .text.DS3231_GetDateTime
                0x08001464      0x150 ./BSP/RTC/ds3231.o
                0x08001464                DS3231_GetDateTime
 .text.DS3231_GetTemperature
                0x080015b4       0x60 ./BSP/RTC/ds3231.o
                0x080015b4                DS3231_GetTemperature
 .text.__NVIC_SetPriority
                0x08001614       0x54 ./BSP/SysTick/systick.o
 .text.SysTick_Config
                0x08001668       0x44 ./BSP/SysTick/systick.o
 .text.systick_timer_start
                0x080016ac       0x20 ./BSP/SysTick/systick.o
                0x080016ac                systick_timer_start
 .text.systick_timer_init
                0x080016cc       0x24 ./BSP/SysTick/systick.o
                0x080016cc                systick_timer_init
 .text.LL_USART_IsActiveFlag_FE
                0x080016f0       0x26 ./BSP/UART/uart.o
 .text.LL_USART_IsActiveFlag_NE
                0x08001716       0x26 ./BSP/UART/uart.o
 .text.LL_USART_IsActiveFlag_ORE
                0x0800173c       0x26 ./BSP/UART/uart.o
 .text.LL_USART_IsActiveFlag_RXNE
                0x08001762       0x26 ./BSP/UART/uart.o
 .text.LL_USART_IsActiveFlag_TXE
                0x08001788       0x26 ./BSP/UART/uart.o
 .text.LL_USART_ClearFlag_FE
                0x080017ae       0x24 ./BSP/UART/uart.o
 .text.LL_USART_ClearFlag_NE
                0x080017d2       0x24 ./BSP/UART/uart.o
 .text.LL_USART_ClearFlag_ORE
                0x080017f6       0x24 ./BSP/UART/uart.o
 .text.LL_USART_EnableIT_RXNE
                0x0800181a       0x46 ./BSP/UART/uart.o
 .text.LL_USART_EnableIT_TXE
                0x08001860       0x46 ./BSP/UART/uart.o
 .text.LL_USART_EnableIT_ERROR
                0x080018a6       0x46 ./BSP/UART/uart.o
 .text.LL_USART_DisableIT_RXNE
                0x080018ec       0x46 ./BSP/UART/uart.o
 .text.LL_USART_DisableIT_TXE
                0x08001932       0x46 ./BSP/UART/uart.o
 .text.LL_USART_IsEnabledIT_RXNE
                0x08001978       0x26 ./BSP/UART/uart.o
 .text.LL_USART_IsEnabledIT_TXE
                0x0800199e       0x26 ./BSP/UART/uart.o
 .text.LL_USART_ReceiveData8
                0x080019c4       0x1a ./BSP/UART/uart.o
 .text.LL_USART_TransmitData8
                0x080019de       0x1e ./BSP/UART/uart.o
 .text.Ringbuf_init
                0x080019fc       0xd8 ./BSP/UART/uart.o
                0x080019fc                Ringbuf_init
 .text.store_char
                0x08001ad4       0xa4 ./BSP/UART/uart.o
                0x08001ad4                store_char
 .text.Uart_read
                0x08001b78      0x13c ./BSP/UART/uart.o
                0x08001b78                Uart_read
 .text.Uart_write
                0x08001cb4      0x18c ./BSP/UART/uart.o
                0x08001cb4                Uart_write
 .text.IsDataAvailable
                0x08001e40       0x8c ./BSP/UART/uart.o
                0x08001e40                IsDataAvailable
 .text.Uart_sendstring
                0x08001ecc       0x2e ./BSP/UART/uart.o
                0x08001ecc                Uart_sendstring
 *fill*         0x08001efa        0x2 
 .text.Uart_flush
                0x08001efc       0x88 ./BSP/UART/uart.o
                0x08001efc                Uart_flush
 .text.Uart_isr
                0x08001f84      0x150 ./BSP/UART/uart.o
                0x08001f84                Uart_isr
 .text.send_packet_init
                0x080020d4       0x24 ./Core/CMDLine/ACK_packet/ACKsend_packet.o
                0x080020d4                send_packet_init
 .text.set_send_flag
                0x080020f8       0x18 ./Core/CMDLine/ACK_packet/ACKsend_packet.o
                0x080020f8                set_send_flag
 .text.clear_send_flag
                0x08002110       0x18 ./Core/CMDLine/ACK_packet/ACKsend_packet.o
                0x08002110                clear_send_flag
 .text.set_fsp_packet
                0x08002128       0x68 ./Core/CMDLine/ACK_packet/ACKsend_packet.o
                0x08002128                set_fsp_packet
 .text.send_packet_create_task
                0x08002190       0x18 ./Core/CMDLine/ACK_packet/ACKsend_packet.o
                0x08002190                send_packet_create_task
 .text.status_ACKsend_update
                0x080021a8       0xf8 ./Core/CMDLine/ACK_packet/ACKsend_packet.o
                0x080021a8                status_ACKsend_update
 .text.LL_GPIO_SetOutputPin
                0x080022a0       0x1c ./Core/CMDLine/cmd_IOU/iou_cmd.o
 .text.IOU_create_task
                0x080022bc       0x28 ./Core/CMDLine/cmd_IOU/iou_cmd.o
                0x080022bc                IOU_create_task
 .text.IOU_update_task
                0x080022e4      0x128 ./Core/CMDLine/cmd_IOU/iou_cmd.o
 .text.Cmd_iou_set_temp
                0x0800240c      0x1fc ./Core/CMDLine/cmd_IOU/iou_cmd.o
                0x0800240c                Cmd_iou_set_temp
 .text.Cmd_iou_get_temp
                0x08002608      0x1e8 ./Core/CMDLine/cmd_IOU/iou_cmd.o
                0x08002608                Cmd_iou_get_temp
 .text.Cmd_iou_temp_setpoint
                0x080027f0      0x1bc ./Core/CMDLine/cmd_IOU/iou_cmd.o
                0x080027f0                Cmd_iou_temp_setpoint
 .text.Cmd_iou_tec_ena
                0x080029ac      0x1bc ./Core/CMDLine/cmd_IOU/iou_cmd.o
                0x080029ac                Cmd_iou_tec_ena
 .text.Cmd_iou_tec_dis
                0x08002b68      0x1bc ./Core/CMDLine/cmd_IOU/iou_cmd.o
                0x08002b68                Cmd_iou_tec_dis
 .text.Cmd_iou_tec_ena_auto
                0x08002d24      0x1bc ./Core/CMDLine/cmd_IOU/iou_cmd.o
                0x08002d24                Cmd_iou_tec_ena_auto
 .text.Cmd_iou_tec_dis_auto
                0x08002ee0      0x1bc ./Core/CMDLine/cmd_IOU/iou_cmd.o
                0x08002ee0                Cmd_iou_tec_dis_auto
 .text.Cmd_iou_tec_set_output
                0x0800309c      0x228 ./Core/CMDLine/cmd_IOU/iou_cmd.o
                0x0800309c                Cmd_iou_tec_set_output
 .text.Cmd_iou_tec_auto_vol
                0x080032c4      0x1fc ./Core/CMDLine/cmd_IOU/iou_cmd.o
                0x080032c4                Cmd_iou_tec_auto_vol
 .text.Cmd_iou_tec_status
                0x080034c0      0x178 ./Core/CMDLine/cmd_IOU/iou_cmd.o
                0x080034c0                Cmd_iou_tec_status
 .text.Cmd_iou_tec_log_ena
                0x08003638      0x178 ./Core/CMDLine/cmd_IOU/iou_cmd.o
                0x08003638                Cmd_iou_tec_log_ena
 .text.Cmd_iou_tec_log_dis
                0x080037b0      0x178 ./Core/CMDLine/cmd_IOU/iou_cmd.o
                0x080037b0                Cmd_iou_tec_log_dis
 .text.Cmd_iou_ringled_setRGB
                0x08003928      0x214 ./Core/CMDLine/cmd_IOU/iou_cmd.o
                0x08003928                Cmd_iou_ringled_setRGB
 .text.Cmd_iou_ringled_getRGB
                0x08003b3c      0x178 ./Core/CMDLine/cmd_IOU/iou_cmd.o
                0x08003b3c                Cmd_iou_ringled_getRGB
 .text.Cmd_iou_irled_set_bright
                0x08003cb4      0x1bc ./Core/CMDLine/cmd_IOU/iou_cmd.o
                0x08003cb4                Cmd_iou_irled_set_bright
 .text.Cmd_iou_irled_get_bright
                0x08003e70      0x178 ./Core/CMDLine/cmd_IOU/iou_cmd.o
                0x08003e70                Cmd_iou_irled_get_bright
 .text.Cmd_iou_get_accel
                0x08003fe8      0x178 ./Core/CMDLine/cmd_IOU/iou_cmd.o
                0x08003fe8                Cmd_iou_get_accel
 .text.Cmd_iou_get_press
                0x08004160      0x178 ./Core/CMDLine/cmd_IOU/iou_cmd.o
                0x08004160                Cmd_iou_get_press
 .text.Cmd_iou_get_parameters
                0x080042d8      0x178 ./Core/CMDLine/cmd_IOU/iou_cmd.o
                0x080042d8                Cmd_iou_get_parameters
 .text.LL_GPIO_ResetOutputPin
                0x08004450       0x1e ./Core/CMDLine/cmd_PDU/pdu_cmd.o
 *fill*         0x0800446e        0x2 
 .text.PDU_create_task
                0x08004470       0x28 ./Core/CMDLine/cmd_PDU/pdu_cmd.o
                0x08004470                PDU_create_task
 .text.PDU_update_task
                0x08004498      0x128 ./Core/CMDLine/cmd_PDU/pdu_cmd.o
 .text.Cmd_pdu_set_channel
                0x080045c0      0x1e8 ./Core/CMDLine/cmd_PDU/pdu_cmd.o
                0x080045c0                Cmd_pdu_set_channel
 .text.Cmd_pdu_set_buck
                0x080047a8      0x1e8 ./Core/CMDLine/cmd_PDU/pdu_cmd.o
                0x080047a8                Cmd_pdu_set_buck
 .text.Cmd_pdu_set_all
                0x08004990      0x1bc ./Core/CMDLine/cmd_PDU/pdu_cmd.o
                0x08004990                Cmd_pdu_set_all
 .text.Cmd_pdu_get_channel
                0x08004b4c      0x1bc ./Core/CMDLine/cmd_PDU/pdu_cmd.o
                0x08004b4c                Cmd_pdu_get_channel
 .text.Cmd_pdu_get_buck
                0x08004d08      0x1bc ./Core/CMDLine/cmd_PDU/pdu_cmd.o
                0x08004d08                Cmd_pdu_get_buck
 .text.Cmd_pdu_get_all
                0x08004ec4      0x178 ./Core/CMDLine/cmd_PDU/pdu_cmd.o
                0x08004ec4                Cmd_pdu_get_all
 .text.LL_GPIO_SetOutputPin
                0x0800503c       0x1c ./Core/CMDLine/cmd_PMU/pmu_cmd.o
 .text.LL_GPIO_ResetOutputPin
                0x08005058       0x1e ./Core/CMDLine/cmd_PMU/pmu_cmd.o
 *fill*         0x08005076        0x2 
 .text.PMU_create_task
                0x08005078       0x28 ./Core/CMDLine/cmd_PMU/pmu_cmd.o
                0x08005078                PMU_create_task
 .text.PMU_update_task
                0x080050a0      0x128 ./Core/CMDLine/cmd_PMU/pmu_cmd.o
 .text.Cmd_pmu_get_temp
                0x080051c8      0x178 ./Core/CMDLine/cmd_PMU/pmu_cmd.o
                0x080051c8                Cmd_pmu_get_temp
 .text.Cmd_pmu_bat_vol
                0x08005340      0x178 ./Core/CMDLine/cmd_PMU/pmu_cmd.o
                0x08005340                Cmd_pmu_bat_vol
 .text.Cmd_pmu_parag_in
                0x080054b8      0x178 ./Core/CMDLine/cmd_PMU/pmu_cmd.o
                0x080054b8                Cmd_pmu_parag_in
 .text.Cmd_pmu_parag_out
                0x08005630      0x178 ./Core/CMDLine/cmd_PMU/pmu_cmd.o
                0x08005630                Cmd_pmu_parag_out
 .text.Cmd_pmu_set_temppoint
                0x080057a8      0x200 ./Core/CMDLine/cmd_PMU/pmu_cmd.o
                0x080057a8                Cmd_pmu_set_temppoint
 .text.Cmd_pmu_set_output
                0x080059a8      0x1bc ./Core/CMDLine/cmd_PMU/pmu_cmd.o
                0x080059a8                Cmd_pmu_set_output
 .text.Cmd_pmu_set_pwm
                0x08005b64      0x1bc ./Core/CMDLine/cmd_PMU/pmu_cmd.o
                0x08005b64                Cmd_pmu_set_pwm
 .text.Cmd_pmu_get_all
                0x08005d20      0x178 ./Core/CMDLine/cmd_PMU/pmu_cmd.o
                0x08005d20                Cmd_pmu_get_all
 .text.CmdLineProcess
                0x08005e98       0xc4 ./Core/CMDLine/cmdline.o
                0x08005e98                CmdLineProcess
 .text.__NVIC_SystemReset
                0x08005f5c       0x2c ./Core/CMDLine/command.o
 .text.LL_GPIO_IsOutputPinSet
                0x08005f88       0x2a ./Core/CMDLine/command.o
 .text.LL_GPIO_SetOutputPin
                0x08005fb2       0x1c ./Core/CMDLine/command.o
 .text.LL_GPIO_ResetOutputPin
                0x08005fce       0x1e ./Core/CMDLine/command.o
 .text.command_init
                0x08005fec      0x128 ./Core/CMDLine/command.o
                0x08005fec                command_init
 .text.command_task_update
                0x08006114       0x88 ./Core/CMDLine/command.o
 .text.process_command
                0x0800619c       0xe8 ./Core/CMDLine/command.o
                0x0800619c                process_command
 .text.Cmd_help
                0x08006284       0x8c ./Core/CMDLine/command.o
                0x08006284                Cmd_help
 .text.Cmd_help_all
                0x08006310      0x108 ./Core/CMDLine/command.o
                0x08006310                Cmd_help_all
 .text.Cmd_help_cpoc
                0x08006418       0x80 ./Core/CMDLine/command.o
                0x08006418                Cmd_help_cpoc
 .text.Cmd_help_pmu
                0x08006498       0x80 ./Core/CMDLine/command.o
                0x08006498                Cmd_help_pmu
 .text.Cmd_help_pdu
                0x08006518       0x80 ./Core/CMDLine/command.o
                0x08006518                Cmd_help_pdu
 .text.Cmd_help_cam
                0x08006598       0x7c ./Core/CMDLine/command.o
                0x08006598                Cmd_help_cam
 .text.Cmd_help_iou
                0x08006614       0x80 ./Core/CMDLine/command.o
                0x08006614                Cmd_help_iou
 .text.NotYetDefine
                0x08006694       0x34 ./Core/CMDLine/command.o
                0x08006694                NotYetDefine
 .text.Cmd_splash
                0x080066c8       0x18 ./Core/CMDLine/command.o
                0x080066c8                Cmd_splash
 .text.Cmd_status_now
                0x080066e0      0x168 ./Core/CMDLine/command.o
                0x080066e0                Cmd_status_now
 .text.Cmd_set_byte_rs422
                0x08006848       0xa8 ./Core/CMDLine/command.o
                0x08006848                Cmd_set_byte_rs422
 .text.Cmd_auto_report_ena
                0x080068f0       0x50 ./Core/CMDLine/command.o
                0x080068f0                Cmd_auto_report_ena
 .text.Cmd_rs422_report_ena
                0x08006940       0x60 ./Core/CMDLine/command.o
                0x08006940                Cmd_rs422_report_ena
 .text.Cmd_memory_usage
                0x080069a0       0xe0 ./Core/CMDLine/command.o
                0x080069a0                Cmd_memory_usage
 .text.Cmd_time_get
                0x08006a80       0x9c ./Core/CMDLine/command.o
                0x08006a80                Cmd_time_get
 .text.Cmd_time_set
                0x08006b1c      0x144 ./Core/CMDLine/command.o
                0x08006b1c                Cmd_time_set
 .text.Cmd_cpoc_reset
                0x08006c60        0xe ./Core/CMDLine/command.o
                0x08006c60                Cmd_cpoc_reset
 *fill*         0x08006c6e        0x2 
 .text.Cmd_rf_ena
                0x08006c70       0x40 ./Core/CMDLine/command.o
                0x08006c70                Cmd_rf_ena
 .text.Cmd_rf_dis
                0x08006cb0       0x40 ./Core/CMDLine/command.o
                0x08006cb0                Cmd_rf_dis
 .text.command_create_task
                0x08006cf0       0x18 ./Core/CMDLine/command.o
                0x08006cf0                command_create_task
 .text.command_send_splash
                0x08006d08      0x154 ./Core/CMDLine/command.o
                0x08006d08                command_send_splash
 .text.LL_GPIO_SetOutputPin
                0x08006e5c       0x1c ./Core/CMDLine/rs422.o
 .text.LL_GPIO_ResetOutputPin
                0x08006e78       0x1e ./Core/CMDLine/rs422.o
 *fill*         0x08006e96        0x2 
 .text.switch_board
                0x08006e98       0x8c ./Core/CMDLine/rs422.o
                0x08006e98                switch_board
 .text.RS422_periodic_task
                0x08006f24      0x1a4 ./Core/CMDLine/rs422.o
 .text.frame_processing_rs422
                0x080070c8     0x1444 ./Core/CMDLine/rs422.o
                0x080070c8                frame_processing_rs422
 .text.rs422_create_task
                0x0800850c       0x1c ./Core/CMDLine/rs422.o
                0x0800850c                rs422_create_task
 .text.COPC_init
                0x08008528       0x20 ./Core/CPOC/CPOC.o
                0x08008528                COPC_init
 .text.COPC_task_update
                0x08008548      0x13c ./Core/CPOC/CPOC.o
 .text.COPC_create_task
                0x08008684       0x1c ./Core/CPOC/CPOC.o
                0x08008684                COPC_create_task
 .text.LL_GPIO_SetOutputPin
                0x080086a0       0x1c ./Core/LED/status_led.o
 .text.LL_GPIO_ResetOutputPin
                0x080086bc       0x1e ./Core/LED/status_led.o
 *fill*         0x080086da        0x2 
 .text.status_led_init
                0x080086dc       0x24 ./Core/LED/status_led.o
                0x080086dc                status_led_init
 .text.status_led_off
                0x08008700       0x14 ./Core/LED/status_led.o
 .text.status_led_on
                0x08008714       0x14 ./Core/LED/status_led.o
 .text.status_led_update
                0x08008728       0x40 ./Core/LED/status_led.o
                0x08008728                status_led_update
 .text.status_led_powerup
                0x08008768       0x74 ./Core/LED/status_led.o
 .text.status_led_normal
                0x080087dc        0xe ./Core/LED/status_led.o
 *fill*         0x080087ea        0x2 
 .text.status_led_create_task
                0x080087ec       0x18 ./Core/LED/status_led.o
                0x080087ec                status_led_create_task
 .text.__NVIC_SetPriorityGrouping
                0x08008804       0x48 ./Core/Src/main.o
 .text.__NVIC_GetPriorityGrouping
                0x0800884c       0x1c ./Core/Src/main.o
 .text.__NVIC_EnableIRQ
                0x08008868       0x3c ./Core/Src/main.o
 .text.__NVIC_SetPriority
                0x080088a4       0x54 ./Core/Src/main.o
 .text.NVIC_EncodePriority
                0x080088f8       0x66 ./Core/Src/main.o
 .text.LL_I2C_EnableClockStretching
                0x0800895e       0x20 ./Core/Src/main.o
 .text.LL_I2C_DisableGeneralCall
                0x0800897e       0x20 ./Core/Src/main.o
 .text.LL_I2C_SetOwnAddress2
                0x0800899e       0x26 ./Core/Src/main.o
 .text.LL_I2C_DisableOwnAddress2
                0x080089c4       0x20 ./Core/Src/main.o
 .text.LL_RCC_HSE_Enable
                0x080089e4       0x20 ./Core/Src/main.o
 .text.LL_RCC_HSE_IsReady
                0x08008a04       0x28 ./Core/Src/main.o
 .text.LL_RCC_SetSysClkSource
                0x08008a2c       0x28 ./Core/Src/main.o
 .text.LL_RCC_GetSysClkSource
                0x08008a54       0x1c ./Core/Src/main.o
 .text.LL_RCC_SetAHBPrescaler
                0x08008a70       0x28 ./Core/Src/main.o
 .text.LL_RCC_SetAPB1Prescaler
                0x08008a98       0x28 ./Core/Src/main.o
 .text.LL_RCC_SetAPB2Prescaler
                0x08008ac0       0x28 ./Core/Src/main.o
 .text.LL_RCC_PLL_Enable
                0x08008ae8       0x20 ./Core/Src/main.o
 .text.LL_RCC_PLL_IsReady
                0x08008b08       0x28 ./Core/Src/main.o
 .text.LL_RCC_PLL_ConfigDomain_SYS
                0x08008b30       0x4c ./Core/Src/main.o
 .text.LL_AHB1_GRP1_EnableClock
                0x08008b7c       0x30 ./Core/Src/main.o
 .text.LL_APB1_GRP1_EnableClock
                0x08008bac       0x30 ./Core/Src/main.o
 .text.LL_APB2_GRP1_EnableClock
                0x08008bdc       0x30 ./Core/Src/main.o
 .text.LL_FLASH_SetLatency
                0x08008c0c       0x28 ./Core/Src/main.o
 .text.LL_FLASH_GetLatency
                0x08008c34       0x1c ./Core/Src/main.o
 .text.LL_PWR_SetRegulVoltageScaling
                0x08008c50       0x28 ./Core/Src/main.o
 .text.LL_PWR_IsActiveFlag_VOS
                0x08008c78       0x28 ./Core/Src/main.o
 .text.LL_USART_Enable
                0x08008ca0       0x20 ./Core/Src/main.o
 .text.LL_USART_ConfigAsyncMode
                0x08008cc0       0x2c ./Core/Src/main.o
 .text.LL_GPIO_ResetOutputPin
                0x08008cec       0x1e ./Core/Src/main.o
 *fill*         0x08008d0a        0x2 
 .text.main     0x08008d0c       0xb4 ./Core/Src/main.o
                0x08008d0c                main
 .text.SystemClock_Config
                0x08008dc0       0x94 ./Core/Src/main.o
                0x08008dc0                SystemClock_Config
 .text.MX_I2C1_Init
                0x08008e54       0xb0 ./Core/Src/main.o
 .text.MX_I2C3_Init
                0x08008f04       0xe0 ./Core/Src/main.o
 .text.MX_UART4_Init
                0x08008fe4       0xc4 ./Core/Src/main.o
 .text.MX_UART5_Init
                0x080090a8       0xf0 ./Core/Src/main.o
 .text.MX_USART1_UART_Init
                0x08009198       0xc0 ./Core/Src/main.o
 .text.MX_USART2_UART_Init
                0x08009258       0xc0 ./Core/Src/main.o
 .text.MX_USART3_UART_Init
                0x08009318       0xc4 ./Core/Src/main.o
 .text.MX_USART6_UART_Init
                0x080093dc       0xc0 ./Core/Src/main.o
 .text.MX_GPIO_Init
                0x0800949c       0xe0 ./Core/Src/main.o
 .text.NMI_Handler
                0x0800957c        0x8 ./Core/Src/stm32f4xx_it.o
                0x0800957c                NMI_Handler
 .text.HardFault_Handler
                0x08009584        0x8 ./Core/Src/stm32f4xx_it.o
                0x08009584                HardFault_Handler
 .text.MemManage_Handler
                0x0800958c        0x8 ./Core/Src/stm32f4xx_it.o
                0x0800958c                MemManage_Handler
 .text.BusFault_Handler
                0x08009594        0x8 ./Core/Src/stm32f4xx_it.o
                0x08009594                BusFault_Handler
 .text.UsageFault_Handler
                0x0800959c        0x8 ./Core/Src/stm32f4xx_it.o
                0x0800959c                UsageFault_Handler
 .text.SVC_Handler
                0x080095a4        0xe ./Core/Src/stm32f4xx_it.o
                0x080095a4                SVC_Handler
 .text.DebugMon_Handler
                0x080095b2        0xe ./Core/Src/stm32f4xx_it.o
                0x080095b2                DebugMon_Handler
 .text.PendSV_Handler
                0x080095c0        0xe ./Core/Src/stm32f4xx_it.o
                0x080095c0                PendSV_Handler
 *fill*         0x080095ce        0x2 
 .text.SysTick_Handler
                0x080095d0       0x1c ./Core/Src/stm32f4xx_it.o
                0x080095d0                SysTick_Handler
 .text.USART1_IRQHandler
                0x080095ec       0x14 ./Core/Src/stm32f4xx_it.o
                0x080095ec                USART1_IRQHandler
 .text.USART2_IRQHandler
                0x08009600       0x14 ./Core/Src/stm32f4xx_it.o
                0x08009600                USART2_IRQHandler
 .text.USART3_IRQHandler
                0x08009614       0x14 ./Core/Src/stm32f4xx_it.o
                0x08009614                USART3_IRQHandler
 .text.UART4_IRQHandler
                0x08009628       0x14 ./Core/Src/stm32f4xx_it.o
                0x08009628                UART4_IRQHandler
 .text.UART5_IRQHandler
                0x0800963c       0x14 ./Core/Src/stm32f4xx_it.o
                0x0800963c                UART5_IRQHandler
 .text.USART6_IRQHandler
                0x08009650       0x14 ./Core/Src/stm32f4xx_it.o
                0x08009650                USART6_IRQHandler
 .text._getpid  0x08009664       0x10 ./Core/Src/syscalls.o
                0x08009664                _getpid
 .text._kill    0x08009674       0x20 ./Core/Src/syscalls.o
                0x08009674                _kill
 .text._exit    0x08009694       0x16 ./Core/Src/syscalls.o
                0x08009694                _exit
 .text._read    0x080096aa       0x3a ./Core/Src/syscalls.o
                0x080096aa                _read
 .text._write   0x080096e4       0x38 ./Core/Src/syscalls.o
                0x080096e4                _write
 .text._close   0x0800971c       0x18 ./Core/Src/syscalls.o
                0x0800971c                _close
 .text._fstat   0x08009734       0x20 ./Core/Src/syscalls.o
                0x08009734                _fstat
 .text._isatty  0x08009754       0x16 ./Core/Src/syscalls.o
                0x08009754                _isatty
 .text._lseek   0x0800976a       0x1a ./Core/Src/syscalls.o
                0x0800976a                _lseek
 .text._sbrk    0x08009784       0x6c ./Core/Src/sysmem.o
                0x08009784                _sbrk
 .text.SystemInit
                0x080097f0       0x24 ./Core/Src/system_stm32f4xx.o
                0x080097f0                SystemInit
 .text.Reset_Handler
                0x08009814       0x50 ./Core/Startup/startup_stm32f405rgtx.o
                0x08009814                Reset_Handler
 .text.Default_Handler
                0x08009864        0x2 ./Core/Startup/startup_stm32f405rgtx.o
                0x08009864                RTC_Alarm_IRQHandler
                0x08009864                HASH_RNG_IRQHandler
                0x08009864                EXTI2_IRQHandler
                0x08009864                TIM8_CC_IRQHandler
                0x08009864                TIM1_CC_IRQHandler
                0x08009864                DMA2_Stream5_IRQHandler
                0x08009864                DMA1_Stream5_IRQHandler
                0x08009864                PVD_IRQHandler
                0x08009864                SDIO_IRQHandler
                0x08009864                TAMP_STAMP_IRQHandler
                0x08009864                CAN2_RX1_IRQHandler
                0x08009864                EXTI3_IRQHandler
                0x08009864                TIM8_TRG_COM_TIM14_IRQHandler
                0x08009864                TIM1_UP_TIM10_IRQHandler
                0x08009864                TIM8_UP_TIM13_IRQHandler
                0x08009864                I2C3_ER_IRQHandler
                0x08009864                EXTI0_IRQHandler
                0x08009864                I2C2_EV_IRQHandler
                0x08009864                DMA1_Stream2_IRQHandler
                0x08009864                CAN1_RX0_IRQHandler
                0x08009864                FPU_IRQHandler
                0x08009864                OTG_HS_WKUP_IRQHandler
                0x08009864                CAN2_SCE_IRQHandler
                0x08009864                DMA2_Stream2_IRQHandler
                0x08009864                SPI1_IRQHandler
                0x08009864                TIM6_DAC_IRQHandler
                0x08009864                TIM1_BRK_TIM9_IRQHandler
                0x08009864                CAN2_RX0_IRQHandler
                0x08009864                DMA2_Stream3_IRQHandler
                0x08009864                CAN1_RX1_IRQHandler
                0x08009864                DMA2_Stream0_IRQHandler
                0x08009864                TIM4_IRQHandler
                0x08009864                I2C1_EV_IRQHandler
                0x08009864                DMA1_Stream6_IRQHandler
                0x08009864                DMA1_Stream1_IRQHandler
                0x08009864                TIM3_IRQHandler
                0x08009864                RCC_IRQHandler
                0x08009864                TIM8_BRK_TIM12_IRQHandler
                0x08009864                Default_Handler
                0x08009864                EXTI15_10_IRQHandler
                0x08009864                ADC_IRQHandler
                0x08009864                DMA1_Stream7_IRQHandler
                0x08009864                TIM7_IRQHandler
                0x08009864                CAN2_TX_IRQHandler
                0x08009864                TIM5_IRQHandler
                0x08009864                DMA2_Stream7_IRQHandler
                0x08009864                I2C3_EV_IRQHandler
                0x08009864                EXTI9_5_IRQHandler
                0x08009864                RTC_WKUP_IRQHandler
                0x08009864                SPI2_IRQHandler
                0x08009864                OTG_HS_EP1_IN_IRQHandler
                0x08009864                DMA1_Stream0_IRQHandler
                0x08009864                CAN1_TX_IRQHandler
                0x08009864                EXTI4_IRQHandler
                0x08009864                FSMC_IRQHandler
                0x08009864                OTG_HS_EP1_OUT_IRQHandler
                0x08009864                WWDG_IRQHandler
                0x08009864                TIM2_IRQHandler
                0x08009864                OTG_FS_WKUP_IRQHandler
                0x08009864                TIM1_TRG_COM_TIM11_IRQHandler
                0x08009864                OTG_HS_IRQHandler
                0x08009864                EXTI1_IRQHandler
                0x08009864                I2C2_ER_IRQHandler
                0x08009864                DMA2_Stream1_IRQHandler
                0x08009864                CAN1_SCE_IRQHandler
                0x08009864                FLASH_IRQHandler
                0x08009864                DMA2_Stream4_IRQHandler
                0x08009864                OTG_FS_IRQHandler
                0x08009864                SPI3_IRQHandler
                0x08009864                DMA1_Stream4_IRQHandler
                0x08009864                I2C1_ER_IRQHandler
                0x08009864                DMA2_Stream6_IRQHandler
                0x08009864                DMA1_Stream3_IRQHandler
 .text.LL_GPIO_SetOutputPin
                0x08009866       0x1c ./Core/WATCHDOG/watchdog.o
 .text.LL_GPIO_ResetOutputPin
                0x08009882       0x1e ./Core/WATCHDOG/watchdog.o
 .text.WDT_init
                0x080098a0       0x18 ./Core/WATCHDOG/watchdog.o
                0x080098a0                WDT_init
 .text.WDT_create_task
                0x080098b8       0x18 ./Core/WATCHDOG/watchdog.o
                0x080098b8                WDT_create_task
 .text.status_wdt_update
                0x080098d0       0x60 ./Core/WATCHDOG/watchdog.o
                0x080098d0                status_wdt_update
 .text.LL_GPIO_SetPinMode
                0x08009930       0x7a ./Drivers/STM32F4xx_HAL_Driver/Src/stm32f4xx_ll_gpio.o
 .text.LL_GPIO_SetPinOutputType
                0x080099aa       0x30 ./Drivers/STM32F4xx_HAL_Driver/Src/stm32f4xx_ll_gpio.o
 .text.LL_GPIO_SetPinSpeed
                0x080099da       0x7a ./Drivers/STM32F4xx_HAL_Driver/Src/stm32f4xx_ll_gpio.o
 .text.LL_GPIO_SetPinPull
                0x08009a54       0x7a ./Drivers/STM32F4xx_HAL_Driver/Src/stm32f4xx_ll_gpio.o
 .text.LL_GPIO_SetAFPin_0_7
                0x08009ace       0x7a ./Drivers/STM32F4xx_HAL_Driver/Src/stm32f4xx_ll_gpio.o
 .text.LL_GPIO_SetAFPin_8_15
                0x08009b48       0x7e ./Drivers/STM32F4xx_HAL_Driver/Src/stm32f4xx_ll_gpio.o
 .text.LL_GPIO_Init
                0x08009bc6      0x102 ./Drivers/STM32F4xx_HAL_Driver/Src/stm32f4xx_ll_gpio.o
                0x08009bc6                LL_GPIO_Init
 .text.LL_I2C_Enable
                0x08009cc8       0x20 ./Drivers/STM32F4xx_HAL_Driver/Src/stm32f4xx_ll_i2c.o
 .text.LL_I2C_Disable
                0x08009ce8       0x20 ./Drivers/STM32F4xx_HAL_Driver/Src/stm32f4xx_ll_i2c.o
 .text.LL_I2C_SetOwnAddress1
                0x08009d08       0x30 ./Drivers/STM32F4xx_HAL_Driver/Src/stm32f4xx_ll_i2c.o
 .text.LL_I2C_ConfigSpeed
                0x08009d38      0x130 ./Drivers/STM32F4xx_HAL_Driver/Src/stm32f4xx_ll_i2c.o
 .text.LL_I2C_SetMode
                0x08009e68       0x26 ./Drivers/STM32F4xx_HAL_Driver/Src/stm32f4xx_ll_i2c.o
 .text.LL_I2C_AcknowledgeNextData
                0x08009e8e       0x26 ./Drivers/STM32F4xx_HAL_Driver/Src/stm32f4xx_ll_i2c.o
 .text.LL_I2C_Init
                0x08009eb4       0x62 ./Drivers/STM32F4xx_HAL_Driver/Src/stm32f4xx_ll_i2c.o
                0x08009eb4                LL_I2C_Init
 *fill*         0x08009f16        0x2 
 .text.LL_RCC_GetSysClkSource
                0x08009f18       0x1c ./Drivers/STM32F4xx_HAL_Driver/Src/stm32f4xx_ll_rcc.o
 .text.LL_RCC_GetAHBPrescaler
                0x08009f34       0x1c ./Drivers/STM32F4xx_HAL_Driver/Src/stm32f4xx_ll_rcc.o
 .text.LL_RCC_GetAPB1Prescaler
                0x08009f50       0x1c ./Drivers/STM32F4xx_HAL_Driver/Src/stm32f4xx_ll_rcc.o
 .text.LL_RCC_GetAPB2Prescaler
                0x08009f6c       0x1c ./Drivers/STM32F4xx_HAL_Driver/Src/stm32f4xx_ll_rcc.o
 .text.LL_RCC_PLL_GetMainSource
                0x08009f88       0x1c ./Drivers/STM32F4xx_HAL_Driver/Src/stm32f4xx_ll_rcc.o
 .text.LL_RCC_PLL_GetN
                0x08009fa4       0x1c ./Drivers/STM32F4xx_HAL_Driver/Src/stm32f4xx_ll_rcc.o
 .text.LL_RCC_PLL_GetP
                0x08009fc0       0x1c ./Drivers/STM32F4xx_HAL_Driver/Src/stm32f4xx_ll_rcc.o
 .text.LL_RCC_PLL_GetDivider
                0x08009fdc       0x1c ./Drivers/STM32F4xx_HAL_Driver/Src/stm32f4xx_ll_rcc.o
 .text.LL_RCC_GetSystemClocksFreq
                0x08009ff8       0x4a ./Drivers/STM32F4xx_HAL_Driver/Src/stm32f4xx_ll_rcc.o
                0x08009ff8                LL_RCC_GetSystemClocksFreq
 *fill*         0x0800a042        0x2 
 .text.RCC_GetSystemClockFreq
                0x0800a044       0x50 ./Drivers/STM32F4xx_HAL_Driver/Src/stm32f4xx_ll_rcc.o
                0x0800a044                RCC_GetSystemClockFreq
 .text.RCC_GetHCLKClockFreq
                0x0800a094       0x2c ./Drivers/STM32F4xx_HAL_Driver/Src/stm32f4xx_ll_rcc.o
                0x0800a094                RCC_GetHCLKClockFreq
 .text.RCC_GetPCLK1ClockFreq
                0x0800a0c0       0x28 ./Drivers/STM32F4xx_HAL_Driver/Src/stm32f4xx_ll_rcc.o
                0x0800a0c0                RCC_GetPCLK1ClockFreq
 .text.RCC_GetPCLK2ClockFreq
                0x0800a0e8       0x28 ./Drivers/STM32F4xx_HAL_Driver/Src/stm32f4xx_ll_rcc.o
                0x0800a0e8                RCC_GetPCLK2ClockFreq
 .text.RCC_PLL_GetFreqDomain_SYS
                0x0800a110       0x7c ./Drivers/STM32F4xx_HAL_Driver/Src/stm32f4xx_ll_rcc.o
                0x0800a110                RCC_PLL_GetFreqDomain_SYS
 .text.LL_USART_IsEnabled
                0x0800a18c       0x28 ./Drivers/STM32F4xx_HAL_Driver/Src/stm32f4xx_ll_usart.o
 .text.LL_USART_SetStopBitsLength
                0x0800a1b4       0x26 ./Drivers/STM32F4xx_HAL_Driver/Src/stm32f4xx_ll_usart.o
 .text.LL_USART_SetHWFlowCtrl
                0x0800a1da       0x26 ./Drivers/STM32F4xx_HAL_Driver/Src/stm32f4xx_ll_usart.o
 .text.LL_USART_SetBaudRate
                0x0800a200      0x45c ./Drivers/STM32F4xx_HAL_Driver/Src/stm32f4xx_ll_usart.o
 .text.LL_USART_Init
                0x0800a65c      0x100 ./Drivers/STM32F4xx_HAL_Driver/Src/stm32f4xx_ll_usart.o
                0x0800a65c                LL_USART_Init
 .text.LL_InitTick
                0x0800a75c       0x34 ./Drivers/STM32F4xx_HAL_Driver/Src/stm32f4xx_ll_utils.o
 .text.LL_Init1msTick
                0x0800a790       0x1a ./Drivers/STM32F4xx_HAL_Driver/Src/stm32f4xx_ll_utils.o
                0x0800a790                LL_Init1msTick
 *fill*         0x0800a7aa        0x2 
 .text.LL_SetSystemCoreClock
                0x0800a7ac       0x20 ./Drivers/STM32F4xx_HAL_Driver/Src/stm32f4xx_ll_utils.o
                0x0800a7ac                LL_SetSystemCoreClock
 .text.SCH_Initialize
                0x0800a7cc       0x54 ./Scheduler/scheduler.o
                0x0800a7cc                SCH_Initialize
 .text.SCH_TIM_Start
                0x0800a820       0x2c ./Scheduler/scheduler.o
                0x0800a820                SCH_TIM_Start
 .text.SCH_TIM_HasCompleted
                0x0800a84c       0x2c ./Scheduler/scheduler.o
                0x0800a84c                SCH_TIM_HasCompleted
 .text.SCH_TASK_CreateTask
                0x0800a878       0x7c ./Scheduler/scheduler.o
                0x0800a878                SCH_TASK_CreateTask
 .text.SCH_RunSystemTickTimer
                0x0800a8f4      0x128 ./Scheduler/scheduler.o
                0x0800a8f4                SCH_RunSystemTickTimer
 .text.SCH_StartSchedular
                0x0800aa1c        0xc ./Scheduler/scheduler.o
                0x0800aa1c                SCH_StartSchedular
 .text.SCH_HandleScheduledTask
                0x0800aa28       0xb4 ./Scheduler/scheduler.o
                0x0800aa28                SCH_HandleScheduledTask
 .text.crc16_CCITT
                0x0800aadc       0x76 ./ThirdParty/libfsp/crc16.o
                0x0800aadc                crc16_CCITT
 *fill*         0x0800ab52        0x2 
 .text.fsp_init
                0x0800ab54       0x2c ./ThirdParty/libfsp/fsp.o
                0x0800ab54                fsp_init
 .text.fsp_gen_cmd_pkt
                0x0800ab80       0x50 ./ThirdParty/libfsp/fsp.o
                0x0800ab80                fsp_gen_cmd_pkt
 .text.fsp_gen_cmd_w_data_pkt
                0x0800abd0       0x54 ./ThirdParty/libfsp/fsp.o
                0x0800abd0                fsp_gen_cmd_w_data_pkt
 .text.fsp_gen_pkt
                0x0800ac24       0xb8 ./ThirdParty/libfsp/fsp.o
                0x0800ac24                fsp_gen_pkt
 .text.frame_encode
                0x0800acdc      0x406 ./ThirdParty/libfsp/fsp.o
                0x0800acdc                frame_encode
 *fill*         0x0800b0e2        0x2 
 .text.frame_decode
                0x0800b0e4      0x2c4 ./ThirdParty/libfsp/fsp.o
                0x0800b0e4                frame_decode
 .text.frame_decode_rs422
                0x0800b3a8      0x1f6 ./ThirdParty/libfsp/fsp.o
                0x0800b3a8                frame_decode_rs422
 *fill*         0x0800b59e        0x2 
 .text.frame_processing
                0x0800b5a0     0x21ec ./ThirdParty/libfsp/fsp.o
                0x0800b5a0                frame_processing
 .text.atoi     0x0800d78c        0x8 C:/ST/STM32CubeIDE_1.15.1/STM32CubeIDE/plugins/com.st.stm32cube.ide.mcu.externaltools.gnu-tools-for-stm32.12.3.rel1.win32_1.0.100.202403111256/tools/bin/../lib/gcc/arm-none-eabi/12.3.1/../../../../arm-none-eabi/lib/thumb/v7e-m+fp/hard\libc_nano.a(libc_a-atoi.o)
                0x0800d78c                atoi
 .text._strtol_l.constprop.0
                0x0800d794       0xf4 C:/ST/STM32CubeIDE_1.15.1/STM32CubeIDE/plugins/com.st.stm32cube.ide.mcu.externaltools.gnu-tools-for-stm32.12.3.rel1.win32_1.0.100.202403111256/tools/bin/../lib/gcc/arm-none-eabi/12.3.1/../../../../arm-none-eabi/lib/thumb/v7e-m+fp/hard\libc_nano.a(libc_a-strtol.o)
 .text._strtol_r
                0x0800d888        0x4 C:/ST/STM32CubeIDE_1.15.1/STM32CubeIDE/plugins/com.st.stm32cube.ide.mcu.externaltools.gnu-tools-for-stm32.12.3.rel1.win32_1.0.100.202403111256/tools/bin/../lib/gcc/arm-none-eabi/12.3.1/../../../../arm-none-eabi/lib/thumb/v7e-m+fp/hard\libc_nano.a(libc_a-strtol.o)
                0x0800d888                _strtol_r
 .text.strtol   0x0800d88c       0x14 C:/ST/STM32CubeIDE_1.15.1/STM32CubeIDE/plugins/com.st.stm32cube.ide.mcu.externaltools.gnu-tools-for-stm32.12.3.rel1.win32_1.0.100.202403111256/tools/bin/../lib/gcc/arm-none-eabi/12.3.1/../../../../arm-none-eabi/lib/thumb/v7e-m+fp/hard\libc_nano.a(libc_a-strtol.o)
                0x0800d88c                strtol
 .text.__cvt    0x0800d8a0       0xca C:/ST/STM32CubeIDE_1.15.1/STM32CubeIDE/plugins/com.st.stm32cube.ide.mcu.externaltools.gnu-tools-for-stm32.12.3.rel1.win32_1.0.100.202403111256/tools/bin/../lib/gcc/arm-none-eabi/12.3.1/../../../../arm-none-eabi/lib/thumb/v7e-m+fp/hard\libc_nano.a(libc_a-nano-vfprintf_float.o)
                0x0800d8a0                __cvt
 .text.__exponent
                0x0800d96a       0x74 C:/ST/STM32CubeIDE_1.15.1/STM32CubeIDE/plugins/com.st.stm32cube.ide.mcu.externaltools.gnu-tools-for-stm32.12.3.rel1.win32_1.0.100.202403111256/tools/bin/../lib/gcc/arm-none-eabi/12.3.1/../../../../arm-none-eabi/lib/thumb/v7e-m+fp/hard\libc_nano.a(libc_a-nano-vfprintf_float.o)
                0x0800d96a                __exponent
 *fill*         0x0800d9de        0x2 
 .text._printf_float
                0x0800d9e0      0x454 C:/ST/STM32CubeIDE_1.15.1/STM32CubeIDE/plugins/com.st.stm32cube.ide.mcu.externaltools.gnu-tools-for-stm32.12.3.rel1.win32_1.0.100.202403111256/tools/bin/../lib/gcc/arm-none-eabi/12.3.1/../../../../arm-none-eabi/lib/thumb/v7e-m+fp/hard\libc_nano.a(libc_a-nano-vfprintf_float.o)
                0x0800d9e0                _printf_float
 .text._printf_common
                0x0800de34       0xda C:/ST/STM32CubeIDE_1.15.1/STM32CubeIDE/plugins/com.st.stm32cube.ide.mcu.externaltools.gnu-tools-for-stm32.12.3.rel1.win32_1.0.100.202403111256/tools/bin/../lib/gcc/arm-none-eabi/12.3.1/../../../../arm-none-eabi/lib/thumb/v7e-m+fp/hard\libc_nano.a(libc_a-nano-vfprintf_i.o)
                0x0800de34                _printf_common
 *fill*         0x0800df0e        0x2 
 .text._printf_i
                0x0800df10      0x240 C:/ST/STM32CubeIDE_1.15.1/STM32CubeIDE/plugins/com.st.stm32cube.ide.mcu.externaltools.gnu-tools-for-stm32.12.3.rel1.win32_1.0.100.202403111256/tools/bin/../lib/gcc/arm-none-eabi/12.3.1/../../../../arm-none-eabi/lib/thumb/v7e-m+fp/hard\libc_nano.a(libc_a-nano-vfprintf_i.o)
                0x0800df10                _printf_i
 .text._scanf_float
                0x0800e150      0x428 C:/ST/STM32CubeIDE_1.15.1/STM32CubeIDE/plugins/com.st.stm32cube.ide.mcu.externaltools.gnu-tools-for-stm32.12.3.rel1.win32_1.0.100.202403111256/tools/bin/../lib/gcc/arm-none-eabi/12.3.1/../../../../arm-none-eabi/lib/thumb/v7e-m+fp/hard\libc_nano.a(libc_a-nano-vfscanf_float.o)
                0x0800e150                _scanf_float
 .text.std      0x0800e578       0x6c C:/ST/STM32CubeIDE_1.15.1/STM32CubeIDE/plugins/com.st.stm32cube.ide.mcu.externaltools.gnu-tools-for-stm32.12.3.rel1.win32_1.0.100.202403111256/tools/bin/../lib/gcc/arm-none-eabi/12.3.1/../../../../arm-none-eabi/lib/thumb/v7e-m+fp/hard\libc_nano.a(libc_a-findfp.o)
 .text.stdio_exit_handler
                0x0800e5e4       0x18 C:/ST/STM32CubeIDE_1.15.1/STM32CubeIDE/plugins/com.st.stm32cube.ide.mcu.externaltools.gnu-tools-for-stm32.12.3.rel1.win32_1.0.100.202403111256/tools/bin/../lib/gcc/arm-none-eabi/12.3.1/../../../../arm-none-eabi/lib/thumb/v7e-m+fp/hard\libc_nano.a(libc_a-findfp.o)
 .text.cleanup_stdio
                0x0800e5fc       0x40 C:/ST/STM32CubeIDE_1.15.1/STM32CubeIDE/plugins/com.st.stm32cube.ide.mcu.externaltools.gnu-tools-for-stm32.12.3.rel1.win32_1.0.100.202403111256/tools/bin/../lib/gcc/arm-none-eabi/12.3.1/../../../../arm-none-eabi/lib/thumb/v7e-m+fp/hard\libc_nano.a(libc_a-findfp.o)
 .text.global_stdio_init.part.0
                0x0800e63c       0x3c C:/ST/STM32CubeIDE_1.15.1/STM32CubeIDE/plugins/com.st.stm32cube.ide.mcu.externaltools.gnu-tools-for-stm32.12.3.rel1.win32_1.0.100.202403111256/tools/bin/../lib/gcc/arm-none-eabi/12.3.1/../../../../arm-none-eabi/lib/thumb/v7e-m+fp/hard\libc_nano.a(libc_a-findfp.o)
 .text.__sfp_lock_acquire
                0x0800e678        0xc C:/ST/STM32CubeIDE_1.15.1/STM32CubeIDE/plugins/com.st.stm32cube.ide.mcu.externaltools.gnu-tools-for-stm32.12.3.rel1.win32_1.0.100.202403111256/tools/bin/../lib/gcc/arm-none-eabi/12.3.1/../../../../arm-none-eabi/lib/thumb/v7e-m+fp/hard\libc_nano.a(libc_a-findfp.o)
                0x0800e678                __sfp_lock_acquire
 .text.__sfp_lock_release
                0x0800e684        0xc C:/ST/STM32CubeIDE_1.15.1/STM32CubeIDE/plugins/com.st.stm32cube.ide.mcu.externaltools.gnu-tools-for-stm32.12.3.rel1.win32_1.0.100.202403111256/tools/bin/../lib/gcc/arm-none-eabi/12.3.1/../../../../arm-none-eabi/lib/thumb/v7e-m+fp/hard\libc_nano.a(libc_a-findfp.o)
                0x0800e684                __sfp_lock_release
 .text.__sinit  0x0800e690       0x30 C:/ST/STM32CubeIDE_1.15.1/STM32CubeIDE/plugins/com.st.stm32cube.ide.mcu.externaltools.gnu-tools-for-stm32.12.3.rel1.win32_1.0.100.202403111256/tools/bin/../lib/gcc/arm-none-eabi/12.3.1/../../../../arm-none-eabi/lib/thumb/v7e-m+fp/hard\libc_nano.a(libc_a-findfp.o)
                0x0800e690                __sinit
 .text._fwalk_sglue
                0x0800e6c0       0x3c C:/ST/STM32CubeIDE_1.15.1/STM32CubeIDE/plugins/com.st.stm32cube.ide.mcu.externaltools.gnu-tools-for-stm32.12.3.rel1.win32_1.0.100.202403111256/tools/bin/../lib/gcc/arm-none-eabi/12.3.1/../../../../arm-none-eabi/lib/thumb/v7e-m+fp/hard\libc_nano.a(libc_a-fwalk.o)
                0x0800e6c0                _fwalk_sglue
 .text.sprintf  0x0800e6fc       0x40 C:/ST/STM32CubeIDE_1.15.1/STM32CubeIDE/plugins/com.st.stm32cube.ide.mcu.externaltools.gnu-tools-for-stm32.12.3.rel1.win32_1.0.100.202403111256/tools/bin/../lib/gcc/arm-none-eabi/12.3.1/../../../../arm-none-eabi/lib/thumb/v7e-m+fp/hard\libc_nano.a(libc_a-sprintf.o)
                0x0800e6fc                siprintf
                0x0800e6fc                sprintf
 .text.__sread  0x0800e73c       0x22 C:/ST/STM32CubeIDE_1.15.1/STM32CubeIDE/plugins/com.st.stm32cube.ide.mcu.externaltools.gnu-tools-for-stm32.12.3.rel1.win32_1.0.100.202403111256/tools/bin/../lib/gcc/arm-none-eabi/12.3.1/../../../../arm-none-eabi/lib/thumb/v7e-m+fp/hard\libc_nano.a(libc_a-stdio.o)
                0x0800e73c                __sread
 .text.__swrite
                0x0800e75e       0x38 C:/ST/STM32CubeIDE_1.15.1/STM32CubeIDE/plugins/com.st.stm32cube.ide.mcu.externaltools.gnu-tools-for-stm32.12.3.rel1.win32_1.0.100.202403111256/tools/bin/../lib/gcc/arm-none-eabi/12.3.1/../../../../arm-none-eabi/lib/thumb/v7e-m+fp/hard\libc_nano.a(libc_a-stdio.o)
                0x0800e75e                __swrite
 .text.__sseek  0x0800e796       0x24 C:/ST/STM32CubeIDE_1.15.1/STM32CubeIDE/plugins/com.st.stm32cube.ide.mcu.externaltools.gnu-tools-for-stm32.12.3.rel1.win32_1.0.100.202403111256/tools/bin/../lib/gcc/arm-none-eabi/12.3.1/../../../../arm-none-eabi/lib/thumb/v7e-m+fp/hard\libc_nano.a(libc_a-stdio.o)
                0x0800e796                __sseek
 .text.__sclose
                0x0800e7ba        0x8 C:/ST/STM32CubeIDE_1.15.1/STM32CubeIDE/plugins/com.st.stm32cube.ide.mcu.externaltools.gnu-tools-for-stm32.12.3.rel1.win32_1.0.100.202403111256/tools/bin/../lib/gcc/arm-none-eabi/12.3.1/../../../../arm-none-eabi/lib/thumb/v7e-m+fp/hard\libc_nano.a(libc_a-stdio.o)
                0x0800e7ba                __sclose
 .text.memset   0x0800e7c2       0x10 C:/ST/STM32CubeIDE_1.15.1/STM32CubeIDE/plugins/com.st.stm32cube.ide.mcu.externaltools.gnu-tools-for-stm32.12.3.rel1.win32_1.0.100.202403111256/tools/bin/../lib/gcc/arm-none-eabi/12.3.1/../../../../arm-none-eabi/lib/thumb/v7e-m+fp/hard\libc_nano.a(libc_a-memset.o)
                0x0800e7c2                memset
 *fill*         0x0800e7d2        0x2 
 .text._localeconv_r
                0x0800e7d4        0x8 C:/ST/STM32CubeIDE_1.15.1/STM32CubeIDE/plugins/com.st.stm32cube.ide.mcu.externaltools.gnu-tools-for-stm32.12.3.rel1.win32_1.0.100.202403111256/tools/bin/../lib/gcc/arm-none-eabi/12.3.1/../../../../arm-none-eabi/lib/thumb/v7e-m+fp/hard\libc_nano.a(libc_a-localeconv.o)
                0x0800e7d4                _localeconv_r
 .text._close_r
                0x0800e7dc       0x20 C:/ST/STM32CubeIDE_1.15.1/STM32CubeIDE/plugins/com.st.stm32cube.ide.mcu.externaltools.gnu-tools-for-stm32.12.3.rel1.win32_1.0.100.202403111256/tools/bin/../lib/gcc/arm-none-eabi/12.3.1/../../../../arm-none-eabi/lib/thumb/v7e-m+fp/hard\libc_nano.a(libc_a-closer.o)
                0x0800e7dc                _close_r
 .text._lseek_r
                0x0800e7fc       0x24 C:/ST/STM32CubeIDE_1.15.1/STM32CubeIDE/plugins/com.st.stm32cube.ide.mcu.externaltools.gnu-tools-for-stm32.12.3.rel1.win32_1.0.100.202403111256/tools/bin/../lib/gcc/arm-none-eabi/12.3.1/../../../../arm-none-eabi/lib/thumb/v7e-m+fp/hard\libc_nano.a(libc_a-lseekr.o)
                0x0800e7fc                _lseek_r
 .text._read_r  0x0800e820       0x24 C:/ST/STM32CubeIDE_1.15.1/STM32CubeIDE/plugins/com.st.stm32cube.ide.mcu.externaltools.gnu-tools-for-stm32.12.3.rel1.win32_1.0.100.202403111256/tools/bin/../lib/gcc/arm-none-eabi/12.3.1/../../../../arm-none-eabi/lib/thumb/v7e-m+fp/hard\libc_nano.a(libc_a-readr.o)
                0x0800e820                _read_r
 .text._write_r
                0x0800e844       0x24 C:/ST/STM32CubeIDE_1.15.1/STM32CubeIDE/plugins/com.st.stm32cube.ide.mcu.externaltools.gnu-tools-for-stm32.12.3.rel1.win32_1.0.100.202403111256/tools/bin/../lib/gcc/arm-none-eabi/12.3.1/../../../../arm-none-eabi/lib/thumb/v7e-m+fp/hard\libc_nano.a(libc_a-writer.o)
                0x0800e844                _write_r
 .text.__errno  0x0800e868        0xc C:/ST/STM32CubeIDE_1.15.1/STM32CubeIDE/plugins/com.st.stm32cube.ide.mcu.externaltools.gnu-tools-for-stm32.12.3.rel1.win32_1.0.100.202403111256/tools/bin/../lib/gcc/arm-none-eabi/12.3.1/../../../../arm-none-eabi/lib/thumb/v7e-m+fp/hard\libc_nano.a(libc_a-errno.o)
                0x0800e868                __errno
 .text.__libc_init_array
                0x0800e874       0x48 C:/ST/STM32CubeIDE_1.15.1/STM32CubeIDE/plugins/com.st.stm32cube.ide.mcu.externaltools.gnu-tools-for-stm32.12.3.rel1.win32_1.0.100.202403111256/tools/bin/../lib/gcc/arm-none-eabi/12.3.1/../../../../arm-none-eabi/lib/thumb/v7e-m+fp/hard\libc_nano.a(libc_a-init.o)
                0x0800e874                __libc_init_array
 .text.__retarget_lock_init_recursive
                0x0800e8bc        0x2 C:/ST/STM32CubeIDE_1.15.1/STM32CubeIDE/plugins/com.st.stm32cube.ide.mcu.externaltools.gnu-tools-for-stm32.12.3.rel1.win32_1.0.100.202403111256/tools/bin/../lib/gcc/arm-none-eabi/12.3.1/../../../../arm-none-eabi/lib/thumb/v7e-m+fp/hard\libc_nano.a(libc_a-lock.o)
                0x0800e8bc                __retarget_lock_init_recursive
 .text.__retarget_lock_acquire_recursive
                0x0800e8be        0x2 C:/ST/STM32CubeIDE_1.15.1/STM32CubeIDE/plugins/com.st.stm32cube.ide.mcu.externaltools.gnu-tools-for-stm32.12.3.rel1.win32_1.0.100.202403111256/tools/bin/../lib/gcc/arm-none-eabi/12.3.1/../../../../arm-none-eabi/lib/thumb/v7e-m+fp/hard\libc_nano.a(libc_a-lock.o)
                0x0800e8be                __retarget_lock_acquire_recursive
 .text.__retarget_lock_release_recursive
                0x0800e8c0        0x2 C:/ST/STM32CubeIDE_1.15.1/STM32CubeIDE/plugins/com.st.stm32cube.ide.mcu.externaltools.gnu-tools-for-stm32.12.3.rel1.win32_1.0.100.202403111256/tools/bin/../lib/gcc/arm-none-eabi/12.3.1/../../../../arm-none-eabi/lib/thumb/v7e-m+fp/hard\libc_nano.a(libc_a-lock.o)
                0x0800e8c0                __retarget_lock_release_recursive
 .text.memcpy   0x0800e8c2       0x1c C:/ST/STM32CubeIDE_1.15.1/STM32CubeIDE/plugins/com.st.stm32cube.ide.mcu.externaltools.gnu-tools-for-stm32.12.3.rel1.win32_1.0.100.202403111256/tools/bin/../lib/gcc/arm-none-eabi/12.3.1/../../../../arm-none-eabi/lib/thumb/v7e-m+fp/hard\libc_nano.a(libc_a-memcpy-stub.o)
                0x0800e8c2                memcpy
 *fill*         0x0800e8de        0x2 
 .text.nanf     0x0800e8e0        0xc C:/ST/STM32CubeIDE_1.15.1/STM32CubeIDE/plugins/com.st.stm32cube.ide.mcu.externaltools.gnu-tools-for-stm32.12.3.rel1.win32_1.0.100.202403111256/tools/bin/../lib/gcc/arm-none-eabi/12.3.1/../../../../arm-none-eabi/lib/thumb/v7e-m+fp/hard\libc_nano.a(libm_a-sf_nan.o)
                0x0800e8e0                nanf
 .text.quorem   0x0800e8ec      0x110 C:/ST/STM32CubeIDE_1.15.1/STM32CubeIDE/plugins/com.st.stm32cube.ide.mcu.externaltools.gnu-tools-for-stm32.12.3.rel1.win32_1.0.100.202403111256/tools/bin/../lib/gcc/arm-none-eabi/12.3.1/../../../../arm-none-eabi/lib/thumb/v7e-m+fp/hard\libc_nano.a(libc_a-dtoa.o)
 *fill*         0x0800e9fc        0x4 
 .text._dtoa_r  0x0800ea00      0xb88 C:/ST/STM32CubeIDE_1.15.1/STM32CubeIDE/plugins/com.st.stm32cube.ide.mcu.externaltools.gnu-tools-for-stm32.12.3.rel1.win32_1.0.100.202403111256/tools/bin/../lib/gcc/arm-none-eabi/12.3.1/../../../../arm-none-eabi/lib/thumb/v7e-m+fp/hard\libc_nano.a(libc_a-dtoa.o)
                0x0800ea00                _dtoa_r
 .text._free_r  0x0800f588       0x94 C:/ST/STM32CubeIDE_1.15.1/STM32CubeIDE/plugins/com.st.stm32cube.ide.mcu.externaltools.gnu-tools-for-stm32.12.3.rel1.win32_1.0.100.202403111256/tools/bin/../lib/gcc/arm-none-eabi/12.3.1/../../../../arm-none-eabi/lib/thumb/v7e-m+fp/hard\libc_nano.a(libc_a-freer.o)
                0x0800f588                _free_r
 .text.malloc   0x0800f61c       0x10 C:/ST/STM32CubeIDE_1.15.1/STM32CubeIDE/plugins/com.st.stm32cube.ide.mcu.externaltools.gnu-tools-for-stm32.12.3.rel1.win32_1.0.100.202403111256/tools/bin/../lib/gcc/arm-none-eabi/12.3.1/../../../../arm-none-eabi/lib/thumb/v7e-m+fp/hard\libc_nano.a(libc_a-malloc.o)
                0x0800f61c                malloc
 .text.sbrk_aligned
                0x0800f62c       0x44 C:/ST/STM32CubeIDE_1.15.1/STM32CubeIDE/plugins/com.st.stm32cube.ide.mcu.externaltools.gnu-tools-for-stm32.12.3.rel1.win32_1.0.100.202403111256/tools/bin/../lib/gcc/arm-none-eabi/12.3.1/../../../../arm-none-eabi/lib/thumb/v7e-m+fp/hard\libc_nano.a(libc_a-mallocr.o)
 .text._malloc_r
                0x0800f670      0x100 C:/ST/STM32CubeIDE_1.15.1/STM32CubeIDE/plugins/com.st.stm32cube.ide.mcu.externaltools.gnu-tools-for-stm32.12.3.rel1.win32_1.0.100.202403111256/tools/bin/../lib/gcc/arm-none-eabi/12.3.1/../../../../arm-none-eabi/lib/thumb/v7e-m+fp/hard\libc_nano.a(libc_a-mallocr.o)
                0x0800f670                _malloc_r
 .text.__malloc_lock
                0x0800f770        0xc C:/ST/STM32CubeIDE_1.15.1/STM32CubeIDE/plugins/com.st.stm32cube.ide.mcu.externaltools.gnu-tools-for-stm32.12.3.rel1.win32_1.0.100.202403111256/tools/bin/../lib/gcc/arm-none-eabi/12.3.1/../../../../arm-none-eabi/lib/thumb/v7e-m+fp/hard\libc_nano.a(libc_a-mlock.o)
                0x0800f770                __malloc_lock
 .text.__malloc_unlock
                0x0800f77c        0xc C:/ST/STM32CubeIDE_1.15.1/STM32CubeIDE/plugins/com.st.stm32cube.ide.mcu.externaltools.gnu-tools-for-stm32.12.3.rel1.win32_1.0.100.202403111256/tools/bin/../lib/gcc/arm-none-eabi/12.3.1/../../../../arm-none-eabi/lib/thumb/v7e-m+fp/hard\libc_nano.a(libc_a-mlock.o)
                0x0800f77c                __malloc_unlock
 .text._Balloc  0x0800f788       0x80 C:/ST/STM32CubeIDE_1.15.1/STM32CubeIDE/plugins/com.st.stm32cube.ide.mcu.externaltools.gnu-tools-for-stm32.12.3.rel1.win32_1.0.100.202403111256/tools/bin/../lib/gcc/arm-none-eabi/12.3.1/../../../../arm-none-eabi/lib/thumb/v7e-m+fp/hard\libc_nano.a(libc_a-mprec.o)
                0x0800f788                _Balloc
 .text._Bfree   0x0800f808       0x44 C:/ST/STM32CubeIDE_1.15.1/STM32CubeIDE/plugins/com.st.stm32cube.ide.mcu.externaltools.gnu-tools-for-stm32.12.3.rel1.win32_1.0.100.202403111256/tools/bin/../lib/gcc/arm-none-eabi/12.3.1/../../../../arm-none-eabi/lib/thumb/v7e-m+fp/hard\libc_nano.a(libc_a-mprec.o)
                0x0800f808                _Bfree
 .text.__multadd
                0x0800f84c       0x8c C:/ST/STM32CubeIDE_1.15.1/STM32CubeIDE/plugins/com.st.stm32cube.ide.mcu.externaltools.gnu-tools-for-stm32.12.3.rel1.win32_1.0.100.202403111256/tools/bin/../lib/gcc/arm-none-eabi/12.3.1/../../../../arm-none-eabi/lib/thumb/v7e-m+fp/hard\libc_nano.a(libc_a-mprec.o)
                0x0800f84c                __multadd
 .text.__s2b    0x0800f8d8       0x94 C:/ST/STM32CubeIDE_1.15.1/STM32CubeIDE/plugins/com.st.stm32cube.ide.mcu.externaltools.gnu-tools-for-stm32.12.3.rel1.win32_1.0.100.202403111256/tools/bin/../lib/gcc/arm-none-eabi/12.3.1/../../../../arm-none-eabi/lib/thumb/v7e-m+fp/hard\libc_nano.a(libc_a-mprec.o)
                0x0800f8d8                __s2b
 .text.__hi0bits
                0x0800f96c       0x3e C:/ST/STM32CubeIDE_1.15.1/STM32CubeIDE/plugins/com.st.stm32cube.ide.mcu.externaltools.gnu-tools-for-stm32.12.3.rel1.win32_1.0.100.202403111256/tools/bin/../lib/gcc/arm-none-eabi/12.3.1/../../../../arm-none-eabi/lib/thumb/v7e-m+fp/hard\libc_nano.a(libc_a-mprec.o)
                0x0800f96c                __hi0bits
 .text.__lo0bits
                0x0800f9aa       0x5a C:/ST/STM32CubeIDE_1.15.1/STM32CubeIDE/plugins/com.st.stm32cube.ide.mcu.externaltools.gnu-tools-for-stm32.12.3.rel1.win32_1.0.100.202403111256/tools/bin/../lib/gcc/arm-none-eabi/12.3.1/../../../../arm-none-eabi/lib/thumb/v7e-m+fp/hard\libc_nano.a(libc_a-mprec.o)
                0x0800f9aa                __lo0bits
 .text.__i2b    0x0800fa04       0x2c C:/ST/STM32CubeIDE_1.15.1/STM32CubeIDE/plugins/com.st.stm32cube.ide.mcu.externaltools.gnu-tools-for-stm32.12.3.rel1.win32_1.0.100.202403111256/tools/bin/../lib/gcc/arm-none-eabi/12.3.1/../../../../arm-none-eabi/lib/thumb/v7e-m+fp/hard\libc_nano.a(libc_a-mprec.o)
                0x0800fa04                __i2b
 .text.__multiply
                0x0800fa30      0x154 C:/ST/STM32CubeIDE_1.15.1/STM32CubeIDE/plugins/com.st.stm32cube.ide.mcu.externaltools.gnu-tools-for-stm32.12.3.rel1.win32_1.0.100.202403111256/tools/bin/../lib/gcc/arm-none-eabi/12.3.1/../../../../arm-none-eabi/lib/thumb/v7e-m+fp/hard\libc_nano.a(libc_a-mprec.o)
                0x0800fa30                __multiply
 .text.__pow5mult
                0x0800fb84       0xb4 C:/ST/STM32CubeIDE_1.15.1/STM32CubeIDE/plugins/com.st.stm32cube.ide.mcu.externaltools.gnu-tools-for-stm32.12.3.rel1.win32_1.0.100.202403111256/tools/bin/../lib/gcc/arm-none-eabi/12.3.1/../../../../arm-none-eabi/lib/thumb/v7e-m+fp/hard\libc_nano.a(libc_a-mprec.o)
                0x0800fb84                __pow5mult
 .text.__lshift
                0x0800fc38       0xd8 C:/ST/STM32CubeIDE_1.15.1/STM32CubeIDE/plugins/com.st.stm32cube.ide.mcu.externaltools.gnu-tools-for-stm32.12.3.rel1.win32_1.0.100.202403111256/tools/bin/../lib/gcc/arm-none-eabi/12.3.1/../../../../arm-none-eabi/lib/thumb/v7e-m+fp/hard\libc_nano.a(libc_a-mprec.o)
                0x0800fc38                __lshift
 .text.__mcmp   0x0800fd10       0x36 C:/ST/STM32CubeIDE_1.15.1/STM32CubeIDE/plugins/com.st.stm32cube.ide.mcu.externaltools.gnu-tools-for-stm32.12.3.rel1.win32_1.0.100.202403111256/tools/bin/../lib/gcc/arm-none-eabi/12.3.1/../../../../arm-none-eabi/lib/thumb/v7e-m+fp/hard\libc_nano.a(libc_a-mprec.o)
                0x0800fd10                __mcmp
 *fill*         0x0800fd46        0x2 
 .text.__mdiff  0x0800fd48      0x128 C:/ST/STM32CubeIDE_1.15.1/STM32CubeIDE/plugins/com.st.stm32cube.ide.mcu.externaltools.gnu-tools-for-stm32.12.3.rel1.win32_1.0.100.202403111256/tools/bin/../lib/gcc/arm-none-eabi/12.3.1/../../../../arm-none-eabi/lib/thumb/v7e-m+fp/hard\libc_nano.a(libc_a-mprec.o)
                0x0800fd48                __mdiff
 .text.__ulp    0x0800fe70       0x4c C:/ST/STM32CubeIDE_1.15.1/STM32CubeIDE/plugins/com.st.stm32cube.ide.mcu.externaltools.gnu-tools-for-stm32.12.3.rel1.win32_1.0.100.202403111256/tools/bin/../lib/gcc/arm-none-eabi/12.3.1/../../../../arm-none-eabi/lib/thumb/v7e-m+fp/hard\libc_nano.a(libc_a-mprec.o)
                0x0800fe70                __ulp
 .text.__b2d    0x0800febc       0x94 C:/ST/STM32CubeIDE_1.15.1/STM32CubeIDE/plugins/com.st.stm32cube.ide.mcu.externaltools.gnu-tools-for-stm32.12.3.rel1.win32_1.0.100.202403111256/tools/bin/../lib/gcc/arm-none-eabi/12.3.1/../../../../arm-none-eabi/lib/thumb/v7e-m+fp/hard\libc_nano.a(libc_a-mprec.o)
                0x0800febc                __b2d
 .text.__d2b    0x0800ff50       0xb0 C:/ST/STM32CubeIDE_1.15.1/STM32CubeIDE/plugins/com.st.stm32cube.ide.mcu.externaltools.gnu-tools-for-stm32.12.3.rel1.win32_1.0.100.202403111256/tools/bin/../lib/gcc/arm-none-eabi/12.3.1/../../../../arm-none-eabi/lib/thumb/v7e-m+fp/hard\libc_nano.a(libc_a-mprec.o)
                0x0800ff50                __d2b
 .text.__ratio  0x08010000       0x64 C:/ST/STM32CubeIDE_1.15.1/STM32CubeIDE/plugins/com.st.stm32cube.ide.mcu.externaltools.gnu-tools-for-stm32.12.3.rel1.win32_1.0.100.202403111256/tools/bin/../lib/gcc/arm-none-eabi/12.3.1/../../../../arm-none-eabi/lib/thumb/v7e-m+fp/hard\libc_nano.a(libc_a-mprec.o)
                0x08010000                __ratio
 .text.__copybits
                0x08010064       0x46 C:/ST/STM32CubeIDE_1.15.1/STM32CubeIDE/plugins/com.st.stm32cube.ide.mcu.externaltools.gnu-tools-for-stm32.12.3.rel1.win32_1.0.100.202403111256/tools/bin/../lib/gcc/arm-none-eabi/12.3.1/../../../../arm-none-eabi/lib/thumb/v7e-m+fp/hard\libc_nano.a(libc_a-mprec.o)
                0x08010064                __copybits
 .text.__any_on
                0x080100aa       0x42 C:/ST/STM32CubeIDE_1.15.1/STM32CubeIDE/plugins/com.st.stm32cube.ide.mcu.externaltools.gnu-tools-for-stm32.12.3.rel1.win32_1.0.100.202403111256/tools/bin/../lib/gcc/arm-none-eabi/12.3.1/../../../../arm-none-eabi/lib/thumb/v7e-m+fp/hard\libc_nano.a(libc_a-mprec.o)
                0x080100aa                __any_on
 .text.sulp     0x080100ec       0x3c C:/ST/STM32CubeIDE_1.15.1/STM32CubeIDE/plugins/com.st.stm32cube.ide.mcu.externaltools.gnu-tools-for-stm32.12.3.rel1.win32_1.0.100.202403111256/tools/bin/../lib/gcc/arm-none-eabi/12.3.1/../../../../arm-none-eabi/lib/thumb/v7e-m+fp/hard\libc_nano.a(libc_a-strtod.o)
 .text._strtod_l
                0x08010128      0xbc8 C:/ST/STM32CubeIDE_1.15.1/STM32CubeIDE/plugins/com.st.stm32cube.ide.mcu.externaltools.gnu-tools-for-stm32.12.3.rel1.win32_1.0.100.202403111256/tools/bin/../lib/gcc/arm-none-eabi/12.3.1/../../../../arm-none-eabi/lib/thumb/v7e-m+fp/hard\libc_nano.a(libc_a-strtod.o)
                0x08010128                _strtod_l
 .text._strtod_r
                0x08010cf0        0xc C:/ST/STM32CubeIDE_1.15.1/STM32CubeIDE/plugins/com.st.stm32cube.ide.mcu.externaltools.gnu-tools-for-stm32.12.3.rel1.win32_1.0.100.202403111256/tools/bin/../lib/gcc/arm-none-eabi/12.3.1/../../../../arm-none-eabi/lib/thumb/v7e-m+fp/hard\libc_nano.a(libc_a-strtod.o)
                0x08010cf0                _strtod_r
 .text.__ssputs_r
                0x08010cfc       0xb6 C:/ST/STM32CubeIDE_1.15.1/STM32CubeIDE/plugins/com.st.stm32cube.ide.mcu.externaltools.gnu-tools-for-stm32.12.3.rel1.win32_1.0.100.202403111256/tools/bin/../lib/gcc/arm-none-eabi/12.3.1/../../../../arm-none-eabi/lib/thumb/v7e-m+fp/hard\libc_nano.a(libc_a-nano-svfprintf.o)
                0x08010cfc                __ssputs_r
 *fill*         0x08010db2        0x2 
 .text._svfprintf_r
                0x08010db4      0x1f8 C:/ST/STM32CubeIDE_1.15.1/STM32CubeIDE/plugins/com.st.stm32cube.ide.mcu.externaltools.gnu-tools-for-stm32.12.3.rel1.win32_1.0.100.202403111256/tools/bin/../lib/gcc/arm-none-eabi/12.3.1/../../../../arm-none-eabi/lib/thumb/v7e-m+fp/hard\libc_nano.a(libc_a-nano-svfprintf.o)
                0x08010db4                _svfiprintf_r
                0x08010db4                _svfprintf_r
 .text.__sflush_r
                0x08010fac      0x108 C:/ST/STM32CubeIDE_1.15.1/STM32CubeIDE/plugins/com.st.stm32cube.ide.mcu.externaltools.gnu-tools-for-stm32.12.3.rel1.win32_1.0.100.202403111256/tools/bin/../lib/gcc/arm-none-eabi/12.3.1/../../../../arm-none-eabi/lib/thumb/v7e-m+fp/hard\libc_nano.a(libc_a-fflush.o)
                0x08010fac                __sflush_r
 .text._fflush_r
                0x080110b4       0x50 C:/ST/STM32CubeIDE_1.15.1/STM32CubeIDE/plugins/com.st.stm32cube.ide.mcu.externaltools.gnu-tools-for-stm32.12.3.rel1.win32_1.0.100.202403111256/tools/bin/../lib/gcc/arm-none-eabi/12.3.1/../../../../arm-none-eabi/lib/thumb/v7e-m+fp/hard\libc_nano.a(libc_a-fflush.o)
                0x080110b4                _fflush_r
 .text.memmove  0x08011104       0x34 C:/ST/STM32CubeIDE_1.15.1/STM32CubeIDE/plugins/com.st.stm32cube.ide.mcu.externaltools.gnu-tools-for-stm32.12.3.rel1.win32_1.0.100.202403111256/tools/bin/../lib/gcc/arm-none-eabi/12.3.1/../../../../arm-none-eabi/lib/thumb/v7e-m+fp/hard\libc_nano.a(libc_a-memmove.o)
                0x08011104                memmove
 .text.strncmp  0x08011138       0x24 C:/ST/STM32CubeIDE_1.15.1/STM32CubeIDE/plugins/com.st.stm32cube.ide.mcu.externaltools.gnu-tools-for-stm32.12.3.rel1.win32_1.0.100.202403111256/tools/bin/../lib/gcc/arm-none-eabi/12.3.1/../../../../arm-none-eabi/lib/thumb/v7e-m+fp/hard\libc_nano.a(libc_a-strncmp.o)
                0x08011138                strncmp
 .text._sbrk_r  0x0801115c       0x20 C:/ST/STM32CubeIDE_1.15.1/STM32CubeIDE/plugins/com.st.stm32cube.ide.mcu.externaltools.gnu-tools-for-stm32.12.3.rel1.win32_1.0.100.202403111256/tools/bin/../lib/gcc/arm-none-eabi/12.3.1/../../../../arm-none-eabi/lib/thumb/v7e-m+fp/hard\libc_nano.a(libc_a-sbrkr.o)
                0x0801115c                _sbrk_r
 *fill*         0x0801117c        0x4 
 .text.nan      0x08011180       0x10 C:/ST/STM32CubeIDE_1.15.1/STM32CubeIDE/plugins/com.st.stm32cube.ide.mcu.externaltools.gnu-tools-for-stm32.12.3.rel1.win32_1.0.100.202403111256/tools/bin/../lib/gcc/arm-none-eabi/12.3.1/../../../../arm-none-eabi/lib/thumb/v7e-m+fp/hard\libc_nano.a(libm_a-s_nan.o)
                0x08011180                nan
 .text.__assert_func
                0x08011190       0x3c C:/ST/STM32CubeIDE_1.15.1/STM32CubeIDE/plugins/com.st.stm32cube.ide.mcu.externaltools.gnu-tools-for-stm32.12.3.rel1.win32_1.0.100.202403111256/tools/bin/../lib/gcc/arm-none-eabi/12.3.1/../../../../arm-none-eabi/lib/thumb/v7e-m+fp/hard\libc_nano.a(libc_a-assert.o)
                0x08011190                __assert_func
 .text._calloc_r
                0x080111cc       0x28 C:/ST/STM32CubeIDE_1.15.1/STM32CubeIDE/plugins/com.st.stm32cube.ide.mcu.externaltools.gnu-tools-for-stm32.12.3.rel1.win32_1.0.100.202403111256/tools/bin/../lib/gcc/arm-none-eabi/12.3.1/../../../../arm-none-eabi/lib/thumb/v7e-m+fp/hard\libc_nano.a(libc_a-callocr.o)
                0x080111cc                _calloc_r
 .text.rshift   0x080111f4       0xa4 C:/ST/STM32CubeIDE_1.15.1/STM32CubeIDE/plugins/com.st.stm32cube.ide.mcu.externaltools.gnu-tools-for-stm32.12.3.rel1.win32_1.0.100.202403111256/tools/bin/../lib/gcc/arm-none-eabi/12.3.1/../../../../arm-none-eabi/lib/thumb/v7e-m+fp/hard\libc_nano.a(libc_a-gdtoa-gethex.o)
 .text.__hexdig_fun
                0x08011298       0x2a C:/ST/STM32CubeIDE_1.15.1/STM32CubeIDE/plugins/com.st.stm32cube.ide.mcu.externaltools.gnu-tools-for-stm32.12.3.rel1.win32_1.0.100.202403111256/tools/bin/../lib/gcc/arm-none-eabi/12.3.1/../../../../arm-none-eabi/lib/thumb/v7e-m+fp/hard\libc_nano.a(libc_a-gdtoa-gethex.o)
                0x08011298                __hexdig_fun
 *fill*         0x080112c2        0x2 
 .text.__gethex
                0x080112c4      0x420 C:/ST/STM32CubeIDE_1.15.1/STM32CubeIDE/plugins/com.st.stm32cube.ide.mcu.externaltools.gnu-tools-for-stm32.12.3.rel1.win32_1.0.100.202403111256/tools/bin/../lib/gcc/arm-none-eabi/12.3.1/../../../../arm-none-eabi/lib/thumb/v7e-m+fp/hard\libc_nano.a(libc_a-gdtoa-gethex.o)
                0x080112c4                __gethex
 .text.L_shift  0x080116e4       0x24 C:/ST/STM32CubeIDE_1.15.1/STM32CubeIDE/plugins/com.st.stm32cube.ide.mcu.externaltools.gnu-tools-for-stm32.12.3.rel1.win32_1.0.100.202403111256/tools/bin/../lib/gcc/arm-none-eabi/12.3.1/../../../../arm-none-eabi/lib/thumb/v7e-m+fp/hard\libc_nano.a(libc_a-gdtoa-hexnan.o)
 .text.__match  0x08011708       0x28 C:/ST/STM32CubeIDE_1.15.1/STM32CubeIDE/plugins/com.st.stm32cube.ide.mcu.externaltools.gnu-tools-for-stm32.12.3.rel1.win32_1.0.100.202403111256/tools/bin/../lib/gcc/arm-none-eabi/12.3.1/../../../../arm-none-eabi/lib/thumb/v7e-m+fp/hard\libc_nano.a(libc_a-gdtoa-hexnan.o)
                0x08011708                __match
 .text.__hexnan
                0x08011730      0x136 C:/ST/STM32CubeIDE_1.15.1/STM32CubeIDE/plugins/com.st.stm32cube.ide.mcu.externaltools.gnu-tools-for-stm32.12.3.rel1.win32_1.0.100.202403111256/tools/bin/../lib/gcc/arm-none-eabi/12.3.1/../../../../arm-none-eabi/lib/thumb/v7e-m+fp/hard\libc_nano.a(libc_a-gdtoa-hexnan.o)
                0x08011730                __hexnan
 .text.__ascii_mbtowc
                0x08011866       0x24 C:/ST/STM32CubeIDE_1.15.1/STM32CubeIDE/plugins/com.st.stm32cube.ide.mcu.externaltools.gnu-tools-for-stm32.12.3.rel1.win32_1.0.100.202403111256/tools/bin/../lib/gcc/arm-none-eabi/12.3.1/../../../../arm-none-eabi/lib/thumb/v7e-m+fp/hard\libc_nano.a(libc_a-mbtowc_r.o)
                0x08011866                __ascii_mbtowc
 .text._realloc_r
                0x0801188a       0x5c C:/ST/STM32CubeIDE_1.15.1/STM32CubeIDE/plugins/com.st.stm32cube.ide.mcu.externaltools.gnu-tools-for-stm32.12.3.rel1.win32_1.0.100.202403111256/tools/bin/../lib/gcc/arm-none-eabi/12.3.1/../../../../arm-none-eabi/lib/thumb/v7e-m+fp/hard\libc_nano.a(libc_a-reallocr.o)
                0x0801188a                _realloc_r
 .text.__ascii_wctomb
                0x080118e6       0x1a C:/ST/STM32CubeIDE_1.15.1/STM32CubeIDE/plugins/com.st.stm32cube.ide.mcu.externaltools.gnu-tools-for-stm32.12.3.rel1.win32_1.0.100.202403111256/tools/bin/../lib/gcc/arm-none-eabi/12.3.1/../../../../arm-none-eabi/lib/thumb/v7e-m+fp/hard\libc_nano.a(libc_a-wctomb_r.o)
                0x080118e6                __ascii_wctomb
 .text.fprintf  0x08011900       0x24 C:/ST/STM32CubeIDE_1.15.1/STM32CubeIDE/plugins/com.st.stm32cube.ide.mcu.externaltools.gnu-tools-for-stm32.12.3.rel1.win32_1.0.100.202403111256/tools/bin/../lib/gcc/arm-none-eabi/12.3.1/../../../../arm-none-eabi/lib/thumb/v7e-m+fp/hard\libc_nano.a(libc_a-fprintf.o)
                0x08011900                fiprintf
                0x08011900                fprintf
 .text.abort    0x08011924        0xe C:/ST/STM32CubeIDE_1.15.1/STM32CubeIDE/plugins/com.st.stm32cube.ide.mcu.externaltools.gnu-tools-for-stm32.12.3.rel1.win32_1.0.100.202403111256/tools/bin/../lib/gcc/arm-none-eabi/12.3.1/../../../../arm-none-eabi/lib/thumb/v7e-m+fp/hard\libc_nano.a(libc_a-abort.o)
                0x08011924                abort
 .text._malloc_usable_size_r
                0x08011932       0x10 C:/ST/STM32CubeIDE_1.15.1/STM32CubeIDE/plugins/com.st.stm32cube.ide.mcu.externaltools.gnu-tools-for-stm32.12.3.rel1.win32_1.0.100.202403111256/tools/bin/../lib/gcc/arm-none-eabi/12.3.1/../../../../arm-none-eabi/lib/thumb/v7e-m+fp/hard\libc_nano.a(libc_a-msizer.o)
                0x08011932                _malloc_usable_size_r
 .text.__sfputc_r
                0x08011942       0x2e C:/ST/STM32CubeIDE_1.15.1/STM32CubeIDE/plugins/com.st.stm32cube.ide.mcu.externaltools.gnu-tools-for-stm32.12.3.rel1.win32_1.0.100.202403111256/tools/bin/../lib/gcc/arm-none-eabi/12.3.1/../../../../arm-none-eabi/lib/thumb/v7e-m+fp/hard\libc_nano.a(libc_a-nano-vfprintf.o)
 .text.__sfputs_r
                0x08011970       0x24 C:/ST/STM32CubeIDE_1.15.1/STM32CubeIDE/plugins/com.st.stm32cube.ide.mcu.externaltools.gnu-tools-for-stm32.12.3.rel1.win32_1.0.100.202403111256/tools/bin/../lib/gcc/arm-none-eabi/12.3.1/../../../../arm-none-eabi/lib/thumb/v7e-m+fp/hard\libc_nano.a(libc_a-nano-vfprintf.o)
                0x08011970                __sfputs_r
 .text._vfprintf_r
                0x08011994      0x230 C:/ST/STM32CubeIDE_1.15.1/STM32CubeIDE/plugins/com.st.stm32cube.ide.mcu.externaltools.gnu-tools-for-stm32.12.3.rel1.win32_1.0.100.202403111256/tools/bin/../lib/gcc/arm-none-eabi/12.3.1/../../../../arm-none-eabi/lib/thumb/v7e-m+fp/hard\libc_nano.a(libc_a-nano-vfprintf.o)
                0x08011994                _vfprintf_r
                0x08011994                _vfiprintf_r
 .text.__swbuf_r
                0x08011bc4       0x7c C:/ST/STM32CubeIDE_1.15.1/STM32CubeIDE/plugins/com.st.stm32cube.ide.mcu.externaltools.gnu-tools-for-stm32.12.3.rel1.win32_1.0.100.202403111256/tools/bin/../lib/gcc/arm-none-eabi/12.3.1/../../../../arm-none-eabi/lib/thumb/v7e-m+fp/hard\libc_nano.a(libc_a-wbuf.o)
                0x08011bc4                __swbuf_r
 .text.__swsetup_r
                0x08011c40       0xac C:/ST/STM32CubeIDE_1.15.1/STM32CubeIDE/plugins/com.st.stm32cube.ide.mcu.externaltools.gnu-tools-for-stm32.12.3.rel1.win32_1.0.100.202403111256/tools/bin/../lib/gcc/arm-none-eabi/12.3.1/../../../../arm-none-eabi/lib/thumb/v7e-m+fp/hard\libc_nano.a(libc_a-wsetup.o)
                0x08011c40                __swsetup_r
 .text._raise_r
                0x08011cec       0x50 C:/ST/STM32CubeIDE_1.15.1/STM32CubeIDE/plugins/com.st.stm32cube.ide.mcu.externaltools.gnu-tools-for-stm32.12.3.rel1.win32_1.0.100.202403111256/tools/bin/../lib/gcc/arm-none-eabi/12.3.1/../../../../arm-none-eabi/lib/thumb/v7e-m+fp/hard\libc_nano.a(libc_a-signal.o)
                0x08011cec                _raise_r
 .text.raise    0x08011d3c       0x10 C:/ST/STM32CubeIDE_1.15.1/STM32CubeIDE/plugins/com.st.stm32cube.ide.mcu.externaltools.gnu-tools-for-stm32.12.3.rel1.win32_1.0.100.202403111256/tools/bin/../lib/gcc/arm-none-eabi/12.3.1/../../../../arm-none-eabi/lib/thumb/v7e-m+fp/hard\libc_nano.a(libc_a-signal.o)
                0x08011d3c                raise
 .text._kill_r  0x08011d4c       0x24 C:/ST/STM32CubeIDE_1.15.1/STM32CubeIDE/plugins/com.st.stm32cube.ide.mcu.externaltools.gnu-tools-for-stm32.12.3.rel1.win32_1.0.100.202403111256/tools/bin/../lib/gcc/arm-none-eabi/12.3.1/../../../../arm-none-eabi/lib/thumb/v7e-m+fp/hard\libc_nano.a(libc_a-signalr.o)
                0x08011d4c                _kill_r
 .text._getpid_r
                0x08011d70        0x4 C:/ST/STM32CubeIDE_1.15.1/STM32CubeIDE/plugins/com.st.stm32cube.ide.mcu.externaltools.gnu-tools-for-stm32.12.3.rel1.win32_1.0.100.202403111256/tools/bin/../lib/gcc/arm-none-eabi/12.3.1/../../../../arm-none-eabi/lib/thumb/v7e-m+fp/hard\libc_nano.a(libc_a-signalr.o)
                0x08011d70                _getpid_r
 .text.__swhatbuf_r
                0x08011d74       0x4c C:/ST/STM32CubeIDE_1.15.1/STM32CubeIDE/plugins/com.st.stm32cube.ide.mcu.externaltools.gnu-tools-for-stm32.12.3.rel1.win32_1.0.100.202403111256/tools/bin/../lib/gcc/arm-none-eabi/12.3.1/../../../../arm-none-eabi/lib/thumb/v7e-m+fp/hard\libc_nano.a(libc_a-makebuf.o)
                0x08011d74                __swhatbuf_r
 .text.__smakebuf_r
                0x08011dc0       0x78 C:/ST/STM32CubeIDE_1.15.1/STM32CubeIDE/plugins/com.st.stm32cube.ide.mcu.externaltools.gnu-tools-for-stm32.12.3.rel1.win32_1.0.100.202403111256/tools/bin/../lib/gcc/arm-none-eabi/12.3.1/../../../../arm-none-eabi/lib/thumb/v7e-m+fp/hard\libc_nano.a(libc_a-makebuf.o)
                0x08011dc0                __smakebuf_r
 .text._fstat_r
                0x08011e38       0x24 C:/ST/STM32CubeIDE_1.15.1/STM32CubeIDE/plugins/com.st.stm32cube.ide.mcu.externaltools.gnu-tools-for-stm32.12.3.rel1.win32_1.0.100.202403111256/tools/bin/../lib/gcc/arm-none-eabi/12.3.1/../../../../arm-none-eabi/lib/thumb/v7e-m+fp/hard\libc_nano.a(libc_a-fstatr.o)
                0x08011e38                _fstat_r
 .text._isatty_r
                0x08011e5c       0x20 C:/ST/STM32CubeIDE_1.15.1/STM32CubeIDE/plugins/com.st.stm32cube.ide.mcu.externaltools.gnu-tools-for-stm32.12.3.rel1.win32_1.0.100.202403111256/tools/bin/../lib/gcc/arm-none-eabi/12.3.1/../../../../arm-none-eabi/lib/thumb/v7e-m+fp/hard\libc_nano.a(libc_a-isattyr.o)
                0x08011e5c                _isatty_r
 *(.glue_7)
 .glue_7        0x08011e7c        0x0 linker stubs
 *(.glue_7t)
 .glue_7t       0x08011e7c        0x0 linker stubs
 *(.eh_frame)
 .eh_frame      0x08011e7c        0x0 C:/ST/STM32CubeIDE_1.15.1/STM32CubeIDE/plugins/com.st.stm32cube.ide.mcu.externaltools.gnu-tools-for-stm32.12.3.rel1.win32_1.0.100.202403111256/tools/bin/../lib/gcc/arm-none-eabi/12.3.1/thumb/v7e-m+fp/hard/crtbegin.o
 *(.init)
 .init          0x08011e7c        0x4 C:/ST/STM32CubeIDE_1.15.1/STM32CubeIDE/plugins/com.st.stm32cube.ide.mcu.externaltools.gnu-tools-for-stm32.12.3.rel1.win32_1.0.100.202403111256/tools/bin/../lib/gcc/arm-none-eabi/12.3.1/thumb/v7e-m+fp/hard/crti.o
                0x08011e7c                _init
 .init          0x08011e80        0x8 C:/ST/STM32CubeIDE_1.15.1/STM32CubeIDE/plugins/com.st.stm32cube.ide.mcu.externaltools.gnu-tools-for-stm32.12.3.rel1.win32_1.0.100.202403111256/tools/bin/../lib/gcc/arm-none-eabi/12.3.1/thumb/v7e-m+fp/hard/crtn.o
 *(.fini)
 .fini          0x08011e88        0x4 C:/ST/STM32CubeIDE_1.15.1/STM32CubeIDE/plugins/com.st.stm32cube.ide.mcu.externaltools.gnu-tools-for-stm32.12.3.rel1.win32_1.0.100.202403111256/tools/bin/../lib/gcc/arm-none-eabi/12.3.1/thumb/v7e-m+fp/hard/crti.o
                0x08011e88                _fini
 .fini          0x08011e8c        0x8 C:/ST/STM32CubeIDE_1.15.1/STM32CubeIDE/plugins/com.st.stm32cube.ide.mcu.externaltools.gnu-tools-for-stm32.12.3.rel1.win32_1.0.100.202403111256/tools/bin/../lib/gcc/arm-none-eabi/12.3.1/thumb/v7e-m+fp/hard/crtn.o
                0x08011e94                        . = ALIGN (0x4)
                0x08011e94                        _etext = .

.vfp11_veneer   0x08011e94        0x0
 .vfp11_veneer  0x08011e94        0x0 linker stubs

.v4_bx          0x08011e94        0x0
 .v4_bx         0x08011e94        0x0 linker stubs

.iplt           0x08011e94        0x0
 .iplt          0x08011e94        0x0 C:/ST/STM32CubeIDE_1.15.1/STM32CubeIDE/plugins/com.st.stm32cube.ide.mcu.externaltools.gnu-tools-for-stm32.12.3.rel1.win32_1.0.100.202403111256/tools/bin/../lib/gcc/arm-none-eabi/12.3.1/thumb/v7e-m+fp/hard/crtbegin.o

.rodata         0x08011e98     0x2f90
                0x08011e98                        . = ALIGN (0x4)
 *(.rodata)
 .rodata        0x08011e98       0x19 ./Core/CMDLine/ACK_packet/ACKsend_packet.o
 *fill*         0x08011eb1        0x3 
 .rodata        0x08011eb4     0x1d74 ./Core/CMDLine/command.o
 .rodata        0x08013c28      0x4b2 ./Core/CMDLine/rs422.o
 *fill*         0x080140da        0x2 
 .rodata        0x080140dc       0x98 ./Core/CPOC/CPOC.o
 .rodata        0x08014174      0x86a ./ThirdParty/libfsp/fsp.o
 *(.rodata*)
 *fill*         0x080149de        0x2 
 .rodata.AHBPrescTable
                0x080149e0       0x10 ./Core/Src/system_stm32f4xx.o
                0x080149e0                AHBPrescTable
 .rodata.APBPrescTable
                0x080149f0        0x8 ./Core/Src/system_stm32f4xx.o
                0x080149f0                APBPrescTable
 .rodata._ctype_
                0x080149f8      0x101 C:/ST/STM32CubeIDE_1.15.1/STM32CubeIDE/plugins/com.st.stm32cube.ide.mcu.externaltools.gnu-tools-for-stm32.12.3.rel1.win32_1.0.100.202403111256/tools/bin/../lib/gcc/arm-none-eabi/12.3.1/../../../../arm-none-eabi/lib/thumb/v7e-m+fp/hard\libc_nano.a(libc_a-ctype_.o)
                0x080149f8                _ctype_
 .rodata._printf_float.str1.1
                0x08014af9       0x12 C:/ST/STM32CubeIDE_1.15.1/STM32CubeIDE/plugins/com.st.stm32cube.ide.mcu.externaltools.gnu-tools-for-stm32.12.3.rel1.win32_1.0.100.202403111256/tools/bin/../lib/gcc/arm-none-eabi/12.3.1/../../../../arm-none-eabi/lib/thumb/v7e-m+fp/hard\libc_nano.a(libc_a-nano-vfprintf_float.o)
 .rodata._printf_i.str1.1
                0x08014b0b       0x22 C:/ST/STM32CubeIDE_1.15.1/STM32CubeIDE/plugins/com.st.stm32cube.ide.mcu.externaltools.gnu-tools-for-stm32.12.3.rel1.win32_1.0.100.202403111256/tools/bin/../lib/gcc/arm-none-eabi/12.3.1/../../../../arm-none-eabi/lib/thumb/v7e-m+fp/hard\libc_nano.a(libc_a-nano-vfprintf_i.o)
 .rodata._scanf_float.str1.1
                0x08014b2d        0x5 C:/ST/STM32CubeIDE_1.15.1/STM32CubeIDE/plugins/com.st.stm32cube.ide.mcu.externaltools.gnu-tools-for-stm32.12.3.rel1.win32_1.0.100.202403111256/tools/bin/../lib/gcc/arm-none-eabi/12.3.1/../../../../arm-none-eabi/lib/thumb/v7e-m+fp/hard\libc_nano.a(libc_a-nano-vfscanf_float.o)
                                  0x6 (size before relaxing)
 .rodata._dtoa_r.str1.1
                0x08014b32       0x8d C:/ST/STM32CubeIDE_1.15.1/STM32CubeIDE/plugins/com.st.stm32cube.ide.mcu.externaltools.gnu-tools-for-stm32.12.3.rel1.win32_1.0.100.202403111256/tools/bin/../lib/gcc/arm-none-eabi/12.3.1/../../../../arm-none-eabi/lib/thumb/v7e-m+fp/hard\libc_nano.a(libc_a-dtoa.o)
                                 0x8f (size before relaxing)
 .rodata._Balloc.str1.1
                0x08014bbf       0x59 C:/ST/STM32CubeIDE_1.15.1/STM32CubeIDE/plugins/com.st.stm32cube.ide.mcu.externaltools.gnu-tools-for-stm32.12.3.rel1.win32_1.0.100.202403111256/tools/bin/../lib/gcc/arm-none-eabi/12.3.1/../../../../arm-none-eabi/lib/thumb/v7e-m+fp/hard\libc_nano.a(libc_a-mprec.o)
                                 0x70 (size before relaxing)
 .rodata.__multadd.str1.1
                0x08014c18       0x11 C:/ST/STM32CubeIDE_1.15.1/STM32CubeIDE/plugins/com.st.stm32cube.ide.mcu.externaltools.gnu-tools-for-stm32.12.3.rel1.win32_1.0.100.202403111256/tools/bin/../lib/gcc/arm-none-eabi/12.3.1/../../../../arm-none-eabi/lib/thumb/v7e-m+fp/hard\libc_nano.a(libc_a-mprec.o)
 .rodata.p05.0  0x08014c18        0xc C:/ST/STM32CubeIDE_1.15.1/STM32CubeIDE/plugins/com.st.stm32cube.ide.mcu.externaltools.gnu-tools-for-stm32.12.3.rel1.win32_1.0.100.202403111256/tools/bin/../lib/gcc/arm-none-eabi/12.3.1/../../../../arm-none-eabi/lib/thumb/v7e-m+fp/hard\libc_nano.a(libc_a-mprec.o)
 *fill*         0x08014c24        0x4 
 .rodata.__mprec_bigtens
                0x08014c28       0x28 C:/ST/STM32CubeIDE_1.15.1/STM32CubeIDE/plugins/com.st.stm32cube.ide.mcu.externaltools.gnu-tools-for-stm32.12.3.rel1.win32_1.0.100.202403111256/tools/bin/../lib/gcc/arm-none-eabi/12.3.1/../../../../arm-none-eabi/lib/thumb/v7e-m+fp/hard\libc_nano.a(libc_a-mprec.o)
                0x08014c28                __mprec_bigtens
 .rodata.__mprec_tens
                0x08014c50       0xc8 C:/ST/STM32CubeIDE_1.15.1/STM32CubeIDE/plugins/com.st.stm32cube.ide.mcu.externaltools.gnu-tools-for-stm32.12.3.rel1.win32_1.0.100.202403111256/tools/bin/../lib/gcc/arm-none-eabi/12.3.1/../../../../arm-none-eabi/lib/thumb/v7e-m+fp/hard\libc_nano.a(libc_a-mprec.o)
                0x08014c50                __mprec_tens
 .rodata._strtod_l.str1.1