Archive member included to satisfy reference by file (symbol)

C:/ST/STM32CubeIDE_1.15.1/STM32CubeIDE/plugins/com.st.stm32cube.ide.mcu.externaltools.gnu-tools-for-stm32.12.3.rel1.win32_1.0.100.202403111256/tools/bin/../lib/gcc/arm-none-eabi/12.3.1/../../../../arm-none-eabi/lib/thumb/v7e-m+fp/hard\libc_nano.a(libc_a-atoi.o)
                              ./Core/CMDLine/cmd_IOU/iou_cmd.o (atoi)
C:/ST/STM32CubeIDE_1.15.1/STM32CubeIDE/plugins/com.st.stm32cube.ide.mcu.externaltools.gnu-tools-for-stm32.12.3.rel1.win32_1.0.100.202403111256/tools/bin/../lib/gcc/arm-none-eabi/12.3.1/../../../../arm-none-eabi/lib/thumb/v7e-m+fp/hard\libc_nano.a(libc_a-exit.o)
                              C:/ST/STM32CubeIDE_1.15.1/STM32CubeIDE/plugins/com.st.stm32cube.ide.mcu.externaltools.gnu-tools-for-stm32.12.3.rel1.win32_1.0.100.202403111256/tools/bin/../lib/gcc/arm-none-eabi/12.3.1/../../../../arm-none-eabi/lib/thumb/v7e-m+fp/hard/crt0.o (exit)
C:/ST/STM32CubeIDE_1.15.1/STM32CubeIDE/plugins/com.st.stm32cube.ide.mcu.externaltools.gnu-tools-for-stm32.12.3.rel1.win32_1.0.100.202403111256/tools/bin/../lib/gcc/arm-none-eabi/12.3.1/../../../../arm-none-eabi/lib/thumb/v7e-m+fp/hard\libc_nano.a(libc_a-strtol.o)
                              C:/ST/STM32CubeIDE_1.15.1/STM32CubeIDE/plugins/com.st.stm32cube.ide.mcu.externaltools.gnu-tools-for-stm32.12.3.rel1.win32_1.0.100.202403111256/tools/bin/../lib/gcc/arm-none-eabi/12.3.1/../../../../arm-none-eabi/lib/thumb/v7e-m+fp/hard\libc_nano.a(libc_a-atoi.o) (_strtol_r)
C:/ST/STM32CubeIDE_1.15.1/STM32CubeIDE/plugins/com.st.stm32cube.ide.mcu.externaltools.gnu-tools-for-stm32.12.3.rel1.win32_1.0.100.202403111256/tools/bin/../lib/gcc/arm-none-eabi/12.3.1/../../../../arm-none-eabi/lib/thumb/v7e-m+fp/hard\libc_nano.a(libc_a-ctype_.o)
                              C:/ST/STM32CubeIDE_1.15.1/STM32CubeIDE/plugins/com.st.stm32cube.ide.mcu.externaltools.gnu-tools-for-stm32.12.3.rel1.win32_1.0.100.202403111256/tools/bin/../lib/gcc/arm-none-eabi/12.3.1/../../../../arm-none-eabi/lib/thumb/v7e-m+fp/hard\libc_nano.a(libc_a-strtol.o) (_ctype_)
C:/ST/STM32CubeIDE_1.15.1/STM32CubeIDE/plugins/com.st.stm32cube.ide.mcu.externaltools.gnu-tools-for-stm32.12.3.rel1.win32_1.0.100.202403111256/tools/bin/../lib/gcc/arm-none-eabi/12.3.1/../../../../arm-none-eabi/lib/thumb/v7e-m+fp/hard\libc_nano.a(libc_a-nano-vfprintf_float.o)
                              (_printf_float)
C:/ST/STM32CubeIDE_1.15.1/STM32CubeIDE/plugins/com.st.stm32cube.ide.mcu.externaltools.gnu-tools-for-stm32.12.3.rel1.win32_1.0.100.202403111256/tools/bin/../lib/gcc/arm-none-eabi/12.3.1/../../../../arm-none-eabi/lib/thumb/v7e-m+fp/hard\libc_nano.a(libc_a-nano-vfprintf_i.o)
                              C:/ST/STM32CubeIDE_1.15.1/STM32CubeIDE/plugins/com.st.stm32cube.ide.mcu.externaltools.gnu-tools-for-stm32.12.3.rel1.win32_1.0.100.202403111256/tools/bin/../lib/gcc/arm-none-eabi/12.3.1/../../../../arm-none-eabi/lib/thumb/v7e-m+fp/hard\libc_nano.a(libc_a-nano-vfprintf_float.o) (_printf_common)
C:/ST/STM32CubeIDE_1.15.1/STM32CubeIDE/plugins/com.st.stm32cube.ide.mcu.externaltools.gnu-tools-for-stm32.12.3.rel1.win32_1.0.100.202403111256/tools/bin/../lib/gcc/arm-none-eabi/12.3.1/../../../../arm-none-eabi/lib/thumb/v7e-m+fp/hard\libc_nano.a(libc_a-nano-vfscanf_float.o)
                              (_scanf_float)
C:/ST/STM32CubeIDE_1.15.1/STM32CubeIDE/plugins/com.st.stm32cube.ide.mcu.externaltools.gnu-tools-for-stm32.12.3.rel1.win32_1.0.100.202403111256/tools/bin/../lib/gcc/arm-none-eabi/12.3.1/../../../../arm-none-eabi/lib/thumb/v7e-m+fp/hard\libc_nano.a(libc_a-findfp.o)
                              C:/ST/STM32CubeIDE_1.15.1/STM32CubeIDE/plugins/com.st.stm32cube.ide.mcu.externaltools.gnu-tools-for-stm32.12.3.rel1.win32_1.0.100.202403111256/tools/bin/../lib/gcc/arm-none-eabi/12.3.1/../../../../arm-none-eabi/lib/thumb/v7e-m+fp/hard\libc_nano.a(libc_a-exit.o) (__stdio_exit_handler)
C:/ST/STM32CubeIDE_1.15.1/STM32CubeIDE/plugins/com.st.stm32cube.ide.mcu.externaltools.gnu-tools-for-stm32.12.3.rel1.win32_1.0.100.202403111256/tools/bin/../lib/gcc/arm-none-eabi/12.3.1/../../../../arm-none-eabi/lib/thumb/v7e-m+fp/hard\libc_nano.a(libc_a-fwalk.o)
                              C:/ST/STM32CubeIDE_1.15.1/STM32CubeIDE/plugins/com.st.stm32cube.ide.mcu.externaltools.gnu-tools-for-stm32.12.3.rel1.win32_1.0.100.202403111256/tools/bin/../lib/gcc/arm-none-eabi/12.3.1/../../../../arm-none-eabi/lib/thumb/v7e-m+fp/hard\libc_nano.a(libc_a-findfp.o) (_fwalk_sglue)
C:/ST/STM32CubeIDE_1.15.1/STM32CubeIDE/plugins/com.st.stm32cube.ide.mcu.externaltools.gnu-tools-for-stm32.12.3.rel1.win32_1.0.100.202403111256/tools/bin/../lib/gcc/arm-none-eabi/12.3.1/../../../../arm-none-eabi/lib/thumb/v7e-m+fp/hard\libc_nano.a(libc_a-printf.o)
                              ./ThirdParty/libfsp/fsp.o (printf)
[...]
Memory Configuration

Name             Origin             Length             Attributes
CCMRAM           0x10000000         0x00010000         xrw
RAM              0x20000000         0x00020000         xrw
FLASH            0x08000000         0x00100000         xr
*default*        0x00000000         0xffffffff

Linker script and memory map

LOAD C:/ST/STM32CubeIDE_1.15.1/STM32CubeIDE/plugins/com.st.stm32cube.ide.mcu.externaltools.gnu-tools-for-stm32.12.3.rel1.win32_1.0.100.202403111256/tools/bin/../lib/gcc/arm-none-eabi/12.3.1/thumb/v7e-m+fp/hard/crti.o
LOAD C:/ST/STM32CubeIDE_1.15.1/STM32CubeIDE/plugins/com.st.stm32cube.ide.mcu.externaltools.gnu-tools-for-stm32.12.3.rel1.win32_1.0.100.202403111256/tools/bin/../lib/gcc/arm-none-eabi/12.3.1/thumb/v7e-m+fp/hard/crtbegin.o
LOAD C:/ST/STM32CubeIDE_1.15.1/STM32CubeIDE/plugins/com.st.stm32cube.ide.mcu.externaltools.gnu-tools-for-stm32.12.3.rel1.win32_1.0.100.202403111256/tools/bin/../lib/gcc/arm-none-eabi/12.3.1/../../../../arm-none-eabi/lib/thumb/v7e-m+fp/hard/crt0.o
LOAD ./BSP/RTC/ds3231.o
LOAD ./BSP/SysTick/systick.o
LOAD ./BSP/UART/uart.o
LOAD ./Core/CMDLine/ACK_packet/ACKsend_packet.o
LOAD ./Core/CMDLine/cmd_CAM/cam_cmd.o
LOAD ./Core/CMDLine/cmd_IOU/iou_cmd.o
LOAD ./Core/CMDLine/cmd_PDU/pdu_cmd.o
LOAD ./Core/CMDLine/cmd_PMU/pmu_cmd.o
LOAD ./Core/CMDLine/cmdline.o
LOAD ./Core/CMDLine/command.o
LOAD ./Core/CPOC/CPOC.o
LOAD ./Core/LED/status_led.o
LOAD ./Core/SYS/sys.o
LOAD ./Core/Src/main.o
LOAD ./Core/Src/stm32f4xx_it.o
LOAD ./Core/Src/syscalls.o
LOAD ./Core/Src/sysmem.o
LOAD ./Core/Src/system_stm32f4xx.o
LOAD ./Core/Startup/startup_stm32f405rgtx.o
LOAD ./Core/WATCHDOG/watchdog.o
LOAD ./Drivers/STM32F4xx_HAL_Driver/Src/stm32f4xx_ll_dma.o
LOAD ./Drivers/STM32F4xx_HAL_Driver/Src/stm32f4xx_ll_exti.o
LOAD ./Drivers/STM32F4xx_HAL_Driver/Src/stm32f4xx_ll_gpio.o
LOAD ./Drivers/STM32F4xx_HAL_Driver/Src/stm32f4xx_ll_i2c.o
LOAD ./Drivers/STM32F4xx_HAL_Driver/Src/stm32f4xx_ll_rcc.o
LOAD ./Drivers/STM32F4xx_HAL_Driver/Src/stm32f4xx_ll_usart.o
LOAD ./Drivers/STM32F4xx_HAL_Driver/Src/stm32f4xx_ll_utils.o
LOAD ./Scheduler/scheduler.o
LOAD ./ThirdParty/libfsp/crc16.o
LOAD ./ThirdParty/libfsp/fsp.o
START GROUP
LOAD C:/ST/STM32CubeIDE_1.15.1/STM32CubeIDE/plugins/com.st.stm32cube.ide.mcu.externaltools.gnu-tools-for-stm32.12.3.rel1.win32_1.0.100.202403111256/tools/bin/../lib/gcc/arm-none-eabi/12.3.1/../../../../arm-none-eabi/lib/thumb/v7e-m+fp/hard\libc_nano.a
LOAD C:/ST/STM32CubeIDE_1.15.1/STM32CubeIDE/plugins/com.st.stm32cube.ide.mcu.externaltools.gnu-tools-for-stm32.12.3.rel1.win32_1.0.100.202403111256/tools/bin/../lib/gcc/arm-none-eabi/12.3.1/../../../../arm-none-eabi/lib/thumb/v7e-m+fp/hard\libm.a
END GROUP
START GROUP
LOAD C:/ST/STM32CubeIDE_1.15.1/STM32CubeIDE/plugins/com.st.stm32cube.ide.mcu.externaltools.gnu-tools-for-stm32.12.3.rel1.win32_1.0.100.202403111256/tools/bin/../lib/gcc/arm-none-eabi/12.3.1/thumb/v7e-m+fp/hard\libgcc.a
LOAD C:/ST/STM32CubeIDE_1.15.1/STM32CubeIDE/plugins/com.st.stm32cube.ide.mcu.externaltools.gnu-tools-for-stm32.12.3.rel1.win32_1.0.100.202403111256/tools/bin/../lib/gcc/arm-none-eabi/12.3.1/../../../../arm-none-eabi/lib/thumb/v7e-m+fp/hard\libc_nano.a
END GROUP
START GROUP
LOAD C:/ST/STM32CubeIDE_1.15.1/STM32CubeIDE/plugins/com.st.stm32cube.ide.mcu.externaltools.gnu-tools-for-stm32.12.3.rel1.win32_1.0.100.202403111256/tools/bin/../lib/gcc/arm-none-eabi/12.3.1/thumb/v7e-m+fp/hard\libgcc.a
LOAD C:/ST/STM32CubeIDE_1.15.1/STM32CubeIDE/plugins/com.st.stm32cube.ide.mcu.externaltools.gnu-tools-for-stm32.12.3.rel1.win32_1.0.100.202403111256/tools/bin/../lib/gcc/arm-none-eabi/12.3.1/../../../../arm-none-eabi/lib/thumb/v7e-m+fp/hard\libc_nano.a
LOAD C:/ST/STM32CubeIDE_1.15.1/STM32CubeIDE/plugins/com.st.stm32cube.ide.mcu.externaltools.gnu-tools-for-stm32.12.3.rel1.win32_1.0.100.202403111256/tools/bin/../lib/gcc/arm-none-eabi/12.3.1/../../../../arm-none-eabi/lib/thumb/v7e-m+fp/hard\libnosys.a
END GROUP
START GROUP
LOAD C:/ST/STM32CubeIDE_1.15.1/STM32CubeIDE/plugins/com.st.stm32cube.ide.mcu.externaltools.gnu-tools-for-stm32.12.3.rel1.win32_1.0.100.202403111256/tools/bin/../lib/gcc/arm-none-eabi/12.3.1/thumb/v7e-m+fp/hard\libgcc.a
LOAD C:/ST/STM32CubeIDE_1.15.1/STM32CubeIDE/plugins/com.st.stm32cube.ide.mcu.externaltools.gnu-tools-for-stm32.12.3.rel1.win32_1.0.100.202403111256/tools/bin/../lib/gcc/arm-none-eabi/12.3.1/../../../../arm-none-eabi/lib/thumb/v7e-m+fp/hard\libc_nano.a
LOAD C:/ST/STM32CubeIDE_1.15.1/STM32CubeIDE/plugins/com.st.stm32cube.ide.mcu.externaltools.gnu-tools-for-stm32.12.3.rel1.win32_1.0.100.202403111256/tools/bin/../lib/gcc/arm-none-eabi/12.3.1/../../../../arm-none-eabi/lib/thumb/v7e-m+fp/hard\libnosys.a
END GROUP
LOAD C:/ST/STM32CubeIDE_1.15.1/STM32CubeIDE/plugins/com.st.stm32cube.ide.mcu.externaltools.gnu-tools-for-stm32.12.3.rel1.win32_1.0.100.202403111256/tools/bin/../lib/gcc/arm-none-eabi/12.3.1/thumb/v7e-m+fp/hard/crtend.o
LOAD C:/ST/STM32CubeIDE_1.15.1/STM32CubeIDE/plugins/com.st.stm32cube.ide.mcu.externaltools.gnu-tools-for-stm32.12.3.rel1.win32_1.0.100.202403111256/tools/bin/../lib/gcc/arm-none-eabi/12.3.1/thumb/v7e-m+fp/hard/crtn.o
                0x20020000                        _estack = (ORIGIN (RAM) + LENGTH (RAM))
                0x00000200                        _Min_Heap_Size = 0x200
                0x00000400                        _Min_Stack_Size = 0x400

.isr_vector     0x08000000      0x188
                0x08000000                        . = ALIGN (0x4)
 *(.isr_vector)
 .isr_vector    0x08000000      0x188 ./Core/Startup/startup_stm32f405rgtx.o
                0x08000000                g_pfnVectors
                0x08000188                        . = ALIGN (0x4)

.text           0x08000190     0xc6fc
                0x08000190                        . = ALIGN (0x4)
 *(.text)
 .text          0x08000190       0x40 C:/ST/STM32CubeIDE_1.15.1/STM32CubeIDE/plugins/com.st.stm32cube.ide.mcu.externaltools.gnu-tools-for-stm32.12.3.rel1.win32_1.0.100.202403111256/tools/bin/../lib/gcc/arm-none-eabi/12.3.1/thumb/v7e-m+fp/hard/crtbegin.o
 .text          0x080001d0       0x14 C:/ST/STM32CubeIDE_1.15.1/STM32CubeIDE/plugins/com.st.stm32cube.ide.mcu.externaltools.gnu-tools-for-stm32.12.3.rel1.win32_1.0.100.202403111256/tools/bin/../lib/gcc/arm-none-eabi/12.3.1/../../../../arm-none-eabi/lib/thumb/v7e-m+fp/hard\libc_nano.a(libc_a-strcmp.o)
                0x080001d0                strcmp
 *fill*         0x080001e4        0xc 
 .text          0x080001f0       0xa0 C:/ST/STM32CubeIDE_1.15.1/STM32CubeIDE/plugins/com.st.stm32cube.ide.mcu.externaltools.gnu-tools-for-stm32.12.3.rel1.win32_1.0.100.202403111256/tools/bin/../lib/gcc/arm-none-eabi/12.3.1/../../../../arm-none-eabi/lib/thumb/v7e-m+fp/hard\libc_nano.a(libc_a-memchr.o)
                0x080001f0                memchr
 .text          0x08000290       0x10 C:/ST/STM32CubeIDE_1.15.1/STM32CubeIDE/plugins/com.st.stm32cube.ide.mcu.externaltools.gnu-tools-for-stm32.12.3.rel1.win32_1.0.100.202403111256/tools/bin/../lib/gcc/arm-none-eabi/12.3.1/../../../../arm-none-eabi/lib/thumb/v7e-m+fp/hard\libc_nano.a(libc_a-strlen.o)
                0x08000290                strlen
 .text          0x080002a0      0x378 C:/ST/STM32CubeIDE_1.15.1/STM32CubeIDE/plugins/com.st.stm32cube.ide.mcu.externaltools.gnu-tools-for-stm32.12.3.rel1.win32_1.0.100.202403111256/tools/bin/../lib/gcc/arm-none-eabi/12.3.1/thumb/v7e-m+fp/hard\libgcc.a(_arm_addsubdf3.o)
                0x080002a0                __aeabi_drsub
                0x080002a8                __aeabi_dsub
                0x080002a8                __subdf3
                0x080002ac                __aeabi_dadd
                0x080002ac                __adddf3
                0x08000524                __floatunsidf
                0x08000524                __aeabi_ui2d
                0x08000544                __floatsidf
                0x08000544                __aeabi_i2d
                0x08000568                __aeabi_f2d
                0x08000568                __extendsfdf2
                0x080005ac                __floatundidf
                0x080005ac                __aeabi_ul2d
                0x080005bc                __floatdidf
                0x080005bc                __aeabi_l2d
 .text          0x08000618      0x424 C:/ST/STM32CubeIDE_1.15.1/STM32CubeIDE/plugins/com.st.stm32cube.ide.mcu.externaltools.gnu-tools-for-stm32.12.3.rel1.win32_1.0.100.202403111256/tools/bin/../lib/gcc/arm-none-eabi/12.3.1/thumb/v7e-m+fp/hard\libgcc.a(_arm_muldivdf3.o)
                0x08000618                __aeabi_dmul
                0x08000618                __muldf3
                0x0800086c                __divdf3
                0x0800086c                __aeabi_ddiv
 .text          0x08000a3c      0x110 C:/ST/STM32CubeIDE_1.15.1/STM32CubeIDE/plugins/com.st.stm32cube.ide.mcu.externaltools.gnu-tools-for-stm32.12.3.rel1.win32_1.0.100.202403111256/tools/bin/../lib/gcc/arm-none-eabi/12.3.1/thumb/v7e-m+fp/hard\libgcc.a(_arm_cmpdf2.o)
                0x08000a3c                __gtdf2
                0x08000a3c                __gedf2
                0x08000a44                __ltdf2
                0x08000a44                __ledf2
                0x08000a4c                __nedf2
                0x08000a4c                __eqdf2
                0x08000a4c                __cmpdf2
                0x08000ac8                __aeabi_cdrcmple
                0x08000ad8                __aeabi_cdcmpeq
                0x08000ad8                __aeabi_cdcmple
                0x08000ae8                __aeabi_dcmpeq
                0x08000afc                __aeabi_dcmplt
                0x08000b10                __aeabi_dcmple
                0x08000b24                __aeabi_dcmpge
                0x08000b38                __aeabi_dcmpgt
 .text          0x08000b4c       0x2c C:/ST/STM32CubeIDE_1.15.1/STM32CubeIDE/plugins/com.st.stm32cube.ide.mcu.externaltools.gnu-tools-for-stm32.12.3.rel1.win32_1.0.100.202403111256/tools/bin/../lib/gcc/arm-none-eabi/12.3.1/thumb/v7e-m+fp/hard\libgcc.a(_arm_unorddf2.o)
                0x08000b4c                __unorddf2
                0x08000b4c                __aeabi_dcmpun
 .text          0x08000b78       0x50 C:/ST/STM32CubeIDE_1.15.1/STM32CubeIDE/plugins/com.st.stm32cube.ide.mcu.externaltools.gnu-tools-for-stm32.12.3.rel1.win32_1.0.100.202403111256/tools/bin/../lib/gcc/arm-none-eabi/12.3.1/thumb/v7e-m+fp/hard\libgcc.a(_arm_fixdfsi.o)
                0x08000b78                __aeabi_d2iz
                0x08000b78                __fixdfsi
 .text          0x08000bc8       0x40 C:/ST/STM32CubeIDE_1.15.1/STM32CubeIDE/plugins/com.st.stm32cube.ide.mcu.externaltools.gnu-tools-for-stm32.12.3.rel1.win32_1.0.100.202403111256/tools/bin/../lib/gcc/arm-none-eabi/12.3.1/thumb/v7e-m+fp/hard\libgcc.a(_arm_fixunsdfsi.o)
                0x08000bc8                __aeabi_d2uiz
                0x08000bc8                __fixunsdfsi
 .text          0x08000c08       0xa0 C:/ST/STM32CubeIDE_1.15.1/STM32CubeIDE/plugins/com.st.stm32cube.ide.mcu.externaltools.gnu-tools-for-stm32.12.3.rel1.win32_1.0.100.202403111256/tools/bin/../lib/gcc/arm-none-eabi/12.3.1/thumb/v7e-m+fp/hard\libgcc.a(_arm_truncdfsf2.o)
                0x08000c08                __truncdfsf2
                0x08000c08                __aeabi_d2f
 .text          0x08000ca8       0x30 C:/ST/STM32CubeIDE_1.15.1/STM32CubeIDE/plugins/com.st.stm32cube.ide.mcu.externaltools.gnu-tools-for-stm32.12.3.rel1.win32_1.0.100.202403111256/tools/bin/../lib/gcc/arm-none-eabi/12.3.1/thumb/v7e-m+fp/hard\libgcc.a(_aeabi_uldivmod.o)
                0x08000ca8                __aeabi_uldivmod
 .text          0x08000cd8       0x30 C:/ST/STM32CubeIDE_1.15.1/STM32CubeIDE/plugins/com.st.stm32cube.ide.mcu.externaltools.gnu-tools-for-stm32.12.3.rel1.win32_1.0.100.202403111256/tools/bin/../lib/gcc/arm-none-eabi/12.3.1/thumb/v7e-m+fp/hard\libgcc.a(_fixdfdi.o)
                0x08000cd8                __fixdfdi
                0x08000cd8                __aeabi_d2lz
 .text          0x08000d08       0x3c C:/ST/STM32CubeIDE_1.15.1/STM32CubeIDE/plugins/com.st.stm32cube.ide.mcu.externaltools.gnu-tools-for-stm32.12.3.rel1.win32_1.0.100.202403111256/tools/bin/../lib/gcc/arm-none-eabi/12.3.1/thumb/v7e-m+fp/hard\libgcc.a(_fixunsdfdi.o)
                0x08000d08                __fixunsdfdi
                0x08000d08                __aeabi_d2ulz
 .text          0x08000d44      0x2bc C:/ST/STM32CubeIDE_1.15.1/STM32CubeIDE/plugins/com.st.stm32cube.ide.mcu.externaltools.gnu-tools-for-stm32.12.3.rel1.win32_1.0.100.202403111256/tools/bin/../lib/gcc/arm-none-eabi/12.3.1/thumb/v7e-m+fp/hard\libgcc.a(_udivmoddi4.o)
                0x08000d44                __udivmoddi4
 .text          0x08001000        0x4 C:/ST/STM32CubeIDE_1.15.1/STM32CubeIDE/plugins/com.st.stm32cube.ide.mcu.externaltools.gnu-tools-for-stm32.12.3.rel1.win32_1.0.100.202403111256/tools/bin/../lib/gcc/arm-none-eabi/12.3.1/thumb/v7e-m+fp/hard\libgcc.a(_dvmd_tls.o)
                0x08001000                __aeabi_idiv0
                0x08001000                __aeabi_ldiv0
 *(.text*)
 .text.LL_I2C_IsActiveFlag_TXE
                0x08001004       0x26 ./BSP/RTC/ds3231.o
 .text.LL_I2C_IsActiveFlag_RXNE
                0x0800102a       0x26 ./BSP/RTC/ds3231.o
 .text.LL_I2C_IsActiveFlag_SB
                0x08001050       0x26 ./BSP/RTC/ds3231.o
 .text.LL_I2C_IsActiveFlag_ADDR
                0x08001076       0x26 ./BSP/RTC/ds3231.o
 .text.LL_I2C_IsActiveFlag_BUSY
                0x0800109c       0x26 ./BSP/RTC/ds3231.o
 .text.LL_I2C_ClearFlag_ADDR
                0x080010c2       0x24 ./BSP/RTC/ds3231.o
 .text.LL_I2C_AcknowledgeNextData
                0x080010e6       0x26 ./BSP/RTC/ds3231.o
 .text.LL_I2C_GenerateStartCondition
                0x0800110c       0x20 ./BSP/RTC/ds3231.o
 .text.LL_I2C_GenerateStopCondition
                0x0800112c       0x20 ./BSP/RTC/ds3231.o
 .text.LL_I2C_ReceiveData8
                0x0800114c       0x1a ./BSP/RTC/ds3231.o
 .text.LL_I2C_TransmitData8
                0x08001166       0x28 ./BSP/RTC/ds3231.o
 *fill*         0x0800118e        0x2 
 .text.DS3231_Write
                0x08001190       0x90 ./BSP/RTC/ds3231.o
                0x08001190                DS3231_Write
 .text.DS3231_Read
                0x08001220       0xc8 ./BSP/RTC/ds3231.o
                0x08001220                DS3231_Read
 .text.DS3231_SetDateTime
                0x080012e8      0x17c ./BSP/RTC/ds3231.o
                0x080012e8                DS3231_SetDateTime
 .text.DS3231_GetDateTime
                0x08001464      0x150 ./BSP/RTC/ds3231.o
                0x08001464                DS3231_GetDateTime
 .text.DS3231_GetTemperature
                0x080015b4       0x60 ./BSP/RTC/ds3231.o
                0x080015b4                DS3231_GetTemperature
 .text.__NVIC_SetPriority
                0x08001614       0x54 ./BSP/SysTick/systick.o
 .text.SysTick_Config
                0x08001668       0x44 ./BSP/SysTick/systick.o
 .text.systick_timer_start
                0x080016ac       0x20 ./BSP/SysTick/systick.o
                0x080016ac                systick_timer_start
 .text.systick_timer_init
                0x080016cc       0x24 ./BSP/SysTick/systick.o
                0x080016cc                systick_timer_init
 .text.LL_USART_IsActiveFlag_FE
                0x080016f0       0x26 ./BSP/UART/uart.o
 .text.LL_USART_IsActiveFlag_NE
                0x08001716       0x26 ./BSP/UART/uart.o
 .text.LL_USART_IsActiveFlag_ORE
                0x0800173c       0x26 ./BSP/UART/uart.o
 .text.LL_USART_IsActiveFlag_RXNE
                0x08001762       0x26 ./BSP/UART/uart.o
 .text.LL_USART_IsActiveFlag_TXE
                0x08001788       0x26 ./BSP/UART/uart.o
 .text.LL_USART_ClearFlag_FE
                0x080017ae       0x24 ./BSP/UART/uart.o
 .text.LL_USART_ClearFlag_NE
                0x080017d2       0x24 ./BSP/UART/uart.o
 .text.LL_USART_ClearFlag_ORE
                0x080017f6       0x24 ./BSP/UART/uart.o
 .text.LL_USART_EnableIT_RXNE
                0x0800181a       0x46 ./BSP/UART/uart.o
 .text.LL_USART_EnableIT_TXE
                0x08001860       0x46 ./BSP/UART/uart.o
 .text.LL_USART_EnableIT_ERROR
                0x080018a6       0x46 ./BSP/UART/uart.o
 .text.LL_USART_DisableIT_RXNE
                0x080018ec       0x46 ./BSP/UART/uart.o
 .text.LL_USART_DisableIT_TXE
                0x08001932       0x46 ./BSP/UART/uart.o
 .text.LL_USART_IsEnabledIT_RXNE
                0x08001978       0x26 ./BSP/UART/uart.o
 .text.LL_USART_IsEnabledIT_TXE
                0x0800199e       0x26 ./BSP/UART/uart.o
 .text.LL_USART_ReceiveData8
                0x080019c4       0x1a ./BSP/UART/uart.o
 .text.LL_USART_TransmitData8
                0x080019de       0x1e ./BSP/UART/uart.o
 .text.Ringbuf_init
                0x080019fc       0xd8 ./BSP/UART/uart.o
                0x080019fc                Ringbuf_init
 .text.store_char
                0x08001ad4       0xa4 ./BSP/UART/uart.o
                0x08001ad4                store_char
 .text.Uart_read
                0x08001b78      0x13c ./BSP/UART/uart.o
                0x08001b78                Uart_read
 .text.Uart_write
                0x08001cb4      0x18c ./BSP/UART/uart.o
                0x08001cb4                Uart_write
 .text.IsDataAvailable
                0x08001e40       0x8c ./BSP/UART/uart.o
                0x08001e40                IsDataAvailable
 .text.Uart_sendstring
                0x08001ecc       0x2e ./BSP/UART/uart.o
                0x08001ecc                Uart_sendstring
 *fill*         0x08001efa        0x2 
 .text.Uart_isr
                0x08001efc      0x150 ./BSP/UART/uart.o
                0x08001efc                Uart_isr
 .text.send_packet_init
                0x0800204c       0x24 ./Core/CMDLine/ACK_packet/ACKsend_packet.o
                0x0800204c                send_packet_init
 .text.set_send_flag
                0x08002070       0x18 ./Core/CMDLine/ACK_packet/ACKsend_packet.o
                0x08002070                set_send_flag
 .text.clear_send_flag
                0x08002088       0x18 ./Core/CMDLine/ACK_packet/ACKsend_packet.o
                0x08002088                clear_send_flag
 .text.set_fsp_packet
                0x080020a0       0x38 ./Core/CMDLine/ACK_packet/ACKsend_packet.o
                0x080020a0                set_fsp_packet
 .text.send_packet_create_task
                0x080020d8       0x18 ./Core/CMDLine/ACK_packet/ACKsend_packet.o
                0x080020d8                send_packet_create_task
 .text.status_ACKsend_update
                0x080020f0       0xac ./Core/CMDLine/ACK_packet/ACKsend_packet.o
                0x080020f0                status_ACKsend_update
 .text.LL_GPIO_SetOutputPin
                0x0800219c       0x1c ./Core/CMDLine/cmd_IOU/iou_cmd.o
 .text.Cmd_iou_set_temp
                0x080021b8      0x124 ./Core/CMDLine/cmd_IOU/iou_cmd.o
                0x080021b8                Cmd_iou_set_temp
 .text.Cmd_iou_get_temp
                0x080022dc      0x114 ./Core/CMDLine/cmd_IOU/iou_cmd.o
                0x080022dc                Cmd_iou_get_temp
 .text.Cmd_iou_temp_setpoint
                0x080023f0       0xe4 ./Core/CMDLine/cmd_IOU/iou_cmd.o
                0x080023f0                Cmd_iou_temp_setpoint
 .text.Cmd_iou_tec_ena
                0x080024d4       0xe4 ./Core/CMDLine/cmd_IOU/iou_cmd.o
                0x080024d4                Cmd_iou_tec_ena
 .text.Cmd_iou_tec_dis
                0x080025b8       0xe4 ./Core/CMDLine/cmd_IOU/iou_cmd.o
                0x080025b8                Cmd_iou_tec_dis
 .text.Cmd_iou_tec_ena_auto
                0x0800269c       0xe4 ./Core/CMDLine/cmd_IOU/iou_cmd.o
                0x0800269c                Cmd_iou_tec_ena_auto
 .text.Cmd_iou_tec_dis_auto
                0x08002780       0xe4 ./Core/CMDLine/cmd_IOU/iou_cmd.o
                0x08002780                Cmd_iou_tec_dis_auto
 .text.Cmd_iou_tec_set_output
                0x08002864      0x154 ./Core/CMDLine/cmd_IOU/iou_cmd.o
                0x08002864                Cmd_iou_tec_set_output
 .text.Cmd_iou_tec_auto_vol
                0x080029b8      0x124 ./Core/CMDLine/cmd_IOU/iou_cmd.o
                0x080029b8                Cmd_iou_tec_auto_vol
 .text.Cmd_iou_tec_status
                0x08002adc       0xac ./Core/CMDLine/cmd_IOU/iou_cmd.o
                0x08002adc                Cmd_iou_tec_status
 .text.Cmd_iou_tec_log_ena
                0x08002b88       0xac ./Core/CMDLine/cmd_IOU/iou_cmd.o
                0x08002b88                Cmd_iou_tec_log_ena
 .text.Cmd_iou_tec_log_dis
                0x08002c34       0xac ./Core/CMDLine/cmd_IOU/iou_cmd.o
                0x08002c34                Cmd_iou_tec_log_dis
 .text.Cmd_iou_ringled_setRGB
                0x08002ce0       0xe4 ./Core/CMDLine/cmd_IOU/iou_cmd.o
                0x08002ce0                Cmd_iou_ringled_setRGB
 .text.Cmd_iou_ringled_getRGB
                0x08002dc4       0xac ./Core/CMDLine/cmd_IOU/iou_cmd.o
                0x08002dc4                Cmd_iou_ringled_getRGB
 .text.Cmd_iou_irled_set_bright
                0x08002e70       0xe4 ./Core/CMDLine/cmd_IOU/iou_cmd.o
                0x08002e70                Cmd_iou_irled_set_bright
 .text.Cmd_iou_irled_get_bright
                0x08002f54       0xac ./Core/CMDLine/cmd_IOU/iou_cmd.o
                0x08002f54                Cmd_iou_irled_get_bright
 .text.Cmd_iou_get_accel
                0x08003000       0xac ./Core/CMDLine/cmd_IOU/iou_cmd.o
                0x08003000                Cmd_iou_get_accel
 .text.Cmd_iou_get_press
                0x080030ac       0xac ./Core/CMDLine/cmd_IOU/iou_cmd.o
                0x080030ac                Cmd_iou_get_press
 .text.Cmd_iou_get_parameters
                0x08003158       0xac ./Core/CMDLine/cmd_IOU/iou_cmd.o
                0x08003158                Cmd_iou_get_parameters
 .text.LL_GPIO_ResetOutputPin
                0x08003204       0x1e ./Core/CMDLine/cmd_PDU/pdu_cmd.o
 *fill*         0x08003222        0x2 
 .text.Cmd_pdu_set_channel
                0x08003224      0x114 ./Core/CMDLine/cmd_PDU/pdu_cmd.o
                0x08003224                Cmd_pdu_set_channel
 .text.Cmd_pdu_set_buck
                0x08003338      0x114 ./Core/CMDLine/cmd_PDU/pdu_cmd.o
                0x08003338                Cmd_pdu_set_buck
 .text.Cmd_pdu_set_all
                0x0800344c       0xe4 ./Core/CMDLine/cmd_PDU/pdu_cmd.o
                0x0800344c                Cmd_pdu_set_all
 .text.Cmd_pdu_get_channel
                0x08003530       0xe4 ./Core/CMDLine/cmd_PDU/pdu_cmd.o
                0x08003530                Cmd_pdu_get_channel
 .text.Cmd_pdu_get_buck
                0x08003614       0xe4 ./Core/CMDLine/cmd_PDU/pdu_cmd.o
                0x08003614                Cmd_pdu_get_buck
 .text.Cmd_pdu_get_all
                0x080036f8       0xac ./Core/CMDLine/cmd_PDU/pdu_cmd.o
                0x080036f8                Cmd_pdu_get_all
 .text.LL_GPIO_SetOutputPin
                0x080037a4       0x1c ./Core/CMDLine/cmd_PMU/pmu_cmd.o
 .text.LL_GPIO_ResetOutputPin
                0x080037c0       0x1e ./Core/CMDLine/cmd_PMU/pmu_cmd.o
 *fill*         0x080037de        0x2 
 .text.Cmd_pmu_get_temp
                0x080037e0       0xac ./Core/CMDLine/cmd_PMU/pmu_cmd.o
                0x080037e0                Cmd_pmu_get_temp
 .text.Cmd_pmu_bat_vol
                0x0800388c       0xac ./Core/CMDLine/cmd_PMU/pmu_cmd.o
                0x0800388c                Cmd_pmu_bat_vol
 .text.Cmd_pmu_parag_in
                0x08003938       0xac ./Core/CMDLine/cmd_PMU/pmu_cmd.o
                0x08003938                Cmd_pmu_parag_in
 .text.Cmd_pmu_parag_out
                0x080039e4       0xac ./Core/CMDLine/cmd_PMU/pmu_cmd.o
                0x080039e4                Cmd_pmu_parag_out
 .text.CmdLineProcess
                0x08003a90       0xb4 ./Core/CMDLine/cmdline.o
                0x08003a90                CmdLineProcess
 .text.__NVIC_SystemReset
                0x08003b44       0x2c ./Core/CMDLine/command.o
 .text.LL_GPIO_IsOutputPinSet
                0x08003b70       0x2a ./Core/CMDLine/command.o
 .text.LL_GPIO_SetOutputPin
                0x08003b9a       0x1c ./Core/CMDLine/command.o
 .text.LL_GPIO_ResetOutputPin
                0x08003bb6       0x1e ./Core/CMDLine/command.o
 .text.command_init
                0x08003bd4       0xc8 ./Core/CMDLine/command.o
                0x08003bd4                command_init
 .text.command_task_update
                0x08003c9c       0xfc ./Core/CMDLine/command.o
 .text.Cmd_help
                0x08003d98       0x7c ./Core/CMDLine/command.o
                0x08003d98                Cmd_help
 .text.Cmd_help_all
                0x08003e14       0xf8 ./Core/CMDLine/command.o
                0x08003e14                Cmd_help_all
 .text.Cmd_help_cpoc
                0x08003f0c       0x70 ./Core/CMDLine/command.o
                0x08003f0c                Cmd_help_cpoc
 .text.Cmd_help_pmu
                0x08003f7c       0x70 ./Core/CMDLine/command.o
                0x08003f7c                Cmd_help_pmu
 .text.Cmd_help_pdu
                0x08003fec       0x70 ./Core/CMDLine/command.o
                0x08003fec                Cmd_help_pdu
 .text.Cmd_help_cam
                0x0800405c       0x6c ./Core/CMDLine/command.o
                0x0800405c                Cmd_help_cam
 .text.Cmd_help_iou
                0x080040c8       0x70 ./Core/CMDLine/command.o
                0x080040c8                Cmd_help_iou
 .text.NotYetDefine
                0x08004138       0x24 ./Core/CMDLine/command.o
                0x08004138                NotYetDefine
 .text.Cmd_splash
                0x0800415c       0x18 ./Core/CMDLine/command.o
                0x0800415c                Cmd_splash
 .text.Cmd_status_now
                0x08004174      0x15c ./Core/CMDLine/command.o
                0x08004174                Cmd_status_now
 .text.Cmd_memory_usage
                0x080042d0       0xcc ./Core/CMDLine/command.o
                0x080042d0                Cmd_memory_usage
 .text.Cmd_time_get
                0x0800439c       0x8c ./Core/CMDLine/command.o
                0x0800439c                Cmd_time_get
 .text.Cmd_time_set
                0x08004428      0x138 ./Core/CMDLine/command.o
                0x08004428                Cmd_time_set
 .text.Cmd_cpoc_reset
                0x08004560        0xe ./Core/CMDLine/command.o
                0x08004560                Cmd_cpoc_reset
 *fill*         0x0800456e        0x2 
 .text.Cmd_rf_ena
                0x08004570       0x34 ./Core/CMDLine/command.o
                0x08004570                Cmd_rf_ena
 .text.Cmd_rf_dis
                0x080045a4       0x34 ./Core/CMDLine/command.o
                0x080045a4                Cmd_rf_dis
 .text.command_create_task
                0x080045d8       0x18 ./Core/CMDLine/command.o
                0x080045d8                command_create_task
 .text.command_send_splash
                0x080045f0      0x130 ./Core/CMDLine/command.o
                0x080045f0                command_send_splash
 .text.COPC_init
                0x08004720       0x20 ./Core/CPOC/CPOC.o
                0x08004720                COPC_init
 .text.COPC_task_update
                0x08004740       0xdc ./Core/CPOC/CPOC.o
 .text.COPC_create_task
                0x0800481c       0x1c ./Core/CPOC/CPOC.o
                0x0800481c                COPC_create_task
 .text.LL_GPIO_SetOutputPin
                0x08004838       0x1c ./Core/LED/status_led.o
 .text.LL_GPIO_ResetOutputPin
                0x08004854       0x1e ./Core/LED/status_led.o
 *fill*         0x08004872        0x2 
 .text.status_led_init
                0x08004874       0x24 ./Core/LED/status_led.o
                0x08004874                status_led_init
 .text.status_led_off
                0x08004898       0x14 ./Core/LED/status_led.o
 .text.status_led_on
                0x080048ac       0x14 ./Core/LED/status_led.o
 .text.status_led_update
                0x080048c0       0x40 ./Core/LED/status_led.o
                0x080048c0                status_led_update
 .text.status_led_powerup
                0x08004900       0x74 ./Core/LED/status_led.o
 .text.status_led_normal
                0x08004974        0xe ./Core/LED/status_led.o
 *fill*         0x08004982        0x2 
 .text.status_led_create_task
                0x08004984       0x18 ./Core/LED/status_led.o
                0x08004984                status_led_create_task
 .text.__NVIC_SetPriorityGrouping
                0x0800499c       0x48 ./Core/Src/main.o
 .text.__NVIC_GetPriorityGrouping
                0x080049e4       0x1c ./Core/Src/main.o
 .text.__NVIC_EnableIRQ
                0x08004a00       0x3c ./Core/Src/main.o
 .text.__NVIC_SetPriority
                0x08004a3c       0x54 ./Core/Src/main.o
 .text.NVIC_EncodePriority
                0x08004a90       0x66 ./Core/Src/main.o
 .text.LL_I2C_EnableClockStretching
                0x08004af6       0x20 ./Core/Src/main.o
 .text.LL_I2C_DisableGeneralCall
                0x08004b16       0x20 ./Core/Src/main.o
 .text.LL_I2C_SetOwnAddress2
                0x08004b36       0x26 ./Core/Src/main.o
 .text.LL_I2C_DisableOwnAddress2
                0x08004b5c       0x20 ./Core/Src/main.o
 .text.LL_RCC_HSE_Enable
                0x08004b7c       0x20 ./Core/Src/main.o
 .text.LL_RCC_HSE_IsReady
                0x08004b9c       0x28 ./Core/Src/main.o
 .text.LL_RCC_SetSysClkSource
                0x08004bc4       0x28 ./Core/Src/main.o
 .text.LL_RCC_GetSysClkSource
                0x08004bec       0x1c ./Core/Src/main.o
 .text.LL_RCC_SetAHBPrescaler
                0x08004c08       0x28 ./Core/Src/main.o
 .text.LL_RCC_SetAPB1Prescaler
                0x08004c30       0x28 ./Core/Src/main.o
 .text.LL_RCC_SetAPB2Prescaler
                0x08004c58       0x28 ./Core/Src/main.o
 .text.LL_RCC_PLL_Enable
                0x08004c80       0x20 ./Core/Src/main.o
 .text.LL_RCC_PLL_IsReady
                0x08004ca0       0x28 ./Core/Src/main.o
 .text.LL_RCC_PLL_ConfigDomain_SYS
                0x08004cc8       0x4c ./Core/Src/main.o
 .text.LL_AHB1_GRP1_EnableClock
                0x08004d14       0x30 ./Core/Src/main.o
 .text.LL_APB1_GRP1_EnableClock
                0x08004d44       0x30 ./Core/Src/main.o
 .text.LL_APB2_GRP1_EnableClock
                0x08004d74       0x30 ./Core/Src/main.o
 .text.LL_FLASH_SetLatency
                0x08004da4       0x28 ./Core/Src/main.o
 .text.LL_FLASH_GetLatency
                0x08004dcc       0x1c ./Core/Src/main.o
 .text.LL_PWR_SetRegulVoltageScaling
                0x08004de8       0x28 ./Core/Src/main.o
 .text.LL_PWR_IsActiveFlag_VOS
                0x08004e10       0x28 ./Core/Src/main.o
 .text.LL_USART_Enable
                0x08004e38       0x20 ./Core/Src/main.o
 .text.LL_USART_ConfigAsyncMode
                0x08004e58       0x2c ./Core/Src/main.o
 .text.LL_GPIO_ResetOutputPin
                0x08004e84       0x1e ./Core/Src/main.o
 *fill*         0x08004ea2        0x2 
 .text.main     0x08004ea4       0xa4 ./Core/Src/main.o
                0x08004ea4                main
 .text.SystemClock_Config
                0x08004f48       0x94 ./Core/Src/main.o
                0x08004f48                SystemClock_Config
 .text.MX_I2C1_Init
                0x08004fdc       0xb0 ./Core/Src/main.o
 .text.MX_I2C3_Init
                0x0800508c       0xe0 ./Core/Src/main.o
 .text.MX_UART4_Init
                0x0800516c       0xc4 ./Core/Src/main.o
 .text.MX_UART5_Init
                0x08005230       0xf0 ./Core/Src/main.o
 .text.MX_USART1_UART_Init
                0x08005320       0xc0 ./Core/Src/main.o
 .text.MX_USART2_UART_Init
                0x080053e0       0xc0 ./Core/Src/main.o
 .text.MX_USART3_UART_Init
                0x080054a0       0xc4 ./Core/Src/main.o
 .text.MX_USART6_UART_Init
                0x08005564       0xc0 ./Core/Src/main.o
 .text.MX_GPIO_Init
                0x08005624       0xe0 ./Core/Src/main.o
 .text.NMI_Handler
                0x08005704        0x8 ./Core/Src/stm32f4xx_it.o
                0x08005704                NMI_Handler
 .text.HardFault_Handler
                0x0800570c        0x8 ./Core/Src/stm32f4xx_it.o
                0x0800570c                HardFault_Handler
 .text.MemManage_Handler
                0x08005714        0x8 ./Core/Src/stm32f4xx_it.o
                0x08005714                MemManage_Handler
 .text.BusFault_Handler
                0x0800571c        0x8 ./Core/Src/stm32f4xx_it.o
                0x0800571c                BusFault_Handler
 .text.UsageFault_Handler
                0x08005724        0x8 ./Core/Src/stm32f4xx_it.o
                0x08005724                UsageFault_Handler
 .text.SVC_Handler
                0x0800572c        0xe ./Core/Src/stm32f4xx_it.o
                0x0800572c                SVC_Handler
 .text.DebugMon_Handler
                0x0800573a        0xe ./Core/Src/stm32f4xx_it.o
                0x0800573a                DebugMon_Handler
 .text.PendSV_Handler
                0x08005748        0xe ./Core/Src/stm32f4xx_it.o
                0x08005748                PendSV_Handler
 *fill*         0x08005756        0x2 
 .text.SysTick_Handler
                0x08005758       0x1c ./Core/Src/stm32f4xx_it.o
                0x08005758                SysTick_Handler
 .text.USART1_IRQHandler
                0x08005774       0x14 ./Core/Src/stm32f4xx_it.o
                0x08005774                USART1_IRQHandler
 .text.USART2_IRQHandler
                0x08005788       0x14 ./Core/Src/stm32f4xx_it.o
                0x08005788                USART2_IRQHandler
 .text.USART3_IRQHandler
                0x0800579c       0x14 ./Core/Src/stm32f4xx_it.o
                0x0800579c                USART3_IRQHandler
 .text.UART4_IRQHandler
                0x080057b0       0x14 ./Core/Src/stm32f4xx_it.o
                0x080057b0                UART4_IRQHandler
 .text.UART5_IRQHandler
                0x080057c4       0x14 ./Core/Src/stm32f4xx_it.o
                0x080057c4                UART5_IRQHandler
 .text.USART6_IRQHandler
                0x080057d8       0x14 ./Core/Src/stm32f4xx_it.o
                0x080057d8                USART6_IRQHandler
 .text._getpid  0x080057ec       0x10 ./Core/Src/syscalls.o
                0x080057ec                _getpid
 .text._kill    0x080057fc       0x20 ./Core/Src/syscalls.o
                0x080057fc                _kill
 .text._exit    0x0800581c       0x16 ./Core/Src/syscalls.o
                0x0800581c                _exit
 .text._read    0x08005832       0x3a ./Core/Src/syscalls.o
                0x08005832                _read
 .text._write   0x0800586c       0x38 ./Core/Src/syscalls.o
                0x0800586c                _write
 .text._close   0x080058a4       0x18 ./Core/Src/syscalls.o
                0x080058a4                _close
 .text._fstat   0x080058bc       0x20 ./Core/Src/syscalls.o
                0x080058bc                _fstat
 .text._isatty  0x080058dc       0x16 ./Core/Src/syscalls.o
                0x080058dc                _isatty
 .text._lseek   0x080058f2       0x1a ./Core/Src/syscalls.o
                0x080058f2                _lseek
 .text._sbrk    0x0800590c       0x6c ./Core/Src/sysmem.o
                0x0800590c                _sbrk
 .text.SystemInit
                0x08005978       0x24 ./Core/Src/system_stm32f4xx.o
                0x08005978                SystemInit
 .text.Reset_Handler
                0x0800599c       0x50 ./Core/Startup/startup_stm32f405rgtx.o
                0x0800599c                Reset_Handler
 .text.Default_Handler
                0x080059ec        0x2 ./Core/Startup/startup_stm32f405rgtx.o
                0x080059ec                RTC_Alarm_IRQHandler
                0x080059ec                HASH_RNG_IRQHandler
                0x080059ec                EXTI2_IRQHandler
                0x080059ec                TIM8_CC_IRQHandler
                0x080059ec                TIM1_CC_IRQHandler
                0x080059ec                DMA2_Stream5_IRQHandler
                0x080059ec                DMA1_Stream5_IRQHandler
                0x080059ec                PVD_IRQHandler
                0x080059ec                SDIO_IRQHandler
                0x080059ec                TAMP_STAMP_IRQHandler
                0x080059ec                CAN2_RX1_IRQHandler
                0x080059ec                EXTI3_IRQHandler
                0x080059ec                TIM8_TRG_COM_TIM14_IRQHandler
                0x080059ec                TIM1_UP_TIM10_IRQHandler
                0x080059ec                TIM8_UP_TIM13_IRQHandler
                0x080059ec                I2C3_ER_IRQHandler
                0x080059ec                EXTI0_IRQHandler
                0x080059ec                I2C2_EV_IRQHandler
                0x080059ec                DMA1_Stream2_IRQHandler
                0x080059ec                CAN1_RX0_IRQHandler
                0x080059ec                FPU_IRQHandler
                0x080059ec                OTG_HS_WKUP_IRQHandler
                0x080059ec                CAN2_SCE_IRQHandler
                0x080059ec                DMA2_Stream2_IRQHandler
                0x080059ec                SPI1_IRQHandler
                0x080059ec                TIM6_DAC_IRQHandler
                0x080059ec                TIM1_BRK_TIM9_IRQHandler
                0x080059ec                CAN2_RX0_IRQHandler
                0x080059ec                DMA2_Stream3_IRQHandler
                0x080059ec                CAN1_RX1_IRQHandler
                0x080059ec                DMA2_Stream0_IRQHandler
                0x080059ec                TIM4_IRQHandler
                0x080059ec                I2C1_EV_IRQHandler
                0x080059ec                DMA1_Stream6_IRQHandler
                0x080059ec                DMA1_Stream1_IRQHandler
                0x080059ec                TIM3_IRQHandler
                0x080059ec                RCC_IRQHandler
                0x080059ec                TIM8_BRK_TIM12_IRQHandler
                0x080059ec                Default_Handler
                0x080059ec                EXTI15_10_IRQHandler
                0x080059ec                ADC_IRQHandler
                0x080059ec                DMA1_Stream7_IRQHandler
                0x080059ec                TIM7_IRQHandler
                0x080059ec                CAN2_TX_IRQHandler
                0x080059ec                TIM5_IRQHandler
                0x080059ec                DMA2_Stream7_IRQHandler
                0x080059ec                I2C3_EV_IRQHandler
                0x080059ec                EXTI9_5_IRQHandler
                0x080059ec                RTC_WKUP_IRQHandler
                0x080059ec                SPI2_IRQHandler
                0x080059ec                OTG_HS_EP1_IN_IRQHandler
                0x080059ec                DMA1_Stream0_IRQHandler
                0x080059ec                CAN1_TX_IRQHandler
                0x080059ec                EXTI4_IRQHandler
                0x080059ec                FSMC_IRQHandler
                0x080059ec                OTG_HS_EP1_OUT_IRQHandler
                0x080059ec                WWDG_IRQHandler
                0x080059ec                TIM2_IRQHandler
                0x080059ec                OTG_FS_WKUP_IRQHandler
                0x080059ec                TIM1_TRG_COM_TIM11_IRQHandler
                0x080059ec                OTG_HS_IRQHandler
                0x080059ec                EXTI1_IRQHandler
                0x080059ec                I2C2_ER_IRQHandler
                0x080059ec                DMA2_Stream1_IRQHandler
                0x080059ec                CAN1_SCE_IRQHandler
                0x080059ec                FLASH_IRQHandler
                0x080059ec                DMA2_Stream4_IRQHandler
                0x080059ec                OTG_FS_IRQHandler
                0x080059ec                SPI3_IRQHandler
                0x080059ec                DMA1_Stream4_IRQHandler
                0x080059ec                I2C1_ER_IRQHandler
                0x080059ec                DMA2_Stream6_IRQHandler
                0x080059ec                DMA1_Stream3_IRQHandler
 .text.LL_GPIO_SetOutputPin
                0x080059ee       0x1c ./Core/WATCHDOG/watchdog.o
 .text.LL_GPIO_ResetOutputPin
                0x08005a0a       0x1e ./Core/WATCHDOG/watchdog.o
 .text.WDT_init
                0x08005a28       0x18 ./Core/WATCHDOG/watchdog.o
                0x08005a28                WDT_init
 .text.WDT_create_task
                0x08005a40       0x18 ./Core/WATCHDOG/watchdog.o
                0x08005a40                WDT_create_task
 .text.status_wdt_update
                0x08005a58       0x60 ./Core/WATCHDOG/watchdog.o
                0x08005a58                status_wdt_update
 .text.LL_GPIO_SetPinMode
                0x08005ab8       0x7a ./Drivers/STM32F4xx_HAL_Driver/Src/stm32f4xx_ll_gpio.o
 .text.LL_GPIO_SetPinOutputType
                0x08005b32       0x30 ./Drivers/STM32F4xx_HAL_Driver/Src/stm32f4xx_ll_gpio.o
 .text.LL_GPIO_SetPinSpeed
                0x08005b62       0x7a ./Drivers/STM32F4xx_HAL_Driver/Src/stm32f4xx_ll_gpio.o
 .text.LL_GPIO_SetPinPull
                0x08005bdc       0x7a ./Drivers/STM32F4xx_HAL_Driver/Src/stm32f4xx_ll_gpio.o
 .text.LL_GPIO_SetAFPin_0_7
                0x08005c56       0x7a ./Drivers/STM32F4xx_HAL_Driver/Src/stm32f4xx_ll_gpio.o
 .text.LL_GPIO_SetAFPin_8_15
                0x08005cd0       0x7e ./Drivers/STM32F4xx_HAL_Driver/Src/stm32f4xx_ll_gpio.o
 .text.LL_GPIO_Init
                0x08005d4e      0x102 ./Drivers/STM32F4xx_HAL_Driver/Src/stm32f4xx_ll_gpio.o
                0x08005d4e                LL_GPIO_Init
 .text.LL_I2C_Enable
                0x08005e50       0x20 ./Drivers/STM32F4xx_HAL_Driver/Src/stm32f4xx_ll_i2c.o
 .text.LL_I2C_Disable
                0x08005e70       0x20 ./Drivers/STM32F4xx_HAL_Driver/Src/stm32f4xx_ll_i2c.o
 .text.LL_I2C_SetOwnAddress1
                0x08005e90       0x30 ./Drivers/STM32F4xx_HAL_Driver/Src/stm32f4xx_ll_i2c.o
 .text.LL_I2C_ConfigSpeed
                0x08005ec0      0x130 ./Drivers/STM32F4xx_HAL_Driver/Src/stm32f4xx_ll_i2c.o
 .text.LL_I2C_SetMode
                0x08005ff0       0x26 ./Drivers/STM32F4xx_HAL_Driver/Src/stm32f4xx_ll_i2c.o
 .text.LL_I2C_AcknowledgeNextData
                0x08006016       0x26 ./Drivers/STM32F4xx_HAL_Driver/Src/stm32f4xx_ll_i2c.o
 .text.LL_I2C_Init
                0x0800603c       0x62 ./Drivers/STM32F4xx_HAL_Driver/Src/stm32f4xx_ll_i2c.o
                0x0800603c                LL_I2C_Init
 *fill*         0x0800609e        0x2 
 .text.LL_RCC_GetSysClkSource
                0x080060a0       0x1c ./Drivers/STM32F4xx_HAL_Driver/Src/stm32f4xx_ll_rcc.o
 .text.LL_RCC_GetAHBPrescaler
                0x080060bc       0x1c ./Drivers/STM32F4xx_HAL_Driver/Src/stm32f4xx_ll_rcc.o
 .text.LL_RCC_GetAPB1Prescaler
                0x080060d8       0x1c ./Drivers/STM32F4xx_HAL_Driver/Src/stm32f4xx_ll_rcc.o
 .text.LL_RCC_GetAPB2Prescaler
                0x080060f4       0x1c ./Drivers/STM32F4xx_HAL_Driver/Src/stm32f4xx_ll_rcc.o
 .text.LL_RCC_PLL_GetMainSource
                0x08006110       0x1c ./Drivers/STM32F4xx_HAL_Driver/Src/stm32f4xx_ll_rcc.o
 .text.LL_RCC_PLL_GetN
                0x0800612c       0x1c ./Drivers/STM32F4xx_HAL_Driver/Src/stm32f4xx_ll_rcc.o
 .text.LL_RCC_PLL_GetP
                0x08006148       0x1c ./Drivers/STM32F4xx_HAL_Driver/Src/stm32f4xx_ll_rcc.o
 .text.LL_RCC_PLL_GetDivider
                0x08006164       0x1c ./Drivers/STM32F4xx_HAL_Driver/Src/stm32f4xx_ll_rcc.o
 .text.LL_RCC_GetSystemClocksFreq
                0x08006180       0x4a ./Drivers/STM32F4xx_HAL_Driver/Src/stm32f4xx_ll_rcc.o
                0x08006180                LL_RCC_GetSystemClocksFreq
 *fill*         0x080061ca        0x2 
 .text.RCC_GetSystemClockFreq
                0x080061cc       0x50 ./Drivers/STM32F4xx_HAL_Driver/Src/stm32f4xx_ll_rcc.o
                0x080061cc                RCC_GetSystemClockFreq
 .text.RCC_GetHCLKClockFreq
                0x0800621c       0x2c ./Drivers/STM32F4xx_HAL_Driver/Src/stm32f4xx_ll_rcc.o
                0x0800621c                RCC_GetHCLKClockFreq
 .text.RCC_GetPCLK1ClockFreq
                0x08006248       0x28 ./Drivers/STM32F4xx_HAL_Driver/Src/stm32f4xx_ll_rcc.o
                0x08006248                RCC_GetPCLK1ClockFreq
 .text.RCC_GetPCLK2ClockFreq
                0x08006270       0x28 ./Drivers/STM32F4xx_HAL_Driver/Src/stm32f4xx_ll_rcc.o
                0x08006270                RCC_GetPCLK2ClockFreq
 .text.RCC_PLL_GetFreqDomain_SYS
                0x08006298       0x7c ./Drivers/STM32F4xx_HAL_Driver/Src/stm32f4xx_ll_rcc.o
                0x08006298                RCC_PLL_GetFreqDomain_SYS
 .text.LL_USART_IsEnabled
                0x08006314       0x28 ./Drivers/STM32F4xx_HAL_Driver/Src/stm32f4xx_ll_usart.o
 .text.LL_USART_SetStopBitsLength
                0x0800633c       0x26 ./Drivers/STM32F4xx_HAL_Driver/Src/stm32f4xx_ll_usart.o
 .text.LL_USART_SetHWFlowCtrl
                0x08006362       0x26 ./Drivers/STM32F4xx_HAL_Driver/Src/stm32f4xx_ll_usart.o
 .text.LL_USART_SetBaudRate
                0x08006388      0x45c ./Drivers/STM32F4xx_HAL_Driver/Src/stm32f4xx_ll_usart.o
 .text.LL_USART_Init
                0x080067e4      0x100 ./Drivers/STM32F4xx_HAL_Driver/Src/stm32f4xx_ll_usart.o
                0x080067e4                LL_USART_Init
 .text.LL_InitTick
                0x080068e4       0x34 ./Drivers/STM32F4xx_HAL_Driver/Src/stm32f4xx_ll_utils.o
 .text.LL_Init1msTick
                0x08006918       0x1a ./Drivers/STM32F4xx_HAL_Driver/Src/stm32f4xx_ll_utils.o
                0x08006918                LL_Init1msTick
 *fill*         0x08006932        0x2 
 .text.LL_SetSystemCoreClock
                0x08006934       0x20 ./Drivers/STM32F4xx_HAL_Driver/Src/stm32f4xx_ll_utils.o
                0x08006934                LL_SetSystemCoreClock
 .text.SCH_Initialize
                0x08006954       0x54 ./Scheduler/scheduler.o
                0x08006954                SCH_Initialize
 .text.SCH_TIM_Start
                0x080069a8       0x2c ./Scheduler/scheduler.o
                0x080069a8                SCH_TIM_Start
 .text.SCH_TIM_HasCompleted
                0x080069d4       0x2c ./Scheduler/scheduler.o
                0x080069d4                SCH_TIM_HasCompleted
 .text.SCH_TASK_CreateTask
                0x08006a00       0x7c ./Scheduler/scheduler.o
                0x08006a00                SCH_TASK_CreateTask
 .text.SCH_RunSystemTickTimer
                0x08006a7c      0x128 ./Scheduler/scheduler.o
                0x08006a7c                SCH_RunSystemTickTimer
 .text.SCH_StartSchedular
                0x08006ba4        0xc ./Scheduler/scheduler.o
                0x08006ba4                SCH_StartSchedular
 .text.SCH_HandleScheduledTask
                0x08006bb0       0xb4 ./Scheduler/scheduler.o
                0x08006bb0                SCH_HandleScheduledTask
 .text.SCH_Delay
                0x08006c64       0x28 ./Scheduler/scheduler.o
                0x08006c64                SCH_Delay
 .text.crc16_CCITT
                0x08006c8c       0x76 ./ThirdParty/libfsp/crc16.o
                0x08006c8c                crc16_CCITT
 *fill*         0x08006d02        0x2 
 .text.fsp_init
                0x08006d04       0x2c ./ThirdParty/libfsp/fsp.o
                0x08006d04                fsp_init
 .text.fsp_gen_cmd_pkt
                0x08006d30       0x50 ./ThirdParty/libfsp/fsp.o
                0x08006d30                fsp_gen_cmd_pkt
 .text.fsp_gen_cmd_w_data_pkt
                0x08006d80       0x54 ./ThirdParty/libfsp/fsp.o
                0x08006d80                fsp_gen_cmd_w_data_pkt
 .text.fsp_gen_pkt
                0x08006dd4       0xb8 ./ThirdParty/libfsp/fsp.o
                0x08006dd4                fsp_gen_pkt
 .text.frame_encode
                0x08006e8c      0x406 ./ThirdParty/libfsp/fsp.o
                0x08006e8c                frame_encode
 *fill*         0x08007292        0x2 
 .text.frame_decode
                0x08007294      0x2c4 ./ThirdParty/libfsp/fsp.o
                0x08007294                frame_decode
 .text.frame_processing
                0x08007558      0xc08 ./ThirdParty/libfsp/fsp.o
                0x08007558                frame_processing
 .text.atoi     0x08008160        0x8 C:/ST/STM32CubeIDE_1.15.1/STM32CubeIDE/plugins/com.st.stm32cube.ide.mcu.externaltools.gnu-tools-for-stm32.12.3.rel1.win32_1.0.100.202403111256/tools/bin/../lib/gcc/arm-none-eabi/12.3.1/../../../../arm-none-eabi/lib/thumb/v7e-m+fp/hard\libc_nano.a(libc_a-atoi.o)
                0x08008160                atoi
 .text._strtol_l.constprop.0
                0x08008168       0xf4 C:/ST/STM32CubeIDE_1.15.1/STM32CubeIDE/plugins/com.st.stm32cube.ide.mcu.externaltools.gnu-tools-for-stm32.12.3.rel1.win32_1.0.100.202403111256/tools/bin/../lib/gcc/arm-none-eabi/12.3.1/../../../../arm-none-eabi/lib/thumb/v7e-m+fp/hard\libc_nano.a(libc_a-strtol.o)
 .text._strtol_r
                0x0800825c        0x4 C:/ST/STM32CubeIDE_1.15.1/STM32CubeIDE/plugins/com.st.stm32cube.ide.mcu.externaltools.gnu-tools-for-stm32.12.3.rel1.win32_1.0.100.202403111256/tools/bin/../lib/gcc/arm-none-eabi/12.3.1/../../../../arm-none-eabi/lib/thumb/v7e-m+fp/hard\libc_nano.a(libc_a-strtol.o)
                0x0800825c                _strtol_r
 .text.strtol   0x08008260       0x14 C:/ST/STM32CubeIDE_1.15.1/STM32CubeIDE/plugins/com.st.stm32cube.ide.mcu.externaltools.gnu-tools-for-stm32.12.3.rel1.win32_1.0.100.202403111256/tools/bin/../lib/gcc/arm-none-eabi/12.3.1/../../../../arm-none-eabi/lib/thumb/v7e-m+fp/hard\libc_nano.a(libc_a-strtol.o)
                0x08008260                strtol
 .text.__cvt    0x08008274       0xca C:/ST/STM32CubeIDE_1.15.1/STM32CubeIDE/plugins/com.st.stm32cube.ide.mcu.externaltools.gnu-tools-for-stm32.12.3.rel1.win32_1.0.100.202403111256/tools/bin/../lib/gcc/arm-none-eabi/12.3.1/../../../../arm-none-eabi/lib/thumb/v7e-m+fp/hard\libc_nano.a(libc_a-nano-vfprintf_float.o)
                0x08008274                __cvt
 .text.__exponent
                0x0800833e       0x74 C:/ST/STM32CubeIDE_1.15.1/STM32CubeIDE/plugins/com.st.stm32cube.ide.mcu.externaltools.gnu-tools-for-stm32.12.3.rel1.win32_1.0.100.202403111256/tools/bin/../lib/gcc/arm-none-eabi/12.3.1/../../../../arm-none-eabi/lib/thumb/v7e-m+fp/hard\libc_nano.a(libc_a-nano-vfprintf_float.o)
                0x0800833e                __exponent
 *fill*         0x080083b2        0x2 
 .text._printf_float
                0x080083b4      0x454 C:/ST/STM32CubeIDE_1.15.1/STM32CubeIDE/plugins/com.st.stm32cube.ide.mcu.externaltools.gnu-tools-for-stm32.12.3.rel1.win32_1.0.100.202403111256/tools/bin/../lib/gcc/arm-none-eabi/12.3.1/../../../../arm-none-eabi/lib/thumb/v7e-m+fp/hard\libc_nano.a(libc_a-nano-vfprintf_float.o)
                0x080083b4                _printf_float
 .text._printf_common
                0x08008808       0xda C:/ST/STM32CubeIDE_1.15.1/STM32CubeIDE/plugins/com.st.stm32cube.ide.mcu.externaltools.gnu-tools-for-stm32.12.3.rel1.win32_1.0.100.202403111256/tools/bin/../lib/gcc/arm-none-eabi/12.3.1/../../../../arm-none-eabi/lib/thumb/v7e-m+fp/hard\libc_nano.a(libc_a-nano-vfprintf_i.o)
                0x08008808                _printf_common
 *fill*         0x080088e2        0x2 
 .text._printf_i
                0x080088e4      0x240 C:/ST/STM32CubeIDE_1.15.1/STM32CubeIDE/plugins/com.st.stm32cube.ide.mcu.externaltools.gnu-tools-for-stm32.12.3.rel1.win32_1.0.100.202403111256/tools/bin/../lib/gcc/arm-none-eabi/12.3.1/../../../../arm-none-eabi/lib/thumb/v7e-m+fp/hard\libc_nano.a(libc_a-nano-vfprintf_i.o)
                0x080088e4                _printf_i
 .text._scanf_float
                0x08008b24      0x428 C:/ST/STM32CubeIDE_1.15.1/STM32CubeIDE/plugins/com.st.stm32cube.ide.mcu.externaltools.gnu-tools-for-stm32.12.3.rel1.win32_1.0.100.202403111256/tools/bin/../lib/gcc/arm-none-eabi/12.3.1/../../../../arm-none-eabi/lib/thumb/v7e-m+fp/hard\libc_nano.a(libc_a-nano-vfscanf_float.o)
                0x08008b24                _scanf_float
 .text.std      0x08008f4c       0x6c C:/ST/STM32CubeIDE_1.15.1/STM32CubeIDE/plugins/com.st.stm32cube.ide.mcu.externaltools.gnu-tools-for-stm32.12.3.rel1.win32_1.0.100.202403111256/tools/bin/../lib/gcc/arm-none-eabi/12.3.1/../../../../arm-none-eabi/lib/thumb/v7e-m+fp/hard\libc_nano.a(libc_a-findfp.o)
 .text.stdio_exit_handler
                0x08008fb8       0x18 C:/ST/STM32CubeIDE_1.15.1/STM32CubeIDE/plugins/com.st.stm32cube.ide.mcu.externaltools.gnu-tools-for-stm32.12.3.rel1.win32_1.0.100.202403111256/tools/bin/../lib/gcc/arm-none-eabi/12.3.1/../../../../arm-none-eabi/lib/thumb/v7e-m+fp/hard\libc_nano.a(libc_a-findfp.o)
 .text.cleanup_stdio
                0x08008fd0       0x40 C:/ST/STM32CubeIDE_1.15.1/STM32CubeIDE/plugins/com.st.stm32cube.ide.mcu.externaltools.gnu-tools-for-stm32.12.3.rel1.win32_1.0.100.202403111256/tools/bin/../lib/gcc/arm-none-eabi/12.3.1/../../../../arm-none-eabi/lib/thumb/v7e-m+fp/hard\libc_nano.a(libc_a-findfp.o)
 .text.global_stdio_init.part.0
                0x08009010       0x3c C:/ST/STM32CubeIDE_1.15.1/STM32CubeIDE/plugins/com.st.stm32cube.ide.mcu.externaltools.gnu-tools-for-stm32.12.3.rel1.win32_1.0.100.202403111256/tools/bin/../lib/gcc/arm-none-eabi/12.3.1/../../../../arm-none-eabi/lib/thumb/v7e-m+fp/hard\libc_nano.a(libc_a-findfp.o)
 .text.__sfp_lock_acquire
                0x0800904c        0xc C:/ST/STM32CubeIDE_1.15.1/STM32CubeIDE/plugins/com.st.stm32cube.ide.mcu.externaltools.gnu-tools-for-stm32.12.3.rel1.win32_1.0.100.202403111256/tools/bin/../lib/gcc/arm-none-eabi/12.3.1/../../../../arm-none-eabi/lib/thumb/v7e-m+fp/hard\libc_nano.a(libc_a-findfp.o)
                0x0800904c                __sfp_lock_acquire
 .text.__sfp_lock_release
                0x08009058        0xc C:/ST/STM32CubeIDE_1.15.1/STM32CubeIDE/plugins/com.st.stm32cube.ide.mcu.externaltools.gnu-tools-for-stm32.12.3.rel1.win32_1.0.100.202403111256/tools/bin/../lib/gcc/arm-none-eabi/12.3.1/../../../../arm-none-eabi/lib/thumb/v7e-m+fp/hard\libc_nano.a(libc_a-findfp.o)
                0x08009058                __sfp_lock_release
 .text.__sinit  0x08009064       0x30 C:/ST/STM32CubeIDE_1.15.1/STM32CubeIDE/plugins/com.st.stm32cube.ide.mcu.externaltools.gnu-tools-for-stm32.12.3.rel1.win32_1.0.100.202403111256/tools/bin/../lib/gcc/arm-none-eabi/12.3.1/../../../../arm-none-eabi/lib/thumb/v7e-m+fp/hard\libc_nano.a(libc_a-findfp.o)
                0x08009064                __sinit
 .text._fwalk_sglue
                0x08009094       0x3c C:/ST/STM32CubeIDE_1.15.1/STM32CubeIDE/plugins/com.st.stm32cube.ide.mcu.externaltools.gnu-tools-for-stm32.12.3.rel1.win32_1.0.100.202403111256/tools/bin/../lib/gcc/arm-none-eabi/12.3.1/../../../../arm-none-eabi/lib/thumb/v7e-m+fp/hard\libc_nano.a(libc_a-fwalk.o)
                0x08009094                _fwalk_sglue
 .text.printf   0x080090d0       0x24 C:/ST/STM32CubeIDE_1.15.1/STM32CubeIDE/plugins/com.st.stm32cube.ide.mcu.externaltools.gnu-tools-for-stm32.12.3.rel1.win32_1.0.100.202403111256/tools/bin/../lib/gcc/arm-none-eabi/12.3.1/../../../../arm-none-eabi/lib/thumb/v7e-m+fp/hard\libc_nano.a(libc_a-printf.o)
                0x080090d0                iprintf
                0x080090d0                printf
 .text.sprintf  0x080090f4       0x40 C:/ST/STM32CubeIDE_1.15.1/STM32CubeIDE/plugins/com.st.stm32cube.ide.mcu.externaltools.gnu-tools-for-stm32.12.3.rel1.win32_1.0.100.202403111256/tools/bin/../lib/gcc/arm-none-eabi/12.3.1/../../../../arm-none-eabi/lib/thumb/v7e-m+fp/hard\libc_nano.a(libc_a-sprintf.o)
                0x080090f4                siprintf
                0x080090f4                sprintf
 .text.__sread  0x08009134       0x22 C:/ST/STM32CubeIDE_1.15.1/STM32CubeIDE/plugins/com.st.stm32cube.ide.mcu.externaltools.gnu-tools-for-stm32.12.3.rel1.win32_1.0.100.202403111256/tools/bin/../lib/gcc/arm-none-eabi/12.3.1/../../../../arm-none-eabi/lib/thumb/v7e-m+fp/hard\libc_nano.a(libc_a-stdio.o)
                0x08009134                __sread
 .text.__swrite
                0x08009156       0x38 C:/ST/STM32CubeIDE_1.15.1/STM32CubeIDE/plugins/com.st.stm32cube.ide.mcu.externaltools.gnu-tools-for-stm32.12.3.rel1.win32_1.0.100.202403111256/tools/bin/../lib/gcc/arm-none-eabi/12.3.1/../../../../arm-none-eabi/lib/thumb/v7e-m+fp/hard\libc_nano.a(libc_a-stdio.o)
                0x08009156                __swrite
 .text.__sseek  0x0800918e       0x24 C:/ST/STM32CubeIDE_1.15.1/STM32CubeIDE/plugins/com.st.stm32cube.ide.mcu.externaltools.gnu-tools-for-stm32.12.3.rel1.win32_1.0.100.202403111256/tools/bin/../lib/gcc/arm-none-eabi/12.3.1/../../../../arm-none-eabi/lib/thumb/v7e-m+fp/hard\libc_nano.a(libc_a-stdio.o)
                0x0800918e                __sseek
 .text.__sclose
                0x080091b2        0x8 C:/ST/STM32CubeIDE_1.15.1/STM32CubeIDE/plugins/com.st.stm32cube.ide.mcu.externaltools.gnu-tools-for-stm32.12.3.rel1.win32_1.0.100.202403111256/tools/bin/../lib/gcc/arm-none-eabi/12.3.1/../../../../arm-none-eabi/lib/thumb/v7e-m+fp/hard\libc_nano.a(libc_a-stdio.o)
                0x080091b2                __sclose
 .text.memset   0x080091ba       0x10 C:/ST/STM32CubeIDE_1.15.1/STM32CubeIDE/plugins/com.st.stm32cube.ide.mcu.externaltools.gnu-tools-for-stm32.12.3.rel1.win32_1.0.100.202403111256/tools/bin/../lib/gcc/arm-none-eabi/12.3.1/../../../../arm-none-eabi/lib/thumb/v7e-m+fp/hard\libc_nano.a(libc_a-memset.o)
                0x080091ba                memset
 *fill*         0x080091ca        0x2 
 .text._localeconv_r
                0x080091cc        0x8 C:/ST/STM32CubeIDE_1.15.1/STM32CubeIDE/plugins/com.st.stm32cube.ide.mcu.externaltools.gnu-tools-for-stm32.12.3.rel1.win32_1.0.100.202403111256/tools/bin/../lib/gcc/arm-none-eabi/12.3.1/../../../../arm-none-eabi/lib/thumb/v7e-m+fp/hard\libc_nano.a(libc_a-localeconv.o)
                0x080091cc                _localeconv_r
 .text._close_r
                0x080091d4       0x20 C:/ST/STM32CubeIDE_1.15.1/STM32CubeIDE/plugins/com.st.stm32cube.ide.mcu.externaltools.gnu-tools-for-stm32.12.3.rel1.win32_1.0.100.202403111256/tools/bin/../lib/gcc/arm-none-eabi/12.3.1/../../../../arm-none-eabi/lib/thumb/v7e-m+fp/hard\libc_nano.a(libc_a-closer.o)
                0x080091d4                _close_r
 .text._lseek_r
                0x080091f4       0x24 C:/ST/STM32CubeIDE_1.15.1/STM32CubeIDE/plugins/com.st.stm32cube.ide.mcu.externaltools.gnu-tools-for-stm32.12.3.rel1.win32_1.0.100.202403111256/tools/bin/../lib/gcc/arm-none-eabi/12.3.1/../../../../arm-none-eabi/lib/thumb/v7e-m+fp/hard\libc_nano.a(libc_a-lseekr.o)
                0x080091f4                _lseek_r
 .text._read_r  0x08009218       0x24 C:/ST/STM32CubeIDE_1.15.1/STM32CubeIDE/plugins/com.st.stm32cube.ide.mcu.externaltools.gnu-tools-for-stm32.12.3.rel1.win32_1.0.100.202403111256/tools/bin/../lib/gcc/arm-none-eabi/12.3.1/../../../../arm-none-eabi/lib/thumb/v7e-m+fp/hard\libc_nano.a(libc_a-readr.o)
                0x08009218                _read_r
 .text._write_r
                0x0800923c       0x24 C:/ST/STM32CubeIDE_1.15.1/STM32CubeIDE/plugins/com.st.stm32cube.ide.mcu.externaltools.gnu-tools-for-stm32.12.3.rel1.win32_1.0.100.202403111256/tools/bin/../lib/gcc/arm-none-eabi/12.3.1/../../../../arm-none-eabi/lib/thumb/v7e-m+fp/hard\libc_nano.a(libc_a-writer.o)
                0x0800923c                _write_r
 .text.__errno  0x08009260        0xc C:/ST/STM32CubeIDE_1.15.1/STM32CubeIDE/plugins/com.st.stm32cube.ide.mcu.externaltools.gnu-tools-for-stm32.12.3.rel1.win32_1.0.100.202403111256/tools/bin/../lib/gcc/arm-none-eabi/12.3.1/../../../../arm-none-eabi/lib/thumb/v7e-m+fp/hard\libc_nano.a(libc_a-errno.o)
                0x08009260                __errno
 .text.__libc_init_array
                0x0800926c       0x48 C:/ST/STM32CubeIDE_1.15.1/STM32CubeIDE/plugins/com.st.stm32cube.ide.mcu.externaltools.gnu-tools-for-stm32.12.3.rel1.win32_1.0.100.202403111256/tools/bin/../lib/gcc/arm-none-eabi/12.3.1/../../../../arm-none-eabi/lib/thumb/v7e-m+fp/hard\libc_nano.a(libc_a-init.o)
                0x0800926c                __libc_init_array
 .text.__retarget_lock_init_recursive
                0x080092b4        0x2 C:/ST/STM32CubeIDE_1.15.1/STM32CubeIDE/plugins/com.st.stm32cube.ide.mcu.externaltools.gnu-tools-for-stm32.12.3.rel1.win32_1.0.100.202403111256/tools/bin/../lib/gcc/arm-none-eabi/12.3.1/../../../../arm-none-eabi/lib/thumb/v7e-m+fp/hard\libc_nano.a(libc_a-lock.o)
                0x080092b4                __retarget_lock_init_recursive
 .text.__retarget_lock_acquire_recursive
                0x080092b6        0x2 C:/ST/STM32CubeIDE_1.15.1/STM32CubeIDE/plugins/com.st.stm32cube.ide.mcu.externaltools.gnu-tools-for-stm32.12.3.rel1.win32_1.0.100.202403111256/tools/bin/../lib/gcc/arm-none-eabi/12.3.1/../../../../arm-none-eabi/lib/thumb/v7e-m+fp/hard\libc_nano.a(libc_a-lock.o)
                0x080092b6                __retarget_lock_acquire_recursive
 .text.__retarget_lock_release_recursive
                0x080092b8        0x2 C:/ST/STM32CubeIDE_1.15.1/STM32CubeIDE/plugins/com.st.stm32cube.ide.mcu.externaltools.gnu-tools-for-stm32.12.3.rel1.win32_1.0.100.202403111256/tools/bin/../lib/gcc/arm-none-eabi/12.3.1/../../../../arm-none-eabi/lib/thumb/v7e-m+fp/hard\libc_nano.a(libc_a-lock.o)
                0x080092b8                __retarget_lock_release_recursive
 .text.memcpy   0x080092ba       0x1c C:/ST/STM32CubeIDE_1.15.1/STM32CubeIDE/plugins/com.st.stm32cube.ide.mcu.externaltools.gnu-tools-for-stm32.12.3.rel1.win32_1.0.100.202403111256/tools/bin/../lib/gcc/arm-none-eabi/12.3.1/../../../../arm-none-eabi/lib/thumb/v7e-m+fp/hard\libc_nano.a(libc_a-memcpy-stub.o)
                0x080092ba                memcpy
 *fill*         0x080092d6        0x2 
 .text.nanf     0x080092d8        0xc C:/ST/STM32CubeIDE_1.15.1/STM32CubeIDE/plugins/com.st.stm32cube.ide.mcu.externaltools.gnu-tools-for-stm32.12.3.rel1.win32_1.0.100.202403111256/tools/bin/../lib/gcc/arm-none-eabi/12.3.1/../../../../arm-none-eabi/lib/thumb/v7e-m+fp/hard\libc_nano.a(libm_a-sf_nan.o)
                0x080092d8                nanf
 .text.quorem   0x080092e4      0x110 C:/ST/STM32CubeIDE_1.15.1/STM32CubeIDE/plugins/com.st.stm32cube.ide.mcu.externaltools.gnu-tools-for-stm32.12.3.rel1.win32_1.0.100.202403111256/tools/bin/../lib/gcc/arm-none-eabi/12.3.1/../../../../arm-none-eabi/lib/thumb/v7e-m+fp/hard\libc_nano.a(libc_a-dtoa.o)
 *fill*         0x080093f4        0x4 
 .text._dtoa_r  0x080093f8      0xb88 C:/ST/STM32CubeIDE_1.15.1/STM32CubeIDE/plugins/com.st.stm32cube.ide.mcu.externaltools.gnu-tools-for-stm32.12.3.rel1.win32_1.0.100.202403111256/tools/bin/../lib/gcc/arm-none-eabi/12.3.1/../../../../arm-none-eabi/lib/thumb/v7e-m+fp/hard\libc_nano.a(libc_a-dtoa.o)
                0x080093f8                _dtoa_r
 .text._free_r  0x08009f80       0x94 C:/ST/STM32CubeIDE_1.15.1/STM32CubeIDE/plugins/com.st.stm32cube.ide.mcu.externaltools.gnu-tools-for-stm32.12.3.rel1.win32_1.0.100.202403111256/tools/bin/../lib/gcc/arm-none-eabi/12.3.1/../../../../arm-none-eabi/lib/thumb/v7e-m+fp/hard\libc_nano.a(libc_a-freer.o)
                0x08009f80                _free_r
 .text.malloc   0x0800a014       0x10 C:/ST/STM32CubeIDE_1.15.1/STM32CubeIDE/plugins/com.st.stm32cube.ide.mcu.externaltools.gnu-tools-for-stm32.12.3.rel1.win32_1.0.100.202403111256/tools/bin/../lib/gcc/arm-none-eabi/12.3.1/../../../../arm-none-eabi/lib/thumb/v7e-m+fp/hard\libc_nano.a(libc_a-malloc.o)
                0x0800a014                malloc
 .text.sbrk_aligned
                0x0800a024       0x44 C:/ST/STM32CubeIDE_1.15.1/STM32CubeIDE/plugins/com.st.stm32cube.ide.mcu.externaltools.gnu-tools-for-stm32.12.3.rel1.win32_1.0.100.202403111256/tools/bin/../lib/gcc/arm-none-eabi/12.3.1/../../../../arm-none-eabi/lib/thumb/v7e-m+fp/hard\libc_nano.a(libc_a-mallocr.o)
 .text._malloc_r
                0x0800a068      0x100 C:/ST/STM32CubeIDE_1.15.1/STM32CubeIDE/plugins/com.st.stm32cube.ide.mcu.externaltools.gnu-tools-for-stm32.12.3.rel1.win32_1.0.100.202403111256/tools/bin/../lib/gcc/arm-none-eabi/12.3.1/../../../../arm-none-eabi/lib/thumb/v7e-m+fp/hard\libc_nano.a(libc_a-mallocr.o)
                0x0800a068                _malloc_r
 .text.__malloc_lock
                0x0800a168        0xc C:/ST/STM32CubeIDE_1.15.1/STM32CubeIDE/plugins/com.st.stm32cube.ide.mcu.externaltools.gnu-tools-for-stm32.12.3.rel1.win32_1.0.100.202403111256/tools/bin/../lib/gcc/arm-none-eabi/12.3.1/../../../../arm-none-eabi/lib/thumb/v7e-m+fp/hard\libc_nano.a(libc_a-mlock.o)
                0x0800a168                __malloc_lock
 .text.__malloc_unlock
                0x0800a174        0xc C:/ST/STM32CubeIDE_1.15.1/STM32CubeIDE/plugins/com.st.stm32cube.ide.mcu.externaltools.gnu-tools-for-stm32.12.3.rel1.win32_1.0.100.202403111256/tools/bin/../lib/gcc/arm-none-eabi/12.3.1/../../../../arm-none-eabi/lib/thumb/v7e-m+fp/hard\libc_nano.a(libc_a-mlock.o)
                0x0800a174                __malloc_unlock
 .text._Balloc  0x0800a180       0x80 C:/ST/STM32CubeIDE_1.15.1/STM32CubeIDE/plugins/com.st.stm32cube.ide.mcu.externaltools.gnu-tools-for-stm32.12.3.rel1.win32_1.0.100.202403111256/tools/bin/../lib/gcc/arm-none-eabi/12.3.1/../../../../arm-none-eabi/lib/thumb/v7e-m+fp/hard\libc_nano.a(libc_a-mprec.o)
                0x0800a180                _Balloc
 .text._Bfree   0x0800a200       0x44 C:/ST/STM32CubeIDE_1.15.1/STM32CubeIDE/plugins/com.st.stm32cube.ide.mcu.externaltools.gnu-tools-for-stm32.12.3.rel1.win32_1.0.100.202403111256/tools/bin/../lib/gcc/arm-none-eabi/12.3.1/../../../../arm-none-eabi/lib/thumb/v7e-m+fp/hard\libc_nano.a(libc_a-mprec.o)
                0x0800a200                _Bfree
 .text.__multadd
                0x0800a244       0x8c C:/ST/STM32CubeIDE_1.15.1/STM32CubeIDE/plugins/com.st.stm32cube.ide.mcu.externaltools.gnu-tools-for-stm32.12.3.rel1.win32_1.0.100.202403111256/tools/bin/../lib/gcc/arm-none-eabi/12.3.1/../../../../arm-none-eabi/lib/thumb/v7e-m+fp/hard\libc_nano.a(libc_a-mprec.o)
                0x0800a244                __multadd
 .text.__s2b    0x0800a2d0       0x94 C:/ST/STM32CubeIDE_1.15.1/STM32CubeIDE/plugins/com.st.stm32cube.ide.mcu.externaltools.gnu-tools-for-stm32.12.3.rel1.win32_1.0.100.202403111256/tools/bin/../lib/gcc/arm-none-eabi/12.3.1/../../../../arm-none-eabi/lib/thumb/v7e-m+fp/hard\libc_nano.a(libc_a-mprec.o)
                0x0800a2d0                __s2b
 .text.__hi0bits
                0x0800a364       0x3e C:/ST/STM32CubeIDE_1.15.1/STM32CubeIDE/plugins/com.st.stm32cube.ide.mcu.externaltools.gnu-tools-for-stm32.12.3.rel1.win32_1.0.100.202403111256/tools/bin/../lib/gcc/arm-none-eabi/12.3.1/../../../../arm-none-eabi/lib/thumb/v7e-m+fp/hard\libc_nano.a(libc_a-mprec.o)
                0x0800a364                __hi0bits
 .text.__lo0bits
                0x0800a3a2       0x5a C:/ST/STM32CubeIDE_1.15.1/STM32CubeIDE/plugins/com.st.stm32cube.ide.mcu.externaltools.gnu-tools-for-stm32.12.3.rel1.win32_1.0.100.202403111256/tools/bin/../lib/gcc/arm-none-eabi/12.3.1/../../../../arm-none-eabi/lib/thumb/v7e-m+fp/hard\libc_nano.a(libc_a-mprec.o)
                0x0800a3a2                __lo0bits
 .text.__i2b    0x0800a3fc       0x2c C:/ST/STM32CubeIDE_1.15.1/STM32CubeIDE/plugins/com.st.stm32cube.ide.mcu.externaltools.gnu-tools-for-stm32.12.3.rel1.win32_1.0.100.202403111256/tools/bin/../lib/gcc/arm-none-eabi/12.3.1/../../../../arm-none-eabi/lib/thumb/v7e-m+fp/hard\libc_nano.a(libc_a-mprec.o)
                0x0800a3fc                __i2b
 .text.__multiply
                0x0800a428      0x154 C:/ST/STM32CubeIDE_1.15.1/STM32CubeIDE/plugins/com.st.stm32cube.ide.mcu.externaltools.gnu-tools-for-stm32.12.3.rel1.win32_1.0.100.202403111256/tools/bin/../lib/gcc/arm-none-eabi/12.3.1/../../../../arm-none-eabi/lib/thumb/v7e-m+fp/hard\libc_nano.a(libc_a-mprec.o)
                0x0800a428                __multiply
 .text.__pow5mult
                0x0800a57c       0xb4 C:/ST/STM32CubeIDE_1.15.1/STM32CubeIDE/plugins/com.st.stm32cube.ide.mcu.externaltools.gnu-tools-for-stm32.12.3.rel1.win32_1.0.100.202403111256/tools/bin/../lib/gcc/arm-none-eabi/12.3.1/../../../../arm-none-eabi/lib/thumb/v7e-m+fp/hard\libc_nano.a(libc_a-mprec.o)
                0x0800a57c                __pow5mult
 .text.__lshift
                0x0800a630       0xd8 C:/ST/STM32CubeIDE_1.15.1/STM32CubeIDE/plugins/com.st.stm32cube.ide.mcu.externaltools.gnu-tools-for-stm32.12.3.rel1.win32_1.0.100.202403111256/tools/bin/../lib/gcc/arm-none-eabi/12.3.1/../../../../arm-none-eabi/lib/thumb/v7e-m+fp/hard\libc_nano.a(libc_a-mprec.o)
                0x0800a630                __lshift
 .text.__mcmp   0x0800a708       0x36 C:/ST/STM32CubeIDE_1.15.1/STM32CubeIDE/plugins/com.st.stm32cube.ide.mcu.externaltools.gnu-tools-for-stm32.12.3.rel1.win32_1.0.100.202403111256/tools/bin/../lib/gcc/arm-none-eabi/12.3.1/../../../../arm-none-eabi/lib/thumb/v7e-m+fp/hard\libc_nano.a(libc_a-mprec.o)
                0x0800a708                __mcmp
 *fill*         0x0800a73e        0x2 
 .text.__mdiff  0x0800a740      0x128 C:/ST/STM32CubeIDE_1.15.1/STM32CubeIDE/plugins/com.st.stm32cube.ide.mcu.externaltools.gnu-tools-for-stm32.12.3.rel1.win32_1.0.100.202403111256/tools/bin/../lib/gcc/arm-none-eabi/12.3.1/../../../../arm-none-eabi/lib/thumb/v7e-m+fp/hard\libc_nano.a(libc_a-mprec.o)
                0x0800a740                __mdiff
 .text.__ulp    0x0800a868       0x4c C:/ST/STM32CubeIDE_1.15.1/STM32CubeIDE/plugins/com.st.stm32cube.ide.mcu.externaltools.gnu-tools-for-stm32.12.3.rel1.win32_1.0.100.202403111256/tools/bin/../lib/gcc/arm-none-eabi/12.3.1/../../../../arm-none-eabi/lib/thumb/v7e-m+fp/hard\libc_nano.a(libc_a-mprec.o)
                0x0800a868                __ulp
 .text.__b2d    0x0800a8b4       0x94 C:/ST/STM32CubeIDE_1.15.1/STM32CubeIDE/plugins/com.st.stm32cube.ide.mcu.externaltools.gnu-tools-for-stm32.12.3.rel1.win32_1.0.100.202403111256/tools/bin/../lib/gcc/arm-none-eabi/12.3.1/../../../../arm-none-eabi/lib/thumb/v7e-m+fp/hard\libc_nano.a(libc_a-mprec.o)
                0x0800a8b4                __b2d
 .text.__d2b    0x0800a948       0xb0 C:/ST/STM32CubeIDE_1.15.1/STM32CubeIDE/plugins/com.st.stm32cube.ide.mcu.externaltools.gnu-tools-for-stm32.12.3.rel1.win32_1.0.100.202403111256/tools/bin/../lib/gcc/arm-none-eabi/12.3.1/../../../../arm-none-eabi/lib/thumb/v7e-m+fp/hard\libc_nano.a(libc_a-mprec.o)
                0x0800a948                __d2b
 .text.__ratio  0x0800a9f8       0x64 C:/ST/STM32CubeIDE_1.15.1/STM32CubeIDE/plugins/com.st.stm32cube.ide.mcu.externaltools.gnu-tools-for-stm32.12.3.rel1.win32_1.0.100.202403111256/tools/bin/../lib/gcc/arm-none-eabi/12.3.1/../../../../arm-none-eabi/lib/thumb/v7e-m+fp/hard\libc_nano.a(libc_a-mprec.o)
                0x0800a9f8                __ratio
 .text.__copybits
                0x0800aa5c       0x46 C:/ST/STM32CubeIDE_1.15.1/STM32CubeIDE/plugins/com.st.stm32cube.ide.mcu.externaltools.gnu-tools-for-stm32.12.3.rel1.win32_1.0.100.202403111256/tools/bin/../lib/gcc/arm-none-eabi/12.3.1/../../../../arm-none-eabi/lib/thumb/v7e-m+fp/hard\libc_nano.a(libc_a-mprec.o)
                0x0800aa5c                __copybits
 .text.__any_on
                0x0800aaa2       0x42 C:/ST/STM32CubeIDE_1.15.1/STM32CubeIDE/plugins/com.st.stm32cube.ide.mcu.externaltools.gnu-tools-for-stm32.12.3.rel1.win32_1.0.100.202403111256/tools/bin/../lib/gcc/arm-none-eabi/12.3.1/../../../../arm-none-eabi/lib/thumb/v7e-m+fp/hard\libc_nano.a(libc_a-mprec.o)
                0x0800aaa2                __any_on
 .text.sulp     0x0800aae4       0x3c C:/ST/STM32CubeIDE_1.15.1/STM32CubeIDE/plugins/com.st.stm32cube.ide.mcu.externaltools.gnu-tools-for-stm32.12.3.rel1.win32_1.0.100.202403111256/tools/bin/../lib/gcc/arm-none-eabi/12.3.1/../../../../arm-none-eabi/lib/thumb/v7e-m+fp/hard\libc_nano.a(libc_a-strtod.o)
 .text._strtod_l
                0x0800ab20      0xbc8 C:/ST/STM32CubeIDE_1.15.1/STM32CubeIDE/plugins/com.st.stm32cube.ide.mcu.externaltools.gnu-tools-for-stm32.12.3.rel1.win32_1.0.100.202403111256/tools/bin/../lib/gcc/arm-none-eabi/12.3.1/../../../../arm-none-eabi/lib/thumb/v7e-m+fp/hard\libc_nano.a(libc_a-strtod.o)
                0x0800ab20                _strtod_l
 .text._strtod_r
                0x0800b6e8        0xc C:/ST/STM32CubeIDE_1.15.1/STM32CubeIDE/plugins/com.st.stm32cube.ide.mcu.externaltools.gnu-tools-for-stm32.12.3.rel1.win32_1.0.100.202403111256/tools/bin/../lib/gcc/arm-none-eabi/12.3.1/../../../../arm-none-eabi/lib/thumb/v7e-m+fp/hard\libc_nano.a(libc_a-strtod.o)
                0x0800b6e8                _strtod_r
 .text.__ssputs_r
                0x0800b6f4       0xb6 C:/ST/STM32CubeIDE_1.15.1/STM32CubeIDE/plugins/com.st.stm32cube.ide.mcu.externaltools.gnu-tools-for-stm32.12.3.rel1.win32_1.0.100.202403111256/tools/bin/../lib/gcc/arm-none-eabi/12.3.1/../../../../arm-none-eabi/lib/thumb/v7e-m+fp/hard\libc_nano.a(libc_a-nano-svfprintf.o)
                0x0800b6f4                __ssputs_r
 *fill*         0x0800b7aa        0x2 
 .text._svfprintf_r
                0x0800b7ac      0x1f8 C:/ST/STM32CubeIDE_1.15.1/STM32CubeIDE/plugins/com.st.stm32cube.ide.mcu.externaltools.gnu-tools-for-stm32.12.3.rel1.win32_1.0.100.202403111256/tools/bin/../lib/gcc/arm-none-eabi/12.3.1/../../../../arm-none-eabi/lib/thumb/v7e-m+fp/hard\libc_nano.a(libc_a-nano-svfprintf.o)
                0x0800b7ac                _svfiprintf_r
                0x0800b7ac                _svfprintf_r
 .text.__sfputc_r
                0x0800b9a4       0x2e C:/ST/STM32CubeIDE_1.15.1/STM32CubeIDE/plugins/com.st.stm32cube.ide.mcu.externaltools.gnu-tools-for-stm32.12.3.rel1.win32_1.0.100.202403111256/tools/bin/../lib/gcc/arm-none-eabi/12.3.1/../../../../arm-none-eabi/lib/thumb/v7e-m+fp/hard\libc_nano.a(libc_a-nano-vfprintf.o)
 .text.__sfputs_r
                0x0800b9d2       0x24 C:/ST/STM32CubeIDE_1.15.1/STM32CubeIDE/plugins/com.st.stm32cube.ide.mcu.externaltools.gnu-tools-for-stm32.12.3.rel1.win32_1.0.100.202403111256/tools/bin/../lib/gcc/arm-none-eabi/12.3.1/../../../../arm-none-eabi/lib/thumb/v7e-m+fp/hard\libc_nano.a(libc_a-nano-vfprintf.o)
                0x0800b9d2                __sfputs_r
 *fill*         0x0800b9f6        0x2 
 .text._vfprintf_r
                0x0800b9f8      0x230 C:/ST/STM32CubeIDE_1.15.1/STM32CubeIDE/plugins/com.st.stm32cube.ide.mcu.externaltools.gnu-tools-for-stm32.12.3.rel1.win32_1.0.100.202403111256/tools/bin/../lib/gcc/arm-none-eabi/12.3.1/../../../../arm-none-eabi/lib/thumb/v7e-m+fp/hard\libc_nano.a(libc_a-nano-vfprintf.o)
                0x0800b9f8                _vfprintf_r
                0x0800b9f8                _vfiprintf_r
 .text.__sflush_r
                0x0800bc28      0x108 C:/ST/STM32CubeIDE_1.15.1/STM32CubeIDE/plugins/com.st.stm32cube.ide.mcu.externaltools.gnu-tools-for-stm32.12.3.rel1.win32_1.0.100.202403111256/tools/bin/../lib/gcc/arm-none-eabi/12.3.1/../../../../arm-none-eabi/lib/thumb/v7e-m+fp/hard\libc_nano.a(libc_a-fflush.o)
                0x0800bc28                __sflush_r
 .text._fflush_r
                0x0800bd30       0x50 C:/ST/STM32CubeIDE_1.15.1/STM32CubeIDE/plugins/com.st.stm32cube.ide.mcu.externaltools.gnu-tools-for-stm32.12.3.rel1.win32_1.0.100.202403111256/tools/bin/../lib/gcc/arm-none-eabi/12.3.1/../../../../arm-none-eabi/lib/thumb/v7e-m+fp/hard\libc_nano.a(libc_a-fflush.o)
                0x0800bd30                _fflush_r
 .text.__swbuf_r
                0x0800bd80       0x7c C:/ST/STM32CubeIDE_1.15.1/STM32CubeIDE/plugins/com.st.stm32cube.ide.mcu.externaltools.gnu-tools-for-stm32.12.3.rel1.win32_1.0.100.202403111256/tools/bin/../lib/gcc/arm-none-eabi/12.3.1/../../../../arm-none-eabi/lib/thumb/v7e-m+fp/hard\libc_nano.a(libc_a-wbuf.o)
                0x0800bd80                __swbuf_r
 .text.__swsetup_r
                0x0800bdfc       0xac C:/ST/STM32CubeIDE_1.15.1/STM32CubeIDE/plugins/com.st.stm32cube.ide.mcu.externaltools.gnu-tools-for-stm32.12.3.rel1.win32_1.0.100.202403111256/tools/bin/../lib/gcc/arm-none-eabi/12.3.1/../../../../arm-none-eabi/lib/thumb/v7e-m+fp/hard\libc_nano.a(libc_a-wsetup.o)
                0x0800bdfc                __swsetup_r
 .text.memmove  0x0800bea8       0x34 C:/ST/STM32CubeIDE_1.15.1/STM32CubeIDE/plugins/com.st.stm32cube.ide.mcu.externaltools.gnu-tools-for-stm32.12.3.rel1.win32_1.0.100.202403111256/tools/bin/../lib/gcc/arm-none-eabi/12.3.1/../../../../arm-none-eabi/lib/thumb/v7e-m+fp/hard\libc_nano.a(libc_a-memmove.o)
                0x0800bea8                memmove
 .text.strncmp  0x0800bedc       0x24 C:/ST/STM32CubeIDE_1.15.1/STM32CubeIDE/plugins/com.st.stm32cube.ide.mcu.externaltools.gnu-tools-for-stm32.12.3.rel1.win32_1.0.100.202403111256/tools/bin/../lib/gcc/arm-none-eabi/12.3.1/../../../../arm-none-eabi/lib/thumb/v7e-m+fp/hard\libc_nano.a(libc_a-strncmp.o)
                0x0800bedc                strncmp
 .text._sbrk_r  0x0800bf00       0x20 C:/ST/STM32CubeIDE_1.15.1/STM32CubeIDE/plugins/com.st.stm32cube.ide.mcu.externaltools.gnu-tools-for-stm32.12.3.rel1.win32_1.0.100.202403111256/tools/bin/../lib/gcc/arm-none-eabi/12.3.1/../../../../arm-none-eabi/lib/thumb/v7e-m+fp/hard\libc_nano.a(libc_a-sbrkr.o)
                0x0800bf00                _sbrk_r
 .text.nan      0x0800bf20       0x10 C:/ST/STM32CubeIDE_1.15.1/STM32CubeIDE/plugins/com.st.stm32cube.ide.mcu.externaltools.gnu-tools-for-stm32.12.3.rel1.win32_1.0.100.202403111256/tools/bin/../lib/gcc/arm-none-eabi/12.3.1/../../../../arm-none-eabi/lib/thumb/v7e-m+fp/hard\libc_nano.a(libm_a-s_nan.o)
                0x0800bf20                nan
 .text.__assert_func
                0x0800bf30       0x3c C:/ST/STM32CubeIDE_1.15.1/STM32CubeIDE/plugins/com.st.stm32cube.ide.mcu.externaltools.gnu-tools-for-stm32.12.3.rel1.win32_1.0.100.202403111256/tools/bin/../lib/gcc/arm-none-eabi/12.3.1/../../../../arm-none-eabi/lib/thumb/v7e-m+fp/hard\libc_nano.a(libc_a-assert.o)
                0x0800bf30                __assert_func
 .text._calloc_r
                0x0800bf6c       0x28 C:/ST/STM32CubeIDE_1.15.1/STM32CubeIDE/plugins/com.st.stm32cube.ide.mcu.externaltools.gnu-tools-for-stm32.12.3.rel1.win32_1.0.100.202403111256/tools/bin/../lib/gcc/arm-none-eabi/12.3.1/../../../../arm-none-eabi/lib/thumb/v7e-m+fp/hard\libc_nano.a(libc_a-callocr.o)
                0x0800bf6c                _calloc_r
 .text.rshift   0x0800bf94       0xa4 C:/ST/STM32CubeIDE_1.15.1/STM32CubeIDE/plugins/com.st.stm32cube.ide.mcu.externaltools.gnu-tools-for-stm32.12.3.rel1.win32_1.0.100.202403111256/tools/bin/../lib/gcc/arm-none-eabi/12.3.1/../../../../arm-none-eabi/lib/thumb/v7e-m+fp/hard\libc_nano.a(libc_a-gdtoa-gethex.o)
 .text.__hexdig_fun
                0x0800c038       0x2a C:/ST/STM32CubeIDE_1.15.1/STM32CubeIDE/plugins/com.st.stm32cube.ide.mcu.externaltools.gnu-tools-for-stm32.12.3.rel1.win32_1.0.100.202403111256/tools/bin/../lib/gcc/arm-none-eabi/12.3.1/../../../../arm-none-eabi/lib/thumb/v7e-m+fp/hard\libc_nano.a(libc_a-gdtoa-gethex.o)
                0x0800c038                __hexdig_fun
 *fill*         0x0800c062        0x2 
 .text.__gethex
                0x0800c064      0x420 C:/ST/STM32CubeIDE_1.15.1/STM32CubeIDE/plugins/com.st.stm32cube.ide.mcu.externaltools.gnu-tools-for-stm32.12.3.rel1.win32_1.0.100.202403111256/tools/bin/../lib/gcc/arm-none-eabi/12.3.1/../../../../arm-none-eabi/lib/thumb/v7e-m+fp/hard\libc_nano.a(libc_a-gdtoa-gethex.o)
                0x0800c064                __gethex
 .text.L_shift  0x0800c484       0x24 C:/ST/STM32CubeIDE_1.15.1/STM32CubeIDE/plugins/com.st.stm32cube.ide.mcu.externaltools.gnu-tools-for-stm32.12.3.rel1.win32_1.0.100.202403111256/tools/bin/../lib/gcc/arm-none-eabi/12.3.1/../../../../arm-none-eabi/lib/thumb/v7e-m+fp/hard\libc_nano.a(libc_a-gdtoa-hexnan.o)
 .text.__match  0x0800c4a8       0x28 C:/ST/STM32CubeIDE_1.15.1/STM32CubeIDE/plugins/com.st.stm32cube.ide.mcu.externaltools.gnu-tools-for-stm32.12.3.rel1.win32_1.0.100.202403111256/tools/bin/../lib/gcc/arm-none-eabi/12.3.1/../../../../arm-none-eabi/lib/thumb/v7e-m+fp/hard\libc_nano.a(libc_a-gdtoa-hexnan.o)
                0x0800c4a8                __match
 .text.__hexnan
                0x0800c4d0      0x136 C:/ST/STM32CubeIDE_1.15.1/STM32CubeIDE/plugins/com.st.stm32cube.ide.mcu.externaltools.gnu-tools-for-stm32.12.3.rel1.win32_1.0.100.202403111256/tools/bin/../lib/gcc/arm-none-eabi/12.3.1/../../../../arm-none-eabi/lib/thumb/v7e-m+fp/hard\libc_nano.a(libc_a-gdtoa-hexnan.o)
                0x0800c4d0                __hexnan
 .text.__ascii_mbtowc
                0x0800c606       0x24 C:/ST/STM32CubeIDE_1.15.1/STM32CubeIDE/plugins/com.st.stm32cube.ide.mcu.externaltools.gnu-tools-for-stm32.12.3.rel1.win32_1.0.100.202403111256/tools/bin/../lib/gcc/arm-none-eabi/12.3.1/../../../../arm-none-eabi/lib/thumb/v7e-m+fp/hard\libc_nano.a(libc_a-mbtowc_r.o)
                0x0800c606                __ascii_mbtowc
 .text._realloc_r
                0x0800c62a       0x5c C:/ST/STM32CubeIDE_1.15.1/STM32CubeIDE/plugins/com.st.stm32cube.ide.mcu.externaltools.gnu-tools-for-stm32.12.3.rel1.win32_1.0.100.202403111256/tools/bin/../lib/gcc/arm-none-eabi/12.3.1/../../../../arm-none-eabi/lib/thumb/v7e-m+fp/hard\libc_nano.a(libc_a-reallocr.o)
                0x0800c62a                _realloc_r
 .text.__ascii_wctomb
                0x0800c686       0x1a C:/ST/STM32CubeIDE_1.15.1/STM32CubeIDE/plugins/com.st.stm32cube.ide.mcu.externaltools.gnu-tools-for-stm32.12.3.rel1.win32_1.0.100.202403111256/tools/bin/../lib/gcc/arm-none-eabi/12.3.1/../../../../arm-none-eabi/lib/thumb/v7e-m+fp/hard\libc_nano.a(libc_a-wctomb_r.o)
                0x0800c686                __ascii_wctomb
 .text.fprintf  0x0800c6a0       0x24 C:/ST/STM32CubeIDE_1.15.1/STM32CubeIDE/plugins/com.st.stm32cube.ide.mcu.externaltools.gnu-tools-for-stm32.12.3.rel1.win32_1.0.100.202403111256/tools/bin/../lib/gcc/arm-none-eabi/12.3.1/../../../../arm-none-eabi/lib/thumb/v7e-m+fp/hard\libc_nano.a(libc_a-fprintf.o)
                0x0800c6a0                fiprintf
                0x0800c6a0                fprintf
 .text.__swhatbuf_r
                0x0800c6c4       0x4c C:/ST/STM32CubeIDE_1.15.1/STM32CubeIDE/plugins/com.st.stm32cube.ide.mcu.externaltools.gnu-tools-for-stm32.12.3.rel1.win32_1.0.100.202403111256/tools/bin/../lib/gcc/arm-none-eabi/12.3.1/../../../../arm-none-eabi/lib/thumb/v7e-m+fp/hard\libc_nano.a(libc_a-makebuf.o)
                0x0800c6c4                __swhatbuf_r
 .text.__smakebuf_r
                0x0800c710       0x78 C:/ST/STM32CubeIDE_1.15.1/STM32CubeIDE/plugins/com.st.stm32cube.ide.mcu.externaltools.gnu-tools-for-stm32.12.3.rel1.win32_1.0.100.202403111256/tools/bin/../lib/gcc/arm-none-eabi/12.3.1/../../../../arm-none-eabi/lib/thumb/v7e-m+fp/hard\libc_nano.a(libc_a-makebuf.o)
                0x0800c710                __smakebuf_r
 .text._fstat_r
                0x0800c788       0x24 C:/ST/STM32CubeIDE_1.15.1/STM32CubeIDE/plugins/com.st.stm32cube.ide.mcu.externaltools.gnu-tools-for-stm32.12.3.rel1.win32_1.0.100.202403111256/tools/bin/../lib/gcc/arm-none-eabi/12.3.1/../../../../arm-none-eabi/lib/thumb/v7e-m+fp/hard\libc_nano.a(libc_a-fstatr.o)
                0x0800c788                _fstat_r
 .text._isatty_r
                0x0800c7ac       0x20 C:/ST/STM32CubeIDE_1.15.1/STM32CubeIDE/plugins/com.st.stm32cube.ide.mcu.externaltools.gnu-tools-for-stm32.12.3.rel1.win32_1.0.100.202403111256/tools/bin/../lib/gcc/arm-none-eabi/12.3.1/../../../../arm-none-eabi/lib/thumb/v7e-m+fp/hard\libc_nano.a(libc_a-isattyr.o)
                0x0800c7ac                _isatty_r
 .text.abort    0x0800c7cc        0xe C:/ST/STM32CubeIDE_1.15.1/STM32CubeIDE/plugins/com.st.stm32cube.ide.mcu.externaltools.gnu-tools-for-stm32.12.3.rel1.win32_1.0.100.202403111256/tools/bin/../lib/gcc/arm-none-eabi/12.3.1/../../../../arm-none-eabi/lib/thumb/v7e-m+fp/hard\libc_nano.a(libc_a-abort.o)
                0x0800c7cc                abort
 .text._malloc_usable_size_r
                0x0800c7da       0x10 C:/ST/STM32CubeIDE_1.15.1/STM32CubeIDE/plugins/com.st.stm32cube.ide.mcu.externaltools.gnu-tools-for-stm32.12.3.rel1.win32_1.0.100.202403111256/tools/bin/../lib/gcc/arm-none-eabi/12.3.1/../../../../arm-none-eabi/lib/thumb/v7e-m+fp/hard\libc_nano.a(libc_a-msizer.o)
                0x0800c7da                _malloc_usable_size_r
 .text._raise_r
                0x0800c7ea       0x50 C:/ST/STM32CubeIDE_1.15.1/STM32CubeIDE/plugins/com.st.stm32cube.ide.mcu.externaltools.gnu-tools-for-stm32.12.3.rel1.win32_1.0.100.202403111256/tools/bin/../lib/gcc/arm-none-eabi/12.3.1/../../../../arm-none-eabi/lib/thumb/v7e-m+fp/hard\libc_nano.a(libc_a-signal.o)
                0x0800c7ea                _raise_r
 *fill*         0x0800c83a        0x2 
 .text.raise    0x0800c83c       0x10 C:/ST/STM32CubeIDE_1.15.1/STM32CubeIDE/plugins/com.st.stm32cube.ide.mcu.externaltools.gnu-tools-for-stm32.12.3.rel1.win32_1.0.100.202403111256/tools/bin/../lib/gcc/arm-none-eabi/12.3.1/../../../../arm-none-eabi/lib/thumb/v7e-m+fp/hard\libc_nano.a(libc_a-signal.o)
                0x0800c83c                raise
 .text._kill_r  0x0800c84c       0x24 C:/ST/STM32CubeIDE_1.15.1/STM32CubeIDE/plugins/com.st.stm32cube.ide.mcu.externaltools.gnu-tools-for-stm32.12.3.rel1.win32_1.0.100.202403111256/tools/bin/../lib/gcc/arm-none-eabi/12.3.1/../../../../arm-none-eabi/lib/thumb/v7e-m+fp/hard\libc_nano.a(libc_a-signalr.o)
                0x0800c84c                _kill_r
 .text._getpid_r
                0x0800c870        0x4 C:/ST/STM32CubeIDE_1.15.1/STM32CubeIDE/plugins/com.st.stm32cube.ide.mcu.externaltools.gnu-tools-for-stm32.12.3.rel1.win32_1.0.100.202403111256/tools/bin/../lib/gcc/arm-none-eabi/12.3.1/../../../../arm-none-eabi/lib/thumb/v7e-m+fp/hard\libc_nano.a(libc_a-signalr.o)
                0x0800c870                _getpid_r
 *(.glue_7)
 .glue_7        0x0800c874        0x0 linker stubs
 *(.glue_7t)
 .glue_7t       0x0800c874        0x0 linker stubs
 *(.eh_frame)
 .eh_frame      0x0800c874        0x0 C:/ST/STM32CubeIDE_1.15.1/STM32CubeIDE/plugins/com.st.stm32cube.ide.mcu.externaltools.gnu-tools-for-stm32.12.3.rel1.win32_1.0.100.202403111256/tools/bin/../lib/gcc/arm-none-eabi/12.3.1/thumb/v7e-m+fp/hard/crtbegin.o
 *(.init)
 .init          0x0800c874        0x4 C:/ST/STM32CubeIDE_1.15.1/STM32CubeIDE/plugins/com.st.stm32cube.ide.mcu.externaltools.gnu-tools-for-stm32.12.3.rel1.win32_1.0.100.202403111256/tools/bin/../lib/gcc/arm-none-eabi/12.3.1/thumb/v7e-m+fp/hard/crti.o
                0x0800c874                _init
 .init          0x0800c878        0x8 C:/ST/STM32CubeIDE_1.15.1/STM32CubeIDE/plugins/com.st.stm32cube.ide.mcu.externaltools.gnu-tools-for-stm32.12.3.rel1.win32_1.0.100.202403111256/tools/bin/../lib/gcc/arm-none-eabi/12.3.1/thumb/v7e-m+fp/hard/crtn.o
 *(.fini)
 .fini          0x0800c880        0x4 C:/ST/STM32CubeIDE_1.15.1/STM32CubeIDE/plugins/com.st.stm32cube.ide.mcu.externaltools.gnu-tools-for-stm32.12.3.rel1.win32_1.0.100.202403111256/tools/bin/../lib/gcc/arm-none-eabi/12.3.1/thumb/v7e-m+fp/hard/crti.o
                0x0800c880                _fini
 .fini          0x0800c884        0x8 C:/ST/STM32CubeIDE_1.15.1/STM32CubeIDE/plugins/com.st.stm32cube.ide.mcu.externaltools.gnu-tools-for-stm32.12.3.rel1.win32_1.0.100.202403111256/tools/bin/../lib/gcc/arm-none-eabi/12.3.1/thumb/v7e-m+fp/hard/crtn.o
                0x0800c88c                        . = ALIGN (0x4)
                0x0800c88c                        _etext = .

.vfp11_veneer   0x0800c88c        0x0
 .vfp11_veneer  0x0800c88c        0x0 linker stubs

.v4_bx          0x0800c88c        0x0
 .v4_bx         0x0800c88c        0x0 linker stubs

.iplt           0x0800c88c        0x0
 .iplt          0x0800c88c        0x0 C:/ST/STM32CubeIDE_1.15.1/STM32CubeIDE/plugins/com.st.stm32cube.ide.mcu.externaltools.gnu-tools-for-stm32.12.3.rel1.win32_1.0.100.202403111256/tools/bin/../lib/gcc/arm-none-eabi/12.3.1/thumb/v7e-m+fp/hard/crtbegin.o

.rodata         0x0800c890     0x2308
                0x0800c890                        . = ALIGN (0x4)
 *(.rodata)
 .rodata        0x0800c890       0x19 ./Core/CMDLine/ACK_packet/ACKsend_packet.o
 *fill*         0x0800c8a9        0x3 
 .rodata        0x0800c8ac     0x1994 ./Core/CMDLine/command.o
 .rodata        0x0800e240       0x98 ./Core/CPOC/CPOC.o
 .rodata        0x0800e2d8      0x476 ./ThirdParty/libfsp/fsp.o
 *(.rodata*)
 *fill*         0x0800e74e        0x2 
 .rodata.AHBPrescTable
                0x0800e750       0x10 ./Core/Src/system_stm32f4xx.o
                0x0800e750                AHBPrescTable
 .rodata.APBPrescTable
                0x0800e760        0x8 ./Core/Src/system_stm32f4xx.o
                0x0800e760                APBPrescTable
 .rodata._ctype_
                0x0800e768      0x101 C:/ST/STM32CubeIDE_1.15.1/STM32CubeIDE/plugins/com.st.stm32cube.ide.mcu.externaltools.gnu-tools-for-stm32.12.3.rel1.win32_1.0.100.202403111256/tools/bin/../lib/gcc/arm-none-eabi/12.3.1/../../../../arm-none-eabi/lib/thumb/v7e-m+fp/hard\libc_nano.a(libc_a-ctype_.o)
                0x0800e768                _ctype_
 .rodata._printf_float.str1.1
                0x0800e869       0x12 C:/ST/STM32CubeIDE_1.15.1/STM32CubeIDE/plugins/com.st.stm32cube.ide.mcu.externaltools.gnu-tools-for-stm32.12.3.rel1.win32_1.0.100.202403111256/tools/bin/../lib/gcc/arm-none-eabi/12.3.1/../../../../arm-none-eabi/lib/thumb/v7e-m+fp/hard\libc_nano.a(libc_a-nano-vfprintf_float.o)
 .rodata._printf_i.str1.1
                0x0800e87b       0x22 C:/ST/STM32CubeIDE_1.15.1/STM32CubeIDE/plugins/com.st.stm32cube.ide.mcu.externaltools.gnu-tools-for-stm32.12.3.rel1.win32_1.0.100.202403111256/tools/bin/../lib/gcc/arm-none-eabi/12.3.1/../../../../arm-none-eabi/lib/thumb/v7e-m+fp/hard\libc_nano.a(libc_a-nano-vfprintf_i.o)
 .rodata._scanf_float.str1.1
                0x0800e89d        0x5 C:/ST/STM32CubeIDE_1.15.1/STM32CubeIDE/plugins/com.st.stm32cube.ide.mcu.externaltools.gnu-tools-for-stm32.12.3.rel1.win32_1.0.100.202403111256/tools/bin/../lib/gcc/arm-none-eabi/12.3.1/../../../../arm-none-eabi/lib/thumb/v7e-m+fp/hard\libc_nano.a(libc_a-nano-vfscanf_float.o)
                                  0x6 (size before relaxing)
 .rodata._dtoa_r.str1.1
                0x0800e8a2       0x8d C:/ST/STM32CubeIDE_1.15.1/STM32CubeIDE/plugins/com.st.stm32cube.ide.mcu.externaltools.gnu-tools-for-stm32.12.3.rel1.win32_1.0.100.202403111256/tools/bin/../lib/gcc/arm-none-eabi/12.3.1/../../../../arm-none-eabi/lib/thumb/v7e-m+fp/hard\libc_nano.a(libc_a-dtoa.o)
                                 0x8f (size before relaxing)
 .rodata._Balloc.str1.1
                0x0800e92f       0x59 C:/ST/STM32CubeIDE_1.15.1/STM32CubeIDE/plugins/com.st.stm32cube.ide.mcu.externaltools.gnu-tools-for-stm32.12.3.rel1.win32_1.0.100.202403111256/tools/bin/../lib/gcc/arm-none-eabi/12.3.1/../../../../arm-none-eabi/lib/thumb/v7e-m+fp/hard\libc_nano.a(libc_a-mprec.o)
                                 0x70 (size before relaxing)
 .rodata.__multadd.str1.1
                0x0800e988       0x11 C:/ST/STM32CubeIDE_1.15.1/STM32CubeIDE/plugins/com.st.stm32cube.ide.mcu.externaltools.gnu-tools-for-stm32.12.3.rel1.win32_1.0.100.202403111256/tools/bin/../lib/gcc/arm-none-eabi/12.3.1/../../../../arm-none-eabi/lib/thumb/v7e-m+fp/hard\libc_nano.a(libc_a-mprec.o)
 .rodata.p05.0  0x0800e988        0xc C:/ST/STM32CubeIDE_1.15.1/STM32CubeIDE/plugins/com.st.stm32cube.ide.mcu.externaltools.gnu-tools-for-stm32.12.3.rel1.win32_1.0.100.202403111256/tools/bin/../lib/gcc/arm-none-eabi/12.3.1/../../../../arm-none-eabi/lib/thumb/v7e-m+fp/hard\libc_nano.a(libc_a-mprec.o)
 *fill*         0x0800e994        0x4 
 .rodata.__mprec_bigtens
                0x0800e998       0x28 C:/ST/STM32CubeIDE_1.15.1/STM32CubeIDE/plugins/com.st.stm32cube.ide.mcu.externaltools.gnu-tools-for-stm32.12.3.rel1.win32_1.0.100.202403111256/tools/bin/../lib/gcc/arm-none-eabi/12.3.1/../../../../arm-none-eabi/lib/thumb/v7e-m+fp/hard\libc_nano.a(libc_a-mprec.o)
                0x0800e998                __mprec_bigtens
 .rodata.__mprec_tens
                0x0800e9c0       0xc8 C:/ST/STM32CubeIDE_1.15.1/STM32CubeIDE/plugins/com.st.stm32cube.ide.mcu.externaltools.gnu-tools-for-stm32.12.3.rel1.win32_1.0.100.202403111256/tools/bin/../lib/gcc/arm-none-eabi/12.3.1/../../../../arm-none-eabi/lib/thumb/v7e-m+fp/hard\libc_nano.a(libc_a-mprec.o)
                0x0800e9c0                __mprec_tens
 .rodata._strtod_l.str1.1
                0x0800ea88        0x2 C:/ST/STM32CubeIDE_1.15.1/STM32CubeIDE/plugins/com.st.stm32cube.ide.mcu.externaltools.gnu-tools-for-stm32.12.3.rel1.win32_1.0.100.202403111256/tools/bin/../lib/gcc/arm-none-eabi/12.3.1/../../../../arm-none-eabi/lib/thumb/v7e-m+fp/hard\libc_nano.a(libc_a-strtod.o)
                                  0xf (size before relaxing)
 *fill*         0x0800ea8a        0x2 
 .rodata.fpinan.0
                0x0800ea8c       0x14 C:/ST/STM32CubeIDE_1.15.1/STM32CubeIDE/plugins/com.st.stm32cube.ide.mcu.externaltools.gnu-tools-for-stm32.12.3.rel1.win32_1.0.100.202403111256/tools/bin/../lib/gcc/arm-none-eabi/12.3.1/../../../../arm-none-eabi/lib/thumb/v7e-m+fp/hard\libc_nano.a(libc_a-strtod.o)
 .rodata.fpi.1  0x0800eaa0       0x14 C:/ST/STM32CubeIDE_1.15.1/STM32CubeIDE/plugins/com.st.stm32cube.ide.mcu.externaltools.gnu-tools-for-stm32.12.3.rel1.win32_1.0.100.202403111256/tools/bin/../lib/gcc/arm-none-eabi/12.3.1/../../../../arm-none-eabi/lib/thumb/v7e-m+fp/hard\libc_nano.a(libc_a-strtod.o)
 *fill*         0x0800eab4        0x4 
 .rodata.tinytens
                0x0800eab8       0x28 C:/ST/STM32CubeIDE_1.15.1/STM32CubeIDE/plugins/com.st.stm32cube.ide.mcu.externaltools.gnu-tools-for-stm32.12.3.rel1.win32_1.0.100.202403111256/tools/bin/../lib/gcc/arm-none-eabi/12.3.1/../../../../arm-none-eabi/lib/thumb/v7e-m+fp/hard\libc_nano.a(libc_a-strtod.o)
 .rodata._svfprintf_r.str1.1
                0x0800eae0       0x11 C:/ST/STM32CubeIDE_1.15.1/STM32CubeIDE/plugins/com.st.stm32cube.ide.mcu.externaltools.gnu-tools-for-stm32.12.3.rel1.win32_1.0.100.202403111256/tools/bin/../lib/gcc/arm-none-eabi/12.3.1/../../../../arm-none-eabi/lib/thumb/v7e-m+fp/hard\libc_nano.a(libc_a-nano-svfprintf.o)
 .rodata._vfprintf_r.str1.1
                0x0800eaf1       0x11 C:/ST/STM32CubeIDE_1.15.1/STM32CubeIDE/plugins/com.st.stm32cube.ide.mcu.externaltools.gnu-tools-for-stm32.12.3.rel1.win32_1.0.100.202403111256/tools/bin/../lib/gcc/arm-none-eabi/12.3.1/../../../../arm-none-eabi/lib/thumb/v7e-m+fp/hard\libc_nano.a(libc_a-nano-vfprintf.o)
 .rodata._setlocale_r.str1.1
                0x0800eaf1        0x8 C:/ST/STM32CubeIDE_1.15.1/STM32CubeIDE/plugins/com.st.stm32cube.ide.mcu.externaltools.gnu-tools-for-stm32.12.3.rel1.win32_1.0.100.202403111256/tools/bin/../lib/gcc/arm-none-eabi/12.3.1/../../../../arm-none-eabi/lib/thumb/v7e-m+fp/hard\libc_nano.a(libc_a-locale.o)
                                  0x9 (size before relaxing)
 .rodata.str1.1
                0x0800eaf9        0x2 C:/ST/STM32CubeIDE_1.15.1/STM32CubeIDE/plugins/com.st.stm32cube.ide.mcu.externaltools.gnu-tools-for-stm32.12.3.rel1.win32_1.0.100.202403111256/tools/bin/../lib/gcc/arm-none-eabi/12.3.1/../../../../arm-none-eabi/lib/thumb/v7e-m+fp/hard\libc_nano.a(libc_a-locale.o)
 .rodata.__assert_func.str1.1