../Drivers/STM32F4xx_HAL_Driver/Inc/stm32f4xx_ll_gpio.h:881:22:LL_GPIO_SetOutputPin	16	static
../Drivers/STM32F4xx_HAL_Driver/Inc/stm32f4xx_ll_gpio.h:910:22:LL_GPIO_ResetOutputPin	16	static
../Core/CMDLine/cmd_PMU/pmu_cmd.c:44:6:PMU_create_task	8	static
../Core/CMDLine/cmd_PMU/pmu_cmd.c:56:6:PMU_update_task	24	static
../Core/CMDLine/cmd_PMU/pmu_cmd.c:105:5:Cmd_pmu_get_temp	544	static
../Core/CMDLine/cmd_PMU/pmu_cmd.c:151:5:Cmd_pmu_bat_vol	544	static
../Core/CMDLine/cmd_PMU/pmu_cmd.c:197:5:Cmd_pmu_parag_in	544	static
../Core/CMDLine/cmd_PMU/pmu_cmd.c:244:5:Cmd_pmu_parag_out	544	static
../Core/CMDLine/cmd_PMU/pmu_cmd.c:290:5:Cmd_pmu_set_temppoint	560	static
../Core/CMDLine/cmd_PMU/pmu_cmd.c:347:5:Cmd_pmu_set_output	560	static
../Core/CMDLine/cmd_PMU/pmu_cmd.c:401:5:Cmd_pmu_set_pwm	560	static
../Core/CMDLine/cmd_PMU/pmu_cmd.c:454:5:Cmd_pmu_get_all	544	static
