../Drivers/STM32F4xx_HAL_Driver/Inc/stm32f4xx_ll_usart.h:1792:26:LL_USART_IsActiveFlag_RXNE	16	static
../Drivers/STM32F4xx_HAL_Driver/Inc/stm32f4xx_ll_usart.h:1814:26:LL_USART_IsActiveFlag_TXE	16	static
../Drivers/STM32F4xx_HAL_Driver/Inc/stm32f4xx_ll_usart.h:2035:22:LL_USART_EnableIT_RXNE	40	static,ignoring_inline_asm
../Drivers/STM32F4xx_HAL_Driver/Inc/stm32f4xx_ll_usart.h:2057:22:LL_USART_EnableIT_TXE	40	static,ignoring_inline_asm
../Drivers/STM32F4xx_HAL_Driver/Inc/stm32f4xx_ll_usart.h:2096:22:LL_USART_EnableIT_ERROR	40	static,ignoring_inline_asm
../Drivers/STM32F4xx_HAL_Driver/Inc/stm32f4xx_ll_usart.h:2131:22:LL_USART_DisableIT_RXNE	40	static,ignoring_inline_asm
../Drivers/STM32F4xx_HAL_Driver/Inc/stm32f4xx_ll_usart.h:2153:22:LL_USART_DisableIT_TXE	40	static,ignoring_inline_asm
../Drivers/STM32F4xx_HAL_Driver/Inc/stm32f4xx_ll_usart.h:2227:26:LL_USART_IsEnabledIT_RXNE	16	static
../Drivers/STM32F4xx_HAL_Driver/Inc/stm32f4xx_ll_usart.h:2249:26:LL_USART_IsEnabledIT_TXE	16	static
../Drivers/STM32F4xx_HAL_Driver/Inc/stm32f4xx_ll_usart.h:2403:25:LL_USART_ReceiveData8	16	static
../Drivers/STM32F4xx_HAL_Driver/Inc/stm32f4xx_ll_usart.h:2426:22:LL_USART_TransmitData8	16	static
../BSP/UART/uart.c:41:6:Ringbuf_init	8	static
../BSP/UART/uart.c:57:6:store_char	24	static
../BSP/UART/uart.c:72:12:check_for	32	static
../BSP/UART/uart.c:105:5:Uart_read	24	static
../BSP/UART/uart.c:128:6:Uart_write	24	static
../BSP/UART/uart.c:156:5:IsDataAvailable	24	static
../BSP/UART/uart.c:169:6:Uart_sendstring	16	static
../BSP/UART/uart.c:174:6:GetDataFromBuffer	56	static
../BSP/UART/uart.c:231:6:Uart_flush	24	static
../BSP/UART/uart.c:244:5:Uart_peek	24	static
../BSP/UART/uart.c:262:5:Copy_upto	40	static
../BSP/UART/uart.c:303:5:Get_after	32	static
../BSP/UART/uart.c:315:5:Wait_for	32	static
../BSP/UART/uart.c:363:6:Uart_isr	32	static
