../Drivers/STM32F4xx_HAL_Driver/Inc/stm32f4xx_ll_gpio.h:910:22:LL_GPIO_ResetOutputPin	16	static
../Core/CMDLine/cmd_PDU/pdu_cmd.c:45:6:PDU_create_task	8	static
../Core/CMDLine/cmd_PDU/pdu_cmd.c:55:6:PDU_update_task	24	static
../Core/CMDLine/cmd_PDU/pdu_cmd.c:105:5:Cmd_pdu_set_channel	560	static
../Core/CMDLine/cmd_PDU/pdu_cmd.c:161:5:Cmd_pdu_set_buck	560	static
../Core/CMDLine/cmd_PDU/pdu_cmd.c:216:5:Cmd_pdu_set_all	560	static
../Core/CMDLine/cmd_PDU/pdu_cmd.c:268:5:Cmd_pdu_get_channel	560	static
../Core/CMDLine/cmd_PDU/pdu_cmd.c:320:5:Cmd_pdu_get_buck	560	static
../Core/CMDLine/cmd_PDU/pdu_cmd.c:372:5:Cmd_pdu_get_all	544	static
