../Drivers/STM32F4xx_HAL_Driver/Inc/stm32f4xx_ll_gpio.h:910:22:LL_GPIO_ResetOutputPin	16	static
../Core/CMDLine/cmd_PDU/pdu_cmd.c:45:6:PDU_create_task	8	static
../Core/CMDLine/cmd_PDU/pdu_cmd.c:54:6:PDU_update_task	24	static
../Core/CMDLine/cmd_PDU/pdu_cmd.c:86:6:pdu_create_task	8	static
../Core/CMDLine/cmd_PDU/pdu_cmd.c:96:5:Cmd_pdu_set_channel	560	static
../Core/CMDLine/cmd_PDU/pdu_cmd.c:152:5:Cmd_pdu_set_buck	560	static
../Core/CMDLine/cmd_PDU/pdu_cmd.c:207:5:Cmd_pdu_set_all	560	static
../Core/CMDLine/cmd_PDU/pdu_cmd.c:259:5:Cmd_pdu_get_channel	560	static
../Core/CMDLine/cmd_PDU/pdu_cmd.c:311:5:Cmd_pdu_get_buck	560	static
../Core/CMDLine/cmd_PDU/pdu_cmd.c:363:5:Cmd_pdu_get_all	544	static
