../Drivers/STM32F4xx_HAL_Driver/Inc/stm32f4xx_ll_gpio.h:881:22:LL_GPIO_SetOutputPin	16	static
../Core/CMDLine/cmd_IOU/iou_cmd.c:208:5:Cmd_iou_set_temp	552	static
../Core/CMDLine/cmd_IOU/iou_cmd.c:254:5:Cmd_iou_get_temp	552	static
../Core/CMDLine/cmd_IOU/iou_cmd.c:293:5:Cmd_iou_temp_setpoint	544	static
../Core/CMDLine/cmd_IOU/iou_cmd.c:327:5:Cmd_iou_tec_ena	544	static
../Core/CMDLine/cmd_IOU/iou_cmd.c:361:5:Cmd_iou_tec_dis	544	static
../Core/CMDLine/cmd_IOU/iou_cmd.c:395:5:Cmd_iou_tec_ena_auto	544	static
../Core/CMDLine/cmd_IOU/iou_cmd.c:429:5:Cmd_iou_tec_dis_auto	544	static
../Core/CMDLine/cmd_IOU/iou_cmd.c:464:5:Cmd_iou_tec_set_output	552	static
../Core/CMDLine/cmd_IOU/iou_cmd.c:508:5:Cmd_iou_tec_auto_vol	552	static
../Core/CMDLine/cmd_IOU/iou_cmd.c:546:5:Cmd_iou_tec_status	536	static
../Core/CMDLine/cmd_IOU/iou_cmd.c:576:5:Cmd_iou_tec_log_ena	536	static
../Core/CMDLine/cmd_IOU/iou_cmd.c:606:5:Cmd_iou_tec_log_dis	536	static
../Core/CMDLine/cmd_IOU/iou_cmd.c:636:5:Cmd_iou_ringled_mode	544	static
../Core/CMDLine/cmd_IOU/iou_cmd.c:671:5:Cmd_iou_irled_set_bright	544	static
../Core/CMDLine/cmd_IOU/iou_cmd.c:706:5:Cmd_iou_irled_get_bright	536	static
