../Drivers/STM32F4xx_HAL_Driver/Inc/stm32f4xx_ll_gpio.h:881:22:LL_GPIO_SetOutputPin	16	static
../Core/CMDLine/cmd_IOU/iou_cmd.c:209:5:Cmd_iou_set_temp	552	static
../Core/CMDLine/cmd_IOU/iou_cmd.c:273:5:Cmd_iou_get_temp	552	static
../Core/CMDLine/cmd_IOU/iou_cmd.c:326:5:Cmd_iou_temp_setpoint	552	static
../Core/CMDLine/cmd_IOU/iou_cmd.c:371:5:Cmd_iou_tec_ena	552	static
../Core/CMDLine/cmd_IOU/iou_cmd.c:416:5:Cmd_iou_tec_dis	552	static
../Core/CMDLine/cmd_IOU/iou_cmd.c:463:5:Cmd_iou_tec_ena_auto	552	static
../Core/CMDLine/cmd_IOU/iou_cmd.c:508:5:Cmd_iou_tec_dis_auto	552	static
../Core/CMDLine/cmd_IOU/iou_cmd.c:553:5:Cmd_iou_tec_set_output	560	static
../Core/CMDLine/cmd_IOU/iou_cmd.c:607:5:Cmd_iou_tec_auto_vol	552	static
../Core/CMDLine/cmd_IOU/iou_cmd.c:657:5:Cmd_iou_tec_status	536	static
../Core/CMDLine/cmd_IOU/iou_cmd.c:698:5:Cmd_iou_tec_log_ena	536	static
../Core/CMDLine/cmd_IOU/iou_cmd.c:739:5:Cmd_iou_tec_log_dis	536	static
../Core/CMDLine/cmd_IOU/iou_cmd.c:781:5:Cmd_iou_ringled_setRGB	560	static
../Core/CMDLine/cmd_IOU/iou_cmd.c:835:5:Cmd_iou_ringled_getRGB	536	static
../Core/CMDLine/cmd_IOU/iou_cmd.c:877:5:Cmd_iou_irled_set_bright	552	static
../Core/CMDLine/cmd_IOU/iou_cmd.c:923:5:Cmd_iou_irled_get_bright	536	static
../Core/CMDLine/cmd_IOU/iou_cmd.c:965:5:Cmd_iou_get_accel	536	static
../Core/CMDLine/cmd_IOU/iou_cmd.c:1006:5:Cmd_iou_get_press	536	static
../Core/CMDLine/cmd_IOU/iou_cmd.c:1049:5:Cmd_iou_get_parameters	536	static
