../Drivers/STM32F4xx_HAL_Driver/Inc/stm32f4xx_ll_gpio.h:881:22:LL_GPIO_SetOutputPin	16	static
../Core/CMDLine/cmd_IOU/iou_cmd.c:184:6:IOU_create_task	8	static
../Core/CMDLine/cmd_IOU/iou_cmd.c:197:6:IOU_update_task	24	static
../Core/CMDLine/cmd_IOU/iou_cmd.c:229:6:iou_create_task	8	static
../Core/CMDLine/cmd_IOU/iou_cmd.c:290:5:Cmd_iou_set_temp	560	static
../Core/CMDLine/cmd_IOU/iou_cmd.c:362:5:Cmd_iou_get_temp	560	static
../Core/CMDLine/cmd_IOU/iou_cmd.c:420:5:Cmd_iou_temp_setpoint	560	static
../Core/CMDLine/cmd_IOU/iou_cmd.c:470:5:Cmd_iou_tec_ena	560	static
../Core/CMDLine/cmd_IOU/iou_cmd.c:520:5:Cmd_iou_tec_dis	560	static
../Core/CMDLine/cmd_IOU/iou_cmd.c:572:5:Cmd_iou_tec_ena_auto	560	static
../Core/CMDLine/cmd_IOU/iou_cmd.c:622:5:Cmd_iou_tec_dis_auto	560	static
../Core/CMDLine/cmd_IOU/iou_cmd.c:672:5:Cmd_iou_tec_set_output	560	static
../Core/CMDLine/cmd_IOU/iou_cmd.c:731:5:Cmd_iou_tec_auto_vol	560	static
../Core/CMDLine/cmd_IOU/iou_cmd.c:786:5:Cmd_iou_tec_status	544	static
../Core/CMDLine/cmd_IOU/iou_cmd.c:832:5:Cmd_iou_tec_log_ena	544	static
../Core/CMDLine/cmd_IOU/iou_cmd.c:878:5:Cmd_iou_tec_log_dis	544	static
../Core/CMDLine/cmd_IOU/iou_cmd.c:925:5:Cmd_iou_ringled_setRGB	560	static
../Core/CMDLine/cmd_IOU/iou_cmd.c:984:5:Cmd_iou_ringled_getRGB	544	static
../Core/CMDLine/cmd_IOU/iou_cmd.c:1031:5:Cmd_iou_irled_set_bright	560	static
../Core/CMDLine/cmd_IOU/iou_cmd.c:1082:5:Cmd_iou_irled_get_bright	544	static
../Core/CMDLine/cmd_IOU/iou_cmd.c:1129:5:Cmd_iou_get_accel	544	static
../Core/CMDLine/cmd_IOU/iou_cmd.c:1175:5:Cmd_iou_get_press	544	static
../Core/CMDLine/cmd_IOU/iou_cmd.c:1223:5:Cmd_iou_get_parameters	544	static
