../Drivers/STM32F4xx_HAL_Driver/Inc/stm32f4xx_ll_gpio.h:881:22:LL_GPIO_SetOutputPin	16	static
../Core/CMDLine/cmd_IOU/iou_cmd.c:184:6:IOU_create_task	8	static
../Core/CMDLine/cmd_IOU/iou_cmd.c:202:6:IOU_update_task	24	static
../Core/CMDLine/cmd_IOU/iou_cmd.c:306:5:Cmd_iou_set_temp	560	static
../Core/CMDLine/cmd_IOU/iou_cmd.c:384:5:Cmd_iou_get_temp	560	static
../Core/CMDLine/cmd_IOU/iou_cmd.c:449:5:Cmd_iou_temp_setpoint	560	static
../Core/CMDLine/cmd_IOU/iou_cmd.c:507:5:Cmd_iou_tec_ena	560	static
../Core/CMDLine/cmd_IOU/iou_cmd.c:565:5:Cmd_iou_tec_dis	560	static
../Core/CMDLine/cmd_IOU/iou_cmd.c:623:5:Cmd_iou_tec_ena_auto	560	static
../Core/CMDLine/cmd_IOU/iou_cmd.c:681:5:Cmd_iou_tec_dis_auto	560	static
../Core/CMDLine/cmd_IOU/iou_cmd.c:739:5:Cmd_iou_tec_set_output	560	static
../Core/CMDLine/cmd_IOU/iou_cmd.c:806:5:Cmd_iou_tec_auto_vol	560	static
../Core/CMDLine/cmd_IOU/iou_cmd.c:869:5:Cmd_iou_tec_status	544	static
../Core/CMDLine/cmd_IOU/iou_cmd.c:923:5:Cmd_iou_tec_log_ena	544	static
../Core/CMDLine/cmd_IOU/iou_cmd.c:977:5:Cmd_iou_tec_log_dis	544	static
../Core/CMDLine/cmd_IOU/iou_cmd.c:1032:5:Cmd_iou_ringled_setRGB	560	static
../Core/CMDLine/cmd_IOU/iou_cmd.c:1099:5:Cmd_iou_ringled_getRGB	544	static
../Core/CMDLine/cmd_IOU/iou_cmd.c:1153:5:Cmd_iou_irled_set_bright	560	static
../Core/CMDLine/cmd_IOU/iou_cmd.c:1212:5:Cmd_iou_irled_get_bright	544	static
../Core/CMDLine/cmd_IOU/iou_cmd.c:1267:5:Cmd_iou_get_accel	544	static
../Core/CMDLine/cmd_IOU/iou_cmd.c:1321:5:Cmd_iou_get_press	544	static
../Core/CMDLine/cmd_IOU/iou_cmd.c:1377:5:Cmd_iou_get_parameters	544	static
