../Drivers/STM32F4xx_HAL_Driver/Inc/stm32f4xx_ll_gpio.h:881:22:LL_GPIO_SetOutputPin	16	static
../Core/CMDLine/cmd_IOU/iou_cmd.c:184:6:IOU_create_task	8	static
../Core/CMDLine/cmd_IOU/iou_cmd.c:202:6:IOU_update_task	24	static
../Core/CMDLine/cmd_IOU/iou_cmd.c:247:6:iou_create_task	8	static
../Core/CMDLine/cmd_IOU/iou_cmd.c:308:5:Cmd_iou_set_temp	560	static
../Core/CMDLine/cmd_IOU/iou_cmd.c:380:5:Cmd_iou_get_temp	560	static
../Core/CMDLine/cmd_IOU/iou_cmd.c:438:5:Cmd_iou_temp_setpoint	560	static
../Core/CMDLine/cmd_IOU/iou_cmd.c:488:5:Cmd_iou_tec_ena	560	static
../Core/CMDLine/cmd_IOU/iou_cmd.c:538:5:Cmd_iou_tec_dis	560	static
../Core/CMDLine/cmd_IOU/iou_cmd.c:590:5:Cmd_iou_tec_ena_auto	560	static
../Core/CMDLine/cmd_IOU/iou_cmd.c:640:5:Cmd_iou_tec_dis_auto	560	static
../Core/CMDLine/cmd_IOU/iou_cmd.c:690:5:Cmd_iou_tec_set_output	560	static
../Core/CMDLine/cmd_IOU/iou_cmd.c:749:5:Cmd_iou_tec_auto_vol	560	static
../Core/CMDLine/cmd_IOU/iou_cmd.c:804:5:Cmd_iou_tec_status	544	static
../Core/CMDLine/cmd_IOU/iou_cmd.c:850:5:Cmd_iou_tec_log_ena	544	static
../Core/CMDLine/cmd_IOU/iou_cmd.c:896:5:Cmd_iou_tec_log_dis	544	static
../Core/CMDLine/cmd_IOU/iou_cmd.c:943:5:Cmd_iou_ringled_setRGB	560	static
../Core/CMDLine/cmd_IOU/iou_cmd.c:1002:5:Cmd_iou_ringled_getRGB	544	static
../Core/CMDLine/cmd_IOU/iou_cmd.c:1049:5:Cmd_iou_irled_set_bright	560	static
../Core/CMDLine/cmd_IOU/iou_cmd.c:1100:5:Cmd_iou_irled_get_bright	544	static
../Core/CMDLine/cmd_IOU/iou_cmd.c:1147:5:Cmd_iou_get_accel	544	static
../Core/CMDLine/cmd_IOU/iou_cmd.c:1193:5:Cmd_iou_get_press	544	static
../Core/CMDLine/cmd_IOU/iou_cmd.c:1241:5:Cmd_iou_get_parameters	544	static
