../Drivers/CMSIS/Include/core_cm4.h:1938:34:__NVIC_SystemReset	4	static,ignoring_inline_asm
../Drivers/STM32F4xx_HAL_Driver/Inc/stm32f4xx_ll_gpio.h:852:26:LL_GPIO_IsOutputPinSet	16	static
../Drivers/STM32F4xx_HAL_Driver/Inc/stm32f4xx_ll_gpio.h:881:22:LL_GPIO_SetOutputPin	16	static
../Drivers/STM32F4xx_HAL_Driver/Inc/stm32f4xx_ll_gpio.h:910:22:LL_GPIO_ResetOutputPin	16	static
../Core/CMDLine/command.c:155:6:command_init	16	static
../Core/CMDLine/command.c:192:13:command_task_update	16	static
../Core/CMDLine/command.c:239:5:Cmd_help	24	static
../Core/CMDLine/command.c:262:5:Cmd_help_all	24	static
../Core/CMDLine/command.c:310:5:Cmd_help_cpoc	24	static
../Core/CMDLine/command.c:338:5:Cmd_help_pmu	24	static
../Core/CMDLine/command.c:365:5:Cmd_help_pdu	24	static
../Core/CMDLine/command.c:393:5:Cmd_help_cam	24	static
../Core/CMDLine/command.c:421:5:Cmd_help_iou	24	static
../Core/CMDLine/command.c:454:5:NotYetDefine	16	static
../Core/CMDLine/command.c:460:5:Cmd_splash	16	static
../Core/CMDLine/command.c:466:5:Cmd_status_now	160	static
../Core/CMDLine/command.c:503:5:Cmd_memory_usage	160	static,ignoring_inline_asm
../Core/CMDLine/command.c:523:5:Cmd_time_get	160	static
../Core/CMDLine/command.c:534:5:Cmd_time_set	160	static
../Core/CMDLine/command.c:558:5:Cmd_cpoc_reset	16	static
../Core/CMDLine/command.c:584:5:Cmd_rf_ena	16	static
../Core/CMDLine/command.c:591:5:Cmd_rf_dis	16	static
../Core/CMDLine/command.c:601:6:command_create_task	8	static
../Core/CMDLine/command.c:606:6:command_send_splash	8	static
