../Drivers/CMSIS/Include/core_cm4.h:1938:34:__NVIC_SystemReset	4	static,ignoring_inline_asm
../Drivers/STM32F4xx_HAL_Driver/Inc/stm32f4xx_ll_usart.h:410:22:LL_USART_Enable	16	static
../Drivers/STM32F4xx_HAL_Driver/Inc/stm32f4xx_ll_usart.h:424:22:LL_USART_Disable	16	static
../Drivers/STM32F4xx_HAL_Driver/Inc/stm32f4xx_ll_usart.h:1020:22:LL_USART_SetBaudRate	288	static
../Drivers/STM32F4xx_HAL_Driver/Inc/stm32f4xx_ll_gpio.h:852:26:LL_GPIO_IsOutputPinSet	16	static
../Drivers/STM32F4xx_HAL_Driver/Inc/stm32f4xx_ll_gpio.h:881:22:LL_GPIO_SetOutputPin	16	static
../Drivers/STM32F4xx_HAL_Driver/Inc/stm32f4xx_ll_gpio.h:910:22:LL_GPIO_ResetOutputPin	16	static
../Core/CMDLine/command.c:181:6:command_init	16	static
../Core/CMDLine/command.c:247:13:command_task_update	16	static
../Core/CMDLine/command.c:274:6:process_command	24	static
../Core/CMDLine/command.c:323:5:Cmd_help	24	static
../Core/CMDLine/command.c:345:5:Cmd_help_all	24	static
../Core/CMDLine/command.c:393:5:Cmd_help_cpoc	24	static
../Core/CMDLine/command.c:422:5:Cmd_help_pmu	24	static
../Core/CMDLine/command.c:450:5:Cmd_help_pdu	24	static
../Core/CMDLine/command.c:479:5:Cmd_help_cam	24	static
../Core/CMDLine/command.c:508:5:Cmd_help_iou	24	static
../Core/CMDLine/command.c:542:5:NotYetDefine	24	static
../Core/CMDLine/command.c:549:5:Cmd_splash	16	static
../Core/CMDLine/command.c:555:5:Cmd_status_now	168	static
../Core/CMDLine/command.c:597:5:Cmd_set_byte_rs422	72	static
../Core/CMDLine/command.c:623:5:Cmd_set_baudrate_rs422	96	static
../Core/CMDLine/command.c:660:5:Cmd_set_fre_rs422	72	static
../Core/CMDLine/command.c:726:5:Cmd_auto_report_ena	24	static
../Core/CMDLine/command.c:743:5:Cmd_rs422_report_ena	72	static
../Core/CMDLine/command.c:760:5:Cmd_rf_report_ena	72	static
../Core/CMDLine/command.c:778:5:Cmd_swap_byte_ena	24	static
../Core/CMDLine/command.c:793:5:Cmd_swap_byte_dis	24	static
../Core/CMDLine/command.c:814:5:Cmd_memory_usage	168	static,ignoring_inline_asm
../Core/CMDLine/command.c:835:5:Cmd_time_get	160	static
../Core/CMDLine/command.c:847:5:Cmd_time_set	160	static
../Core/CMDLine/command.c:871:5:Cmd_cpoc_reset	16	static
../Core/CMDLine/command.c:897:5:Cmd_rf_ena	24	static
../Core/CMDLine/command.c:906:5:Cmd_rf_dis	24	static
../Core/CMDLine/command.c:915:5:Cmd_start_positioining	24	static
../Core/CMDLine/command.c:925:5:Cmd_format_gps	24	static
../Core/CMDLine/command.c:953:6:command_create_task	8	static
../Core/CMDLine/command.c:958:6:command_send_splash	8	static
