../Drivers/CMSIS/Include/core_cm4.h:1938:34:__NVIC_SystemReset	4	static,ignoring_inline_asm
../Drivers/STM32F4xx_HAL_Driver/Inc/stm32f4xx_ll_gpio.h:881:22:LL_GPIO_SetOutputPin	16	static
../Drivers/STM32F4xx_HAL_Driver/Inc/stm32f4xx_ll_gpio.h:910:22:LL_GPIO_ResetOutputPin	16	static
../Core/CMDLine/command.c:135:6:command_init	16	static
../Core/CMDLine/command.c:172:13:command_task_update	16	static
../Core/CMDLine/command.c:219:5:Cmd_help	24	static
../Core/CMDLine/command.c:242:5:Cmd_help_all	24	static
../Core/CMDLine/command.c:290:5:Cmd_help_cpoc	24	static
../Core/CMDLine/command.c:318:5:Cmd_help_pmu	24	static
../Core/CMDLine/command.c:345:5:Cmd_help_pdu	24	static
../Core/CMDLine/command.c:373:5:Cmd_help_cam	24	static
../Core/CMDLine/command.c:401:5:Cmd_help_iou	24	static
../Core/CMDLine/command.c:434:5:NotYetDefine	16	static
../Core/CMDLine/command.c:440:5:Cmd_splash	16	static
../Core/CMDLine/command.c:446:5:Cmd_status_now	160	static
../Core/CMDLine/command.c:477:5:Cmd_time_get	160	static
../Core/CMDLine/command.c:488:5:Cmd_time_set	160	static
../Core/CMDLine/command.c:512:5:Cmd_cpoc_reset	16	static
../Core/CMDLine/command.c:518:5:Cmd_rf_ena	16	static
../Core/CMDLine/command.c:525:5:Cmd_rf_dis	16	static
../Core/CMDLine/command.c:535:6:command_create_task	8	static
../Core/CMDLine/command.c:540:6:command_send_splash	8	static
