../Drivers/CMSIS/Include/core_cm4.h:1938:34:__NVIC_SystemReset	4	static,ignoring_inline_asm
../Drivers/STM32F4xx_HAL_Driver/Inc/stm32f4xx_ll_gpio.h:852:26:LL_GPIO_IsOutputPinSet	16	static
../Drivers/STM32F4xx_HAL_Driver/Inc/stm32f4xx_ll_gpio.h:881:22:LL_GPIO_SetOutputPin	16	static
../Drivers/STM32F4xx_HAL_Driver/Inc/stm32f4xx_ll_gpio.h:910:22:LL_GPIO_ResetOutputPin	16	static
../Core/CMDLine/command.c:168:6:command_init	16	static
../Core/CMDLine/command.c:222:13:command_task_update	16	static
../Core/CMDLine/command.c:243:6:process_command	24	static
../Core/CMDLine/command.c:290:5:Cmd_help	24	static
../Core/CMDLine/command.c:312:5:Cmd_help_all	24	static
../Core/CMDLine/command.c:360:5:Cmd_help_cpoc	24	static
../Core/CMDLine/command.c:389:5:Cmd_help_pmu	24	static
../Core/CMDLine/command.c:417:5:Cmd_help_pdu	24	static
../Core/CMDLine/command.c:446:5:Cmd_help_cam	24	static
../Core/CMDLine/command.c:475:5:Cmd_help_iou	24	static
../Core/CMDLine/command.c:509:5:NotYetDefine	24	static
../Core/CMDLine/command.c:516:5:Cmd_splash	16	static
../Core/CMDLine/command.c:522:5:Cmd_status_now	168	static
../Core/CMDLine/command.c:564:5:Cmd_set_byte_rs422	72	static
../Core/CMDLine/command.c:590:5:Cmd_auto_report_ena	24	static
../Core/CMDLine/command.c:607:5:Cmd_rs422_report_ena	72	static
../Core/CMDLine/command.c:624:5:Cmd_swap_byte_ena	24	static
../Core/CMDLine/command.c:639:5:Cmd_swap_byte_dis	24	static
../Core/CMDLine/command.c:656:5:Cmd_memory_usage	168	static,ignoring_inline_asm
../Core/CMDLine/command.c:677:5:Cmd_time_get	160	static
../Core/CMDLine/command.c:689:5:Cmd_time_set	160	static
../Core/CMDLine/command.c:713:5:Cmd_cpoc_reset	16	static
../Core/CMDLine/command.c:739:5:Cmd_rf_ena	24	static
../Core/CMDLine/command.c:747:5:Cmd_rf_dis	24	static
../Core/CMDLine/command.c:758:6:command_create_task	8	static
../Core/CMDLine/command.c:763:6:command_send_splash	8	static
