../Drivers/CMSIS/Include/core_cm4.h:1938:34:__NVIC_SystemReset	4	static,ignoring_inline_asm
../Drivers/STM32F4xx_HAL_Driver/Inc/stm32f4xx_ll_gpio.h:852:26:LL_GPIO_IsOutputPinSet	16	static
../Drivers/STM32F4xx_HAL_Driver/Inc/stm32f4xx_ll_gpio.h:881:22:LL_GPIO_SetOutputPin	16	static
../Drivers/STM32F4xx_HAL_Driver/Inc/stm32f4xx_ll_gpio.h:910:22:LL_GPIO_ResetOutputPin	16	static
../Core/CMDLine/command.c:165:6:command_init	16	static
../Core/CMDLine/command.c:202:13:command_task_update	16	static
../Core/CMDLine/command.c:249:5:Cmd_help	24	static
../Core/CMDLine/command.c:272:5:Cmd_help_all	24	static
../Core/CMDLine/command.c:320:5:Cmd_help_cpoc	24	static
../Core/CMDLine/command.c:348:5:Cmd_help_pmu	24	static
../Core/CMDLine/command.c:375:5:Cmd_help_pdu	24	static
../Core/CMDLine/command.c:403:5:Cmd_help_cam	24	static
../Core/CMDLine/command.c:431:5:Cmd_help_iou	24	static
../Core/CMDLine/command.c:464:5:NotYetDefine	16	static
../Core/CMDLine/command.c:470:5:Cmd_splash	16	static
../Core/CMDLine/command.c:476:5:Cmd_status_now	160	static
../Core/CMDLine/command.c:516:5:Cmd_auto_report_ena	72	static
../Core/CMDLine/command.c:543:5:Cmd_auto_report_dis	16	static
../Core/CMDLine/command.c:554:5:Cmd_memory_usage	160	static,ignoring_inline_asm
../Core/CMDLine/command.c:574:5:Cmd_time_get	160	static
../Core/CMDLine/command.c:585:5:Cmd_time_set	160	static
../Core/CMDLine/command.c:609:5:Cmd_cpoc_reset	16	static
../Core/CMDLine/command.c:635:5:Cmd_rf_ena	16	static
../Core/CMDLine/command.c:642:5:Cmd_rf_dis	16	static
../Core/CMDLine/command.c:652:6:command_create_task	8	static
../Core/CMDLine/command.c:657:6:command_send_splash	8	static
