../Drivers/CMSIS/Include/core_cm4.h:1938:34:__NVIC_SystemReset	4	static,ignoring_inline_asm
../Drivers/STM32F4xx_HAL_Driver/Inc/stm32f4xx_ll_gpio.h:852:26:LL_GPIO_IsOutputPinSet	16	static
../Drivers/STM32F4xx_HAL_Driver/Inc/stm32f4xx_ll_gpio.h:881:22:LL_GPIO_SetOutputPin	16	static
../Drivers/STM32F4xx_HAL_Driver/Inc/stm32f4xx_ll_gpio.h:910:22:LL_GPIO_ResetOutputPin	16	static
../Core/CMDLine/command.c:169:6:command_init	16	static
../Core/CMDLine/command.c:232:13:command_task_update	16	static
../Core/CMDLine/command.c:259:6:process_command	24	static
../Core/CMDLine/command.c:308:5:Cmd_help	24	static
../Core/CMDLine/command.c:330:5:Cmd_help_all	24	static
../Core/CMDLine/command.c:378:5:Cmd_help_cpoc	24	static
../Core/CMDLine/command.c:407:5:Cmd_help_pmu	24	static
../Core/CMDLine/command.c:435:5:Cmd_help_pdu	24	static
../Core/CMDLine/command.c:464:5:Cmd_help_cam	24	static
../Core/CMDLine/command.c:493:5:Cmd_help_iou	24	static
../Core/CMDLine/command.c:527:5:NotYetDefine	24	static
../Core/CMDLine/command.c:534:5:Cmd_splash	16	static
../Core/CMDLine/command.c:540:5:Cmd_status_now	168	static
../Core/CMDLine/command.c:582:5:Cmd_set_byte_rs422	72	static
../Core/CMDLine/command.c:608:5:Cmd_auto_report_ena	24	static
../Core/CMDLine/command.c:625:5:Cmd_rs422_report_ena	72	static
../Core/CMDLine/command.c:641:5:Cmd_rf_report_ena	72	static
../Core/CMDLine/command.c:659:5:Cmd_swap_byte_ena	24	static
../Core/CMDLine/command.c:674:5:Cmd_swap_byte_dis	24	static
../Core/CMDLine/command.c:691:5:Cmd_memory_usage	168	static,ignoring_inline_asm
../Core/CMDLine/command.c:712:5:Cmd_time_get	160	static
../Core/CMDLine/command.c:724:5:Cmd_time_set	160	static
../Core/CMDLine/command.c:748:5:Cmd_cpoc_reset	16	static
../Core/CMDLine/command.c:774:5:Cmd_rf_ena	24	static
../Core/CMDLine/command.c:783:5:Cmd_rf_dis	24	static
../Core/CMDLine/command.c:792:5:Cmd_start_positioining	24	static
../Core/CMDLine/command.c:801:6:command_create_task	8	static
../Core/CMDLine/command.c:806:6:command_send_splash	8	static
