../Drivers/CMSIS/Include/core_cm4.h:1938:34:__NVIC_SystemReset	4	static,ignoring_inline_asm
../Drivers/STM32F4xx_HAL_Driver/Inc/stm32f4xx_ll_gpio.h:852:26:LL_GPIO_IsOutputPinSet	16	static
../Drivers/STM32F4xx_HAL_Driver/Inc/stm32f4xx_ll_gpio.h:881:22:LL_GPIO_SetOutputPin	16	static
../Drivers/STM32F4xx_HAL_Driver/Inc/stm32f4xx_ll_gpio.h:910:22:LL_GPIO_ResetOutputPin	16	static
../Core/CMDLine/command.c:165:6:command_init	16	static
../Core/CMDLine/command.c:218:13:command_task_update	16	static
../Core/CMDLine/command.c:239:6:process_command	24	static
../Core/CMDLine/command.c:280:5:Cmd_help	24	static
../Core/CMDLine/command.c:302:5:Cmd_help_all	24	static
../Core/CMDLine/command.c:350:5:Cmd_help_cpoc	24	static
../Core/CMDLine/command.c:379:5:Cmd_help_pmu	24	static
../Core/CMDLine/command.c:407:5:Cmd_help_pdu	24	static
../Core/CMDLine/command.c:436:5:Cmd_help_cam	24	static
../Core/CMDLine/command.c:465:5:Cmd_help_iou	24	static
../Core/CMDLine/command.c:499:5:NotYetDefine	24	static
../Core/CMDLine/command.c:506:5:Cmd_splash	16	static
../Core/CMDLine/command.c:512:5:Cmd_status_now	168	static
../Core/CMDLine/command.c:553:5:Cmd_auto_report_ena	80	static
../Core/CMDLine/command.c:580:5:Cmd_auto_report_dis	24	static
../Core/CMDLine/command.c:591:5:Cmd_memory_usage	168	static,ignoring_inline_asm
../Core/CMDLine/command.c:612:5:Cmd_time_get	160	static
../Core/CMDLine/command.c:624:5:Cmd_time_set	160	static
../Core/CMDLine/command.c:648:5:Cmd_cpoc_reset	16	static
../Core/CMDLine/command.c:674:5:Cmd_rf_ena	24	static
../Core/CMDLine/command.c:682:5:Cmd_rf_dis	24	static
../Core/CMDLine/command.c:693:6:command_create_task	8	static
../Core/CMDLine/command.c:698:6:command_send_splash	8	static
