../Drivers/CMSIS/Include/core_cm4.h:1938:34:__NVIC_SystemReset	4	static,ignoring_inline_asm
../Drivers/STM32F4xx_HAL_Driver/Inc/stm32f4xx_ll_gpio.h:852:26:LL_GPIO_IsOutputPinSet	16	static
../Drivers/STM32F4xx_HAL_Driver/Inc/stm32f4xx_ll_gpio.h:881:22:LL_GPIO_SetOutputPin	16	static
../Drivers/STM32F4xx_HAL_Driver/Inc/stm32f4xx_ll_gpio.h:910:22:LL_GPIO_ResetOutputPin	16	static
../Core/CMDLine/command.c:166:6:command_init	16	static
../Core/CMDLine/command.c:220:13:command_task_update	16	static
../Core/CMDLine/command.c:241:6:process_command	24	static
../Core/CMDLine/command.c:288:5:Cmd_help	24	static
../Core/CMDLine/command.c:310:5:Cmd_help_all	24	static
../Core/CMDLine/command.c:358:5:Cmd_help_cpoc	24	static
../Core/CMDLine/command.c:387:5:Cmd_help_pmu	24	static
../Core/CMDLine/command.c:415:5:Cmd_help_pdu	24	static
../Core/CMDLine/command.c:444:5:Cmd_help_cam	24	static
../Core/CMDLine/command.c:473:5:Cmd_help_iou	24	static
../Core/CMDLine/command.c:507:5:NotYetDefine	24	static
../Core/CMDLine/command.c:514:5:Cmd_splash	16	static
../Core/CMDLine/command.c:520:5:Cmd_status_now	168	static
../Core/CMDLine/command.c:562:5:Cmd_set_byte_rs422	72	static
../Core/CMDLine/command.c:588:5:Cmd_auto_report_ena	80	static
../Core/CMDLine/command.c:616:5:Cmd_rs422_report_ena	72	static
../Core/CMDLine/command.c:632:5:Cmd_memory_usage	168	static,ignoring_inline_asm
../Core/CMDLine/command.c:653:5:Cmd_time_get	160	static
../Core/CMDLine/command.c:665:5:Cmd_time_set	160	static
../Core/CMDLine/command.c:689:5:Cmd_cpoc_reset	16	static
../Core/CMDLine/command.c:715:5:Cmd_rf_ena	24	static
../Core/CMDLine/command.c:723:5:Cmd_rf_dis	24	static
../Core/CMDLine/command.c:734:6:command_create_task	8	static
../Core/CMDLine/command.c:739:6:command_send_splash	8	static
