../Drivers/STM32F4xx_HAL_Driver/Inc/stm32f4xx_ll_usart.h:1803:26:LL_USART_IsActiveFlag_TC	16	static
../Drivers/STM32F4xx_HAL_Driver/Inc/stm32f4xx_ll_usart.h:1814:26:LL_USART_IsActiveFlag_TXE	16	static
../Drivers/STM32F4xx_HAL_Driver/Inc/stm32f4xx_ll_usart.h:2035:22:LL_USART_EnableIT_RXNE	40	static,ignoring_inline_asm
../Drivers/STM32F4xx_HAL_Driver/Inc/stm32f4xx_ll_usart.h:2057:22:LL_USART_EnableIT_TXE	40	static,ignoring_inline_asm
../Drivers/STM32F4xx_HAL_Driver/Inc/stm32f4xx_ll_usart.h:2131:22:LL_USART_DisableIT_RXNE	40	static,ignoring_inline_asm
../Drivers/STM32F4xx_HAL_Driver/Inc/stm32f4xx_ll_usart.h:2153:22:LL_USART_DisableIT_TXE	40	static,ignoring_inline_asm
../Drivers/STM32F4xx_HAL_Driver/Inc/stm32f4xx_ll_usart.h:2426:22:LL_USART_TransmitData8	16	static
../BSP/uartstdio/uartstdio.c:161:1:IsBufferFull	32	static
../BSP/uartstdio/uartstdio.c:192:1:IsBufferEmpty	24	static
../BSP/uartstdio/uartstdio.c:223:1:GetBufferCount	32	static
../BSP/uartstdio/uartstdio.c:245:1:UARTPrimeTransmit	16	static
../BSP/uartstdio/uartstdio.c:300:1:UARTStdioConfig	16	static
../BSP/uartstdio/uartstdio.c:327:6:UARTStdioConfigWriteUart	16	static
../BSP/uartstdio/uartstdio.c:382:1:UARTwrite	24	static
../BSP/uartstdio/uartstdio.c:520:1:UARTgets	24	static
../BSP/uartstdio/uartstdio.c:737:1:UARTgetc	16	static
../BSP/uartstdio/uartstdio.c:811:1:UARTvprintf	64	static
../BSP/uartstdio/uartstdio.c:1243:1:UARTprintf	16	static
../BSP/uartstdio/uartstdio.c:1273:1:UARTRxBytesAvail	8	static
../BSP/uartstdio/uartstdio.c:1292:1:UARTTxBytesFree	8	static
../BSP/uartstdio/uartstdio.c:1319:1:UARTPeek	32	static
../BSP/uartstdio/uartstdio.c:1373:1:UARTFlushRx	8	static
../BSP/uartstdio/uartstdio.c:1416:1:UARTFlushTx	16	static
../BSP/uartstdio/uartstdio.c:1478:1:UARTEchoSet	16	static
../BSP/uartstdio/uartstdio.c:1498:1:UARTStdioIntHandler	24	static
../BSP/uartstdio/uartstdio.c:1678:6:UART_SendData	32	static
