../Drivers/STM32F4xx_HAL_Driver/Inc/stm32f4xx_ll_i2c.h:1060:22:LL_I2C_DisableIT_RX	16	static
../Drivers/STM32F4xx_HAL_Driver/Inc/stm32f4xx_ll_i2c.h:1262:26:LL_I2C_IsActiveFlag_RXNE	16	static
../Drivers/STM32F4xx_HAL_Driver/Inc/stm32f4xx_ll_i2c.h:1503:22:LL_I2C_ClearFlag_ADDR	24	static
../Drivers/STM32F4xx_HAL_Driver/Inc/stm32f4xx_ll_i2c.h:1674:22:LL_I2C_GenerateStartCondition	16	static
../Drivers/STM32F4xx_HAL_Driver/Inc/stm32f4xx_ll_i2c.h:1685:22:LL_I2C_GenerateStopCondition	16	static
../Drivers/STM32F4xx_HAL_Driver/Inc/stm32f4xx_ll_i2c.h:1835:25:LL_I2C_ReceiveData8	16	static
../Drivers/STM32F4xx_HAL_Driver/Inc/stm32f4xx_ll_i2c.h:1847:22:LL_I2C_TransmitData8	16	static
../Core/IMG_I2C/img_i2c.c:47:13:I2C_img_task_update	16	static
../Core/IMG_I2C/img_i2c.c:104:6:I2C_img_create_task	8	static
../Core/IMG_I2C/img_i2c.c:109:6:I2C3_IRQHandler	16	static
