../Scheduler/scheduler.c:53:25:SCH_TASK_GetTaskContext	16	static
../Scheduler/scheduler.c:70:6:SCH_Initialize	8	static
../Scheduler/scheduler.c:93:6:SCH_TIM_Start	16	static
../Scheduler/scheduler.c:110:10:SCH_TIM_HasCompleted	16	static
../Scheduler/scheduler.c:122:10:SCH_TASK_ResumeTask	24	static
../Scheduler/scheduler.c:144:10:SCH_TASK_StopTask	24	static
../Scheduler/scheduler.c:166:10:SCH_TASK_CreateTask	24	static
../Scheduler/scheduler.c:204:10:SCH_TIM_CreateTimer	24	static
../Scheduler/scheduler.c:239:10:SCH_TIM_RestartTimer	24	static
../Scheduler/scheduler.c:261:10:SCH_TIM_StopTimer	24	static
../Scheduler/scheduler.c:282:6:SCH_RunSystemTickTimer	24	static
../Scheduler/scheduler.c:356:6:SCH_StartSchedular	8	static
../Scheduler/scheduler.c:369:6:SCH_StopSchedular	8	static
../Scheduler/scheduler.c:385:6:SCH_HandleScheduledTask	24	static
../Scheduler/scheduler.c:449:10:SCH_SystemTick	4	static
