../Scheduler/scheduler.c:57:25:SCH_TASK_GetTaskContext	16	static
../Scheduler/scheduler.c:74:6:SCH_Initialize	8	static
../Scheduler/scheduler.c:97:6:SCH_TIM_Start	16	static
../Scheduler/scheduler.c:114:10:SCH_TIM_HasCompleted	16	static
../Scheduler/scheduler.c:126:10:SCH_TASK_ResumeTask	24	static
../Scheduler/scheduler.c:148:10:SCH_TASK_StopTask	24	static
../Scheduler/scheduler.c:170:10:SCH_TASK_CreateTask	24	static
../Scheduler/scheduler.c:208:10:SCH_TIM_CreateTimer	24	static
../Scheduler/scheduler.c:243:10:SCH_TIM_RestartTimer	24	static
../Scheduler/scheduler.c:265:10:SCH_TIM_StopTimer	24	static
../Scheduler/scheduler.c:286:6:SCH_RunSystemTickTimer	24	static
../Scheduler/scheduler.c:360:6:SCH_StartSchedular	8	static
../Scheduler/scheduler.c:373:6:SCH_StopSchedular	8	static
../Scheduler/scheduler.c:389:6:SCH_HandleScheduledTask	24	static
../Scheduler/scheduler.c:453:10:SCH_SystemTick	4	static
